--- Log iniciado em 13/07/2026 13:48:20 ---
[2026-07-13 13:48:20] [TID=16416] [INFO] [SYSTEM] Modo banco: INDUSTRIAL
[2026-07-13 13:48:20] [TID=16416] [INFO] [SYSTEM] Processando eventos
[2026-07-13 13:48:20] [TID=11176] [ERROR] [AUTH] Mensagem: Nenhum integrador foi encontrado. Verifique.
--- Log iniciado em 13/07/2026 14:01:17 ---
[2026-07-13 14:01:17] [TID=19792] [INFO] [SYSTEM] Modo banco: INDUSTRIAL
[2026-07-13 14:01:17] [TID=19792] [INFO] [SYSTEM] Processando eventos
[2026-07-13 14:01:17] [TID=21792] [INFO] [SYSTEM] Registros pendentes: 0
[2026-07-13 14:01:17] [TID=21792] [INFO] [SYNC] ========== RESUMO ==========
[2026-07-13 14:01:17] [TID=21792] [INFO] [SYNC] ============================
[2026-07-13 14:01:28] [TID=17664] [INFO] [AUTH] Autenticado com sucesso | filial=000001
[2026-07-13 14:01:29] [TID=17664] [INFO] [EXPORT] 14:01:29 | Enviando lote com 788 registro(s) (788 de 788)
[2026-07-13 14:01:29] [TID=17664] [INFO] [EXPORT] 14:01:29 | Lote falhou: 400: {"code":"error","message":"Bad control character in string literal in JSON at position 117587 (line 1 column 117588)"}
[2026-07-13 14:01:29] [TID=17664] [ERROR] [EXPORT] 788 registro(s) com erro em 0,5s - Erro em Clientes: 400: {"code":"error","message":"Bad control character in string literal in JSON at position 117587 (line 1 column 117588)"}
--- Log iniciado em 13/07/2026 14:53:20 ---
[2026-07-13 14:53:20] [TID=10452] [INFO] [SYSTEM] Modo banco: INDUSTRIAL
[2026-07-13 14:53:20] [TID=10452] [INFO] [SYSTEM] Processando eventos
[2026-07-13 14:53:20] [TID=18504] [INFO] [SYSTEM] Registros pendentes: 0
[2026-07-13 14:53:20] [TID=18504] [INFO] [SYNC] ========== RESUMO ==========
[2026-07-13 14:53:20] [TID=18504] [INFO] [SYNC] ============================
[2026-07-13 14:53:41] [TID=3820] [ERROR] [AUTH] API retornou: 400 | filial=000001
[2026-07-13 14:53:41] [TID=3820] [INFO] [EXPORT] 14:53:41 | Enviando lote com 788 registro(s) (788 de 788)
[2026-07-13 14:53:41] [TID=3820] [INFO] [EXPORT] 14:53:41 | Lote falhou: 400: {"code":"error","message":"Bad control character in string literal in JSON at position 117587 (line 1 column 117588)"}
[2026-07-13 14:53:41] [TID=3820] [ERROR] [EXPORT] 788 registro(s) com erro em 0,1s - Erro em Clientes: 400: {"code":"error","message":"Bad control character in string literal in JSON at position 117587 (line 1 column 117588)"}
--- Log iniciado em 13/07/2026 14:54:08 ---
[2026-07-13 14:54:08] [TID=5696] [INFO] [SYSTEM] Modo banco: INDUSTRIAL
[2026-07-13 14:54:08] [TID=5696] [INFO] [SYSTEM] Processando eventos
[2026-07-13 14:54:08] [TID=19368] [INFO] [SYSTEM] Registros pendentes: 0
[2026-07-13 14:54:08] [TID=19368] [INFO] [SYNC] ========== RESUMO ==========
[2026-07-13 14:54:08] [TID=19368] [INFO] [SYNC] ============================
[2026-07-13 14:55:29] [TID=12364] [ERROR] [AUTH] API retornou: 400 | filial=000001
[2026-07-13 14:55:29] [TID=12364] [INFO] [EXPORT] 14:55:29 | Enviando lote com 788 registro(s) (788 de 788)
[2026-07-13 14:55:29] [TID=12364] [INFO] [EXPORT] 14:55:29 | Lote falhou: 400: {"code":"error","message":"Bad control character in string literal in JSON at position 117587 (line 1 column 117588)"}
[2026-07-13 14:55:29] [TID=12364] [ERROR] [EXPORT] 788 registro(s) com erro em 0,1s - Erro em Clientes: 400: {"code":"error","message":"Bad control character in string literal in JSON at position 117587 (line 1 column 117588)"}
--- Log iniciado em 13/07/2026 14:56:39 ---
[2026-07-13 14:56:39] [TID=2676] [INFO] [SYSTEM] Modo banco: INDUSTRIAL
[2026-07-13 14:56:39] [TID=2676] [INFO] [SYSTEM] Processando eventos
[2026-07-13 14:56:39] [TID=14152] [INFO] [SYSTEM] Registros pendentes: 0
[2026-07-13 14:56:39] [TID=14152] [INFO] [SYNC] ========== RESUMO ==========
[2026-07-13 14:56:39] [TID=14152] [INFO] [SYNC] ============================
[2026-07-13 14:56:47] [TID=22364] [ERROR] [AUTH] API retornou: 400 | filial=000001
[2026-07-13 14:56:47] [TID=22364] [INFO] [EXPORT] 14:56:47 | Enviando lote com 788 registro(s) (788 de 788)
[2026-07-13 14:56:47] [TID=22364] [INFO] [EXPORT] 14:56:47 | Lote falhou: 400: {"code":"error","message":"Bad control character in string literal in JSON at position 117587 (line 1 column 117588)"}
[2026-07-13 14:56:47] [TID=22364] [ERROR] [EXPORT] 788 registro(s) com erro em 0,0s - Erro em Clientes: 400: {"code":"error","message":"Bad control character in string literal in JSON at position 117587 (line 1 column 117588)"}
--- Log iniciado em 13/07/2026 14:57:05 ---
[2026-07-13 14:57:05] [TID=4056] [INFO] [SYSTEM] Modo banco: INDUSTRIAL
[2026-07-13 14:57:05] [TID=4056] [INFO] [SYSTEM] Processando eventos
[2026-07-13 14:57:05] [TID=16224] [INFO] [SYSTEM] Registros pendentes: 0
[2026-07-13 14:57:05] [TID=16224] [INFO] [SYNC] ========== RESUMO ==========
[2026-07-13 14:57:05] [TID=16224] [INFO] [SYNC] ============================
--- Log iniciado em 13/07/2026 14:59:12 ---
[2026-07-13 14:59:12] [TID=21088] [INFO] [SYSTEM] Modo banco: INDUSTRIAL
[2026-07-13 14:59:12] [TID=21088] [INFO] [SYSTEM] Processando eventos
[2026-07-13 14:59:12] [TID=23024] [INFO] [SYSTEM] Registros pendentes: 0
[2026-07-13 14:59:12] [TID=23024] [INFO] [SYNC] ========== RESUMO ==========
[2026-07-13 14:59:12] [TID=23024] [INFO] [SYNC] ============================
[2026-07-13 14:59:23] [TID=2372] [ERROR] [AUTH] Falha na autenticacao: Falha na autenticacao. API retornou status: 400 | filial=000001
[2026-07-13 14:59:23] [TID=2372] [INFO] [EXPORT] 14:59:23 | Enviando lote com 788 registro(s) (788 de 788)
[2026-07-13 14:59:23] [TID=2372] [INFO] [EXPORT] 14:59:23 | Lote falhou: 400: {"code":"error","message":"Bad control character in string literal in JSON at position 117587 (line 1 column 117588)"}
[2026-07-13 14:59:23] [TID=2372] [ERROR] [EXPORT] 788 registro(s) com erro em 0,1s - Erro em Clientes: 400: {"code":"error","message":"Bad control character in string literal in JSON at position 117587 (line 1 column 117588)"}
--- Log iniciado em 13/07/2026 15:02:15 ---
[2026-07-13 15:02:15] [TID=17788] [INFO] [SYSTEM] Modo banco: INDUSTRIAL
[2026-07-13 15:02:15] [TID=17788] [INFO] [SYSTEM] Processando eventos
[2026-07-13 15:02:15] [TID=9944] [INFO] [SYSTEM] Registros pendentes: 0
[2026-07-13 15:02:15] [TID=9944] [INFO] [SYNC] ========== RESUMO ==========
[2026-07-13 15:02:15] [TID=9944] [INFO] [SYNC] ============================
[2026-07-13 15:02:34] [TID=13508] [ERROR] [AUTH] Falha na autenticacao: Falha na autenticacao. Status: 400 - {"statusCode":400,"code":"FST_ERR_VALIDATION","error":"Bad Request","message":"body must have required property 'code'"} | filial=000001
--- Log iniciado em 13/07/2026 15:12:10 ---
[2026-07-13 15:12:10] [TID=20272] [INFO] [SYSTEM] Modo banco: INDUSTRIAL
[2026-07-13 15:12:10] [TID=20272] [INFO] [SYSTEM] Processando eventos
[2026-07-13 15:12:10] [TID=16152] [INFO] [SYSTEM] Registros pendentes: 0
[2026-07-13 15:12:10] [TID=16152] [INFO] [SYNC] ========== RESUMO ==========
[2026-07-13 15:12:10] [TID=16152] [INFO] [SYNC] ============================
[2026-07-13 15:12:32] [TID=4820] [ERROR] [AUTH] Falha na autenticacao: Falha na autenticacao. Status: 400 - {"code":"validation_error","message":"Request validation failed","details":[{"path":"required","message":"must have required property 'tenant_doc'","received":"{\"email\":\"thiagomoreira800@gmail.com\",\"password\":\"UEdTdyaFllWWZuDoZJCTBVLoQq2bDaeV*\",\"tenantDoc \":\"31003063000125\"}"}]} | filial=000001
--- Log iniciado em 13/07/2026 15:13:39 ---
[2026-07-13 15:13:39] [TID=23192] [INFO] [SYSTEM] Modo banco: INDUSTRIAL
[2026-07-13 15:13:39] [TID=23192] [INFO] [SYSTEM] Processando eventos
[2026-07-13 15:13:39] [TID=2456] [INFO] [SYSTEM] Registros pendentes: 0
[2026-07-13 15:13:39] [TID=2456] [INFO] [SYNC] ========== RESUMO ==========
[2026-07-13 15:13:39] [TID=2456] [INFO] [SYNC] ============================
[2026-07-13 15:13:46] [TID=22748] [ERROR] [AUTH] Falha na autenticacao: [FireDAC][Phys][FB]deadlock
update conflicts with concurrent update
concurrent transaction number is 639857 | filial=000001
--- Log iniciado em 13/07/2026 15:14:31 ---
[2026-07-13 15:14:31] [TID=15732] [INFO] [SYSTEM] Modo banco: INDUSTRIAL
[2026-07-13 15:14:31] [TID=15732] [INFO] [SYSTEM] Processando eventos
[2026-07-13 15:14:31] [TID=17504] [INFO] [SYSTEM] Registros pendentes: 0
[2026-07-13 15:14:31] [TID=17504] [INFO] [SYNC] ========== RESUMO ==========
[2026-07-13 15:14:31] [TID=17504] [INFO] [SYNC] ============================
[2026-07-13 15:14:36] [TID=18508] [INFO] [AUTH] Autenticado com sucesso | filial=000001
[2026-07-13 15:14:36] [TID=18508] [INFO] [EXPORT] 15:14:36 | Enviando lote com 788 registro(s) (788 de 788)
[2026-07-13 15:14:36] [TID=18508] [INFO] [EXPORT] 15:14:36 | Lote falhou: 400: {"code":"error","message":"Bad control character in string literal in JSON at position 117587 (line 1 column 117588)"}
[2026-07-13 15:14:36] [TID=18508] [ERROR] [EXPORT] 788 registro(s) com erro em 0,2s - Erro em Clientes: 400: {"code":"error","message":"Bad control character in string literal in JSON at position 117587 (line 1 column 117588)"}
--- Log iniciado em 13/07/2026 15:22:35 ---
[2026-07-13 15:22:35] [TID=19620] [INFO] [SYSTEM] Modo banco: INDUSTRIAL
[2026-07-13 15:22:35] [TID=19620] [INFO] [SYSTEM] Processando eventos
[2026-07-13 15:22:35] [TID=12840] [INFO] [SYSTEM] Registros pendentes: 0
[2026-07-13 15:22:35] [TID=12840] [INFO] [SYNC] ========== RESUMO ==========
[2026-07-13 15:22:35] [TID=12840] [INFO] [SYNC] ============================
[2026-07-13 15:22:40] [TID=7876] [INFO] [EXPORT] 15:22:40 | Enviando lote com 788 registro(s) (788 de 788)
[2026-07-13 15:22:40] [TID=7876] [INFO] [EXPORT] 15:22:40 | Lote falhou: 400: {"code":"error","message":"Bad control character in string literal in JSON at position 117587 (line 1 column 117588)"}
[2026-07-13 15:22:40] [TID=7876] [ERROR] [EXPORT] 788 registro(s) com erro em 0,2s - Erro em Clientes: 400: {"code":"error","message":"Bad control character in string literal in JSON at position 117587 (line 1 column 117588)"}
--- Log iniciado em 13/07/2026 15:25:58 ---
[2026-07-13 15:25:58] [TID=22092] [INFO] [SYSTEM] Modo banco: INDUSTRIAL
[2026-07-13 15:25:58] [TID=22092] [INFO] [SYSTEM] Processando eventos
[2026-07-13 15:25:58] [TID=6636] [INFO] [SYSTEM] Registros pendentes: 0
[2026-07-13 15:25:58] [TID=6636] [INFO] [SYNC] ========== RESUMO ==========
[2026-07-13 15:25:58] [TID=6636] [INFO] [SYNC] ============================
[2026-07-13 15:26:01] [TID=14524] [INFO] [EXPORT] 15:26:01 | Enviando lote com 788 registro(s) (788 de 788)
[2026-07-13 15:26:02] [TID=14524] [INFO] [EXPORT] 15:26:02 | Lote falhou: 400: {"code":"error","message":"Bad control character in string literal in JSON at position 117587 (line 1 column 117588)"}
[2026-07-13 15:26:02] [TID=14524] [ERROR] [EXPORT] 788 registro(s) com erro em 0,4s - Erro em Clientes: 400: {"code":"error","message":"Bad control character in string literal in JSON at position 117587 (line 1 column 117588)"}
[2026-07-13 15:27:59] [TID=19512] [INFO] [EXPORT] 15:27:59 | Enviando lote com 788 registro(s) (788 de 788)
[2026-07-13 15:27:59] [TID=19512] [INFO] [EXPORT] 15:27:59 | Lote falhou: 400: {"code":"error","message":"Bad control character in string literal in JSON at position 117587 (line 1 column 117588)"}
[2026-07-13 15:27:59] [TID=19512] [ERROR] [EXPORT] 788 registro(s) com erro em 0,1s - Erro em Clientes: 400: {"code":"error","message":"Bad control character in string literal in JSON at position 117587 (line 1 column 117588)"}
[2026-07-13 15:31:06] [TID=19420] [INFO] [AUTH] Autenticado com sucesso | filial=000001
[2026-07-13 15:31:06] [TID=19420] [INFO] [EXPORT] 15:31:06 | Enviando lote com 788 registro(s) (788 de 788)
[2026-07-13 15:31:06] [TID=19420] [INFO] [EXPORT] 15:31:06 | Lote falhou: 400: {"code":"error","message":"Bad control character in string literal in JSON at position 117587 (line 1 column 117588)"}
[2026-07-13 15:31:06] [TID=19420] [ERROR] [EXPORT] 788 registro(s) com erro em 0,1s - Erro em Clientes: 400: {"code":"error","message":"Bad control character in string literal in JSON at position 117587 (line 1 column 117588)"}
[2026-07-13 15:34:27] [TID=13732] [INFO] [EXPORT] 15:34:27 | Enviando lote com 788 registro(s) (788 de 788)
[2026-07-13 15:34:27] [TID=13732] [INFO] [EXPORT] 15:34:27 | Lote falhou: 400: {"statusCode":400,"error":"Bad Request","message":"Bad control character in string literal in JSON at position 117587 (line 1 column 117588)"}
[2026-07-13 15:34:27] [TID=13732] [ERROR] [EXPORT] 788 registro(s) com erro em 0,1s - Erro em Clientes: 400: {"statusCode":400,"error":"Bad Request","message":"Bad control character in string literal in JSON at position 117587 (line 1 column 117588)"}
[2026-07-13 15:38:07] [TID=20424] [INFO] [EXPORT] 15:38:07 | Enviando lote com 788 registro(s) (788 de 788)
[2026-07-13 15:38:07] [TID=20424] [INFO] [EXPORT] 15:38:07 | Lote falhou: 400: {"statusCode":400,"error":"Bad Request","message":"Bad control character in string literal in JSON at position 117587 (line 1 column 117588)"}
[2026-07-13 15:38:07] [TID=20424] [ERROR] [EXPORT] 788 registro(s) com erro em 0,1s - Erro em Clientes: 400: {"statusCode":400,"error":"Bad Request","message":"Bad control character in string literal in JSON at position 117587 (line 1 column 117588)"}
[2026-07-13 15:39:48] [TID=21396] [INFO] [EXPORT] 15:39:48 | Enviando lote com 788 registro(s) (788 de 788)
[2026-07-13 15:39:48] [TID=21396] [INFO] [EXPORT] 15:39:48 | Lote falhou: 400: {"statusCode":400,"error":"Bad Request","message":"Bad control character in string literal in JSON at position 117587 (line 1 column 117588)"}
[2026-07-13 15:39:48] [TID=21396] [ERROR] [EXPORT] 788 registro(s) com erro em 0,1s - Erro em Clientes: 400: {"statusCode":400,"error":"Bad Request","message":"Bad control character in string literal in JSON at position 117587 (line 1 column 117588)"}
[2026-07-13 15:40:40] [TID=1296] [INFO] [EXPORT] 15:40:40 | Enviando lote com 788 registro(s) (788 de 788)
[2026-07-13 15:40:45] [TID=1296] [INFO] [EXPORT] 15:40:45 | Lote falhou: 400: {"statusCode":400,"error":"Bad Request","message":"Bad control character in string literal in JSON at position 117587 (line 1 column 117588)"}
[2026-07-13 15:40:45] [TID=1296] [ERROR] [EXPORT] 788 registro(s) com erro em 38,6s - Erro em Clientes: 400: {"statusCode":400,"error":"Bad Request","message":"Bad control character in string literal in JSON at position 117587 (line 1 column 117588)"}
[2026-07-13 15:41:03] [TID=7856] [INFO] [EXPORT] 15:41:03 | Enviando lote com 788 registro(s) (788 de 788)
[2026-07-13 15:42:42] [TID=7856] [INFO] [EXPORT] 15:42:42 | Lote falhou: 400: {"statusCode":400,"error":"Bad Request","message":"Bad control character in string literal in JSON at position 117587 (line 1 column 117588)"}
[2026-07-13 15:42:42] [TID=7856] [ERROR] [EXPORT] 788 registro(s) com erro em 111,3s - Erro em Clientes: 400: {"statusCode":400,"error":"Bad Request","message":"Bad control character in string literal in JSON at position 117587 (line 1 column 117588)"}
[2026-07-13 15:42:50] [TID=22928] [INFO] [EXPORT] 15:42:50 | Enviando lote com 788 registro(s) (788 de 788)
[2026-07-13 15:43:35] [TID=22928] [INFO] [EXPORT] 15:43:35 | Lote falhou: 400: {"statusCode":400,"error":"Bad Request","message":"Bad control character in string literal in JSON at position 117587 (line 1 column 117588)"}
[2026-07-13 15:43:45] [TID=22928] [ERROR] [EXPORT] 788 registro(s) com erro em 60,7s - Erro em Clientes: 400: {"statusCode":400,"error":"Bad Request","message":"Bad control character in string literal in JSON at position 117587 (line 1 column 117588)"}
[2026-07-13 15:44:05] [TID=22092] [INFO] [SYSTEM] Processando eventos
[2026-07-13 15:44:05] [TID=22348] [INFO] [SYSTEM] Registros pendentes: 1
[2026-07-13 15:44:05] [TID=22348] [INFO] [SYNC] Evento sincronizado com sucesso | codseq=1 | coderecord=000004 | tabela=C000007
[2026-07-13 15:44:06] [TID=22348] [INFO] [SYNC] ========== RESUMO ==========
[2026-07-13 15:44:06] [TID=22348] [INFO] [SYNC] Tabela C000007 - Sucesso: 1  Erro: 0
[2026-07-13 15:44:06] [TID=22348] [INFO] [SYNC] ============================
[2026-07-13 15:45:28] [TID=22092] [INFO] [SYSTEM] Processando eventos
[2026-07-13 15:45:29] [TID=4576] [INFO] [SYSTEM] Registros pendentes: 1
[2026-07-13 15:45:29] [TID=4576] [INFO] [SYNC] Evento sincronizado com sucesso | codseq=2 | coderecord=000004 | tabela=C000007
[2026-07-13 15:45:30] [TID=4576] [INFO] [SYNC] ========== RESUMO ==========
[2026-07-13 15:45:30] [TID=4576] [INFO] [SYNC] Tabela C000007 - Sucesso: 1  Erro: 0
[2026-07-13 15:45:30] [TID=4576] [INFO] [SYNC] ============================
[2026-07-13 15:48:30] [TID=12276] [INFO] [AUTH] Autenticado com sucesso | filial=000001
[2026-07-13 15:48:30] [TID=12276] [INFO] [EXPORT] 15:48:30 | Enviando lote com 787 registro(s) (787 de 787)
[2026-07-13 15:49:01] [TID=12276] [INFO] [EXPORT] 15:49:01 | Lote falhou: 400: {"statusCode":400,"error":"Bad Request","message":"Bad control character in string literal in JSON at position 117071 (line 1 column 117072)"}
[2026-07-13 15:49:01] [TID=12276] [ERROR] [EXPORT] 787 registro(s) com erro em 30,9s - Erro em Clientes: 400: {"statusCode":400,"error":"Bad Request","message":"Bad control character in string literal in JSON at position 117071 (line 1 column 117072)"}
--- Log iniciado em 13/07/2026 15:50:04 ---
[2026-07-13 15:50:04] [TID=17124] [INFO] [SYSTEM] Modo banco: INDUSTRIAL
[2026-07-13 15:50:04] [TID=17124] [INFO] [SYSTEM] Processando eventos
[2026-07-13 15:50:04] [TID=14384] [INFO] [SYSTEM] Registros pendentes: 0
[2026-07-13 15:50:04] [TID=14384] [INFO] [SYNC] ========== RESUMO ==========
[2026-07-13 15:50:04] [TID=14384] [INFO] [SYNC] ============================
[2026-07-13 15:50:07] [TID=22508] [INFO] [EXPORT] 15:50:07 | Enviando lote com 787 registro(s) (787 de 787)
[2026-07-13 15:50:09] [TID=22508] [INFO] [EXPORT] 15:50:09 | Lote falhou: 400: {"statusCode":400,"error":"Bad Request","message":"Bad control character in string literal in JSON at position 117071 (line 1 column 117072)"}
[2026-07-13 15:50:09] [TID=22508] [ERROR] [EXPORT] 787 registro(s) com erro em 2,7s - Erro em Clientes: 400: {"statusCode":400,"error":"Bad Request","message":"Bad control character in string literal in JSON at position 117071 (line 1 column 117072)"}
--- Log iniciado em 13/07/2026 15:56:17 ---
[2026-07-13 15:56:17] [TID=23444] [INFO] [SYSTEM] Modo banco: INDUSTRIAL
[2026-07-13 15:56:17] [TID=23444] [INFO] [SYSTEM] Processando eventos
[2026-07-13 15:56:18] [TID=18660] [INFO] [SYSTEM] Registros pendentes: 0
[2026-07-13 15:56:18] [TID=18660] [INFO] [SYNC] ========== RESUMO ==========
[2026-07-13 15:56:18] [TID=18660] [INFO] [SYNC] ============================
[2026-07-13 15:56:22] [TID=14992] [INFO] [EXPORT] 15:56:22 | Enviando lote com 787 registro(s) (787 de 787)
[2026-07-13 15:56:22] [TID=14992] [WARN] [SYSTEM] Sanitize removeu 2 char(s) [] em C000007.batch
[2026-07-13 15:56:24] [TID=14992] [INFO] [EXPORT] 15:56:24 | Lote de 787 registro(s) enviado com sucesso
[2026-07-13 15:56:25] [TID=14992] [INFO] [EXPORT] 787 registro(s) sincronizado(s) em 3,0s - Clientes sincronizados com sucesso
[2026-07-13 15:58:09] [TID=2416] [INFO] [EXPORT] 0 registro(s) sincronizado(s) em 0,0s - Clientes sincronizados com sucesso
[2026-07-13 15:59:40] [TID=23444] [INFO] [SYSTEM] Processando eventos
[2026-07-13 15:59:40] [TID=2964] [INFO] [SYSTEM] Registros pendentes: 0
[2026-07-13 15:59:40] [TID=2964] [INFO] [SYNC] ========== RESUMO ==========
[2026-07-13 15:59:40] [TID=2964] [INFO] [SYNC] ============================
[2026-07-13 15:59:43] [TID=13824] [INFO] [EXPORT] 15:59:43 | Enviando lote com 788 registro(s) (788 de 788)
[2026-07-13 15:59:43] [TID=13824] [WARN] [SYSTEM] Sanitize removeu 2 char(s) [] em C000007.batch
[2026-07-13 15:59:44] [TID=13824] [INFO] [EXPORT] 15:59:44 | Lote falhou: 409: {"code":"duplicate_codigoerp","message":"Cliente 000001 já existe para este tenant"}
[2026-07-13 15:59:44] [TID=13824] [ERROR] [EXPORT] 788 registro(s) com erro em 0,3s - Erro em Clientes: 409: {"code":"duplicate_codigoerp","message":"Cliente 000001 já existe para este tenant"}
[2026-07-13 16:01:45] [TID=22708] [INFO] [EXPORT] 16:01:45 | Enviando lote com 788 registro(s) (788 de 788)
[2026-07-13 16:01:45] [TID=22708] [WARN] [SYSTEM] Sanitize removeu 2 char(s) [] em C000007.batch
[2026-07-13 16:01:46] [TID=22708] [INFO] [EXPORT] 16:01:46 | Lote de 788 registro(s) enviado com sucesso
[2026-07-13 16:01:47] [TID=22708] [INFO] [EXPORT] 788 registro(s) sincronizado(s) em 2,0s - Clientes sincronizados com sucesso
[2026-07-13 16:02:43] [TID=23444] [INFO] [SYSTEM] Processando eventos
[2026-07-13 16:02:43] [TID=23136] [INFO] [SYSTEM] Registros pendentes: 1
[2026-07-13 16:02:43] [TID=23136] [INFO] [SYNC] Evento sincronizado com sucesso | codseq=1579 | coderecord=000004 | tabela=C000007
[2026-07-13 16:02:44] [TID=23136] [INFO] [SYNC] ========== RESUMO ==========
[2026-07-13 16:02:44] [TID=23136] [INFO] [SYNC] Tabela C000007 - Sucesso: 1  Erro: 0
[2026-07-13 16:02:44] [TID=23136] [INFO] [SYNC] ============================
--- Log iniciado em 13/07/2026 16:09:37 ---
[2026-07-13 16:09:37] [TID=19388] [INFO] [SYSTEM] Modo banco: INDUSTRIAL
[2026-07-13 16:09:37] [TID=19388] [INFO] [SYSTEM] Processando eventos
[2026-07-13 16:09:37] [TID=16640] [INFO] [SYSTEM] Registros pendentes: 0
[2026-07-13 16:09:37] [TID=16640] [INFO] [SYNC] === RESUMO ===
[2026-07-13 16:09:50] [TID=14688] [INFO] [AUTH] Autenticado com sucesso | filial=000001
[2026-07-13 16:09:50] [TID=14688] [INFO] [EXPORT] 16:09:50 | Enviando lote com 788 registro(s) (788 de 788)
[2026-07-13 16:09:50] [TID=14688] [WARN] [SYSTEM] Sanitize removeu 2 char(s) [] em C000007.batch
[2026-07-13 16:09:51] [TID=14688] [INFO] [EXPORT] 16:09:51 | Lote de 788 registro(s) enviado com sucesso
[2026-07-13 16:09:52] [TID=14688] [INFO] [EXPORT] 788 registro(s) sincronizado(s) em 2,2s - Clientes sincronizados com sucesso
[2026-07-13 16:10:52] [TID=19388] [INFO] [SYSTEM] Processando eventos
[2026-07-13 16:10:52] [TID=19104] [INFO] [SYSTEM] Registros pendentes: 4
[2026-07-13 16:10:52] [TID=19104] [INFO] [SYNC] Evento sincronizado com sucesso | codseq=2368 | coderecord=000004 | tabela=C000007
[2026-07-13 16:10:53] [TID=19104] [INFO] [SYNC] Evento sincronizado com sucesso | codseq=2369 | coderecord=000007 | tabela=C000007
[2026-07-13 16:10:54] [TID=19104] [INFO] [SYNC] Evento sincronizado com sucesso | codseq=2370 | coderecord=000012 | tabela=C000007
[2026-07-13 16:10:55] [TID=19104] [INFO] [SYNC] Evento sincronizado com sucesso | codseq=2371 | coderecord=000018 | tabela=C000007
[2026-07-13 16:10:56] [TID=19104] [INFO] [SYNC] === RESUMO === Tabela C000007 - Sucesso: 4  Erro: 0
--- Log iniciado em 13/07/2026 16:21:58 ---
[2026-07-13 16:21:58] [TID=3976] [INFO] [SYSTEM] Modo banco: INDUSTRIAL
[2026-07-13 16:21:58] [TID=3976] [INFO] [SYSTEM] Processando eventos
[2026-07-13 16:21:58] [TID=9536] [INFO] [SYSTEM] Registros pendentes: 1
[2026-07-13 16:21:58] [TID=9536] [ERROR] [AUTH] Integrador não cadastrado ou desabilitado | filial=
[2026-07-13 16:21:59] [TID=9536] [INFO] [SYNC] === RESUMO ===
[2026-07-13 16:30:54] [TID=3976] [INFO] [SYSTEM] Processando eventos
[2026-07-13 16:30:55] [TID=19376] [INFO] [SYSTEM] Registros pendentes: 1
[2026-07-13 16:30:55] [TID=19376] [ERROR] [AUTH] Integrador não cadastrado ou desabilitado | filial=000002
[2026-07-13 16:30:56] [TID=19376] [INFO] [SYNC] === RESUMO ===
--- Log iniciado em 13/07/2026 16:36:17 ---
[2026-07-13 16:36:17] [TID=21044] [INFO] [SYSTEM] Modo banco: INDUSTRIAL
[2026-07-13 16:36:17] [TID=21044] [INFO] [SYSTEM] Processando eventos
[2026-07-13 16:36:17] [TID=19148] [INFO] [SYSTEM] Registros pendentes: 1
[2026-07-13 16:36:17] [TID=19148] [ERROR] [SYNC] Sem mapper para tabela C000003: Nenhum mapper registrado para tabela "C000003" | codseq=2373 | coderecord=000999 | tabela=C000003
[2026-07-13 16:36:18] [TID=19148] [INFO] [SYNC] === RESUMO === Tabela C000003 - Sucesso: 0  Erro: 1
[2026-07-13 16:37:20] [TID=21044] [INFO] [SYSTEM] Processando eventos
[2026-07-13 16:37:20] [TID=23512] [INFO] [SYSTEM] Registros pendentes: 1
[2026-07-13 16:37:20] [TID=23512] [ERROR] [SYNC] Sem mapper para tabela C000003: Nenhum mapper registrado para tabela "C000003" | codseq=2374 | coderecord=000999 | tabela=C000003
[2026-07-13 16:37:21] [TID=23512] [INFO] [SYNC] === RESUMO === Tabela C000003 - Sucesso: 0  Erro: 1
[2026-07-13 16:39:53] [TID=21044] [INFO] [SYSTEM] Processando eventos
[2026-07-13 16:39:53] [TID=7480] [INFO] [SYSTEM] Registros pendentes: 2
[2026-07-13 16:39:53] [TID=7480] [ERROR] [SYNC] Sem mapper para tabela C000003: Nenhum mapper registrado para tabela "C000003" | codseq=2374 | coderecord=000999 | tabela=C000003
[2026-07-13 16:39:55] [TID=7480] [ERROR] [AUTH] Falha na autenticacao: Falha na autenticacao. Status: 403 - {"code":"subscription_inactive","message":"Application not contracted"} | filial=000002
[2026-07-13 16:39:55] [TID=7480] [ERROR] [SYNC] Falha no sync: Falha na autenticacao. Status: 403 - {"code":"subscription_inactive","message":"Application not contracted"} | codseq=2375 | coderecord=000841 | tabela=C000007
[2026-07-13 16:39:56] [TID=7480] [INFO] [SYNC] === RESUMO === Tabela C000003 - Sucesso: 0  Erro: 1 | Tabela C000007 - Sucesso: 0  Erro: 1
--- Log iniciado em 13/07/2026 16:40:25 ---
[2026-07-13 16:40:25] [TID=19280] [INFO] [SYSTEM] Modo banco: INDUSTRIAL
[2026-07-13 16:40:25] [TID=19280] [INFO] [SYSTEM] Processando eventos
[2026-07-13 16:40:25] [TID=17168] [INFO] [SYSTEM] Registros pendentes: 2
[2026-07-13 16:40:25] [TID=17168] [ERROR] [SYNC] Sem mapper para tabela C000003: Nenhum mapper registrado para tabela "C000003" | codseq=2374 | coderecord=000999 | tabela=C000003
[2026-07-13 16:40:27] [TID=17168] [ERROR] [AUTH] Falha na autenticacao: Falha na autenticacao. Status: 403 - {"code":"no_app_access","message":"You do not have access to this application"} | filial=000002
[2026-07-13 16:40:27] [TID=17168] [ERROR] [SYNC] Falha no sync: Falha na autenticacao. Status: 403 - {"code":"no_app_access","message":"You do not have access to this application"} | codseq=2375 | coderecord=000841 | tabela=C000007
[2026-07-13 16:40:28] [TID=17168] [INFO] [SYNC] === RESUMO === Tabela C000003 - Sucesso: 0  Erro: 1 | Tabela C000007 - Sucesso: 0  Erro: 1
--- Log iniciado em 13/07/2026 16:40:45 ---
[2026-07-13 16:40:45] [TID=16932] [INFO] [SYSTEM] Modo banco: INDUSTRIAL
[2026-07-13 16:40:45] [TID=16932] [INFO] [SYSTEM] Processando eventos
[2026-07-13 16:40:45] [TID=9756] [INFO] [SYSTEM] Registros pendentes: 2
[2026-07-13 16:40:45] [TID=9756] [ERROR] [SYNC] Sem mapper para tabela C000003: Nenhum mapper registrado para tabela "C000003" | codseq=2374 | coderecord=000999 | tabela=C000003
[2026-07-13 16:40:46] [TID=9756] [INFO] [AUTH] Autenticado com sucesso | filial=000002
[2026-07-13 16:40:46] [TID=9756] [ERROR] [SYNC] 403: {"code":"forbidden","message":"Missing permission: sync:access.write"} | codseq=2375 | coderecord=000841 | tabela=C000007
[2026-07-13 16:40:47] [TID=9756] [INFO] [SYNC] === RESUMO === Tabela C000003 - Sucesso: 0  Erro: 1 | Tabela C000007 - Sucesso: 0  Erro: 1
--- Log iniciado em 13/07/2026 16:41:04 ---
[2026-07-13 16:41:04] [TID=20732] [INFO] [SYSTEM] Modo banco: INDUSTRIAL
[2026-07-13 16:41:04] [TID=20732] [INFO] [SYSTEM] Processando eventos
[2026-07-13 16:41:04] [TID=19396] [INFO] [SYSTEM] Registros pendentes: 2
[2026-07-13 16:41:04] [TID=19396] [ERROR] [SYNC] Sem mapper para tabela C000003: Nenhum mapper registrado para tabela "C000003" | codseq=2374 | coderecord=000999 | tabela=C000003
[2026-07-13 16:41:05] [TID=19396] [ERROR] [SYNC] 403: {"code":"forbidden","message":"Missing permission: sync:access.write"} | codseq=2375 | coderecord=000841 | tabela=C000007
[2026-07-13 16:41:06] [TID=19396] [INFO] [SYNC] === RESUMO === Tabela C000003 - Sucesso: 0  Erro: 1 | Tabela C000007 - Sucesso: 0  Erro: 1
--- Log iniciado em 13/07/2026 16:42:29 ---
[2026-07-13 16:42:29] [TID=16352] [INFO] [SYSTEM] Modo banco: INDUSTRIAL
[2026-07-13 16:42:29] [TID=16352] [INFO] [SYSTEM] Processando eventos
[2026-07-13 16:42:29] [TID=19628] [INFO] [SYSTEM] Registros pendentes: 2
[2026-07-13 16:42:29] [TID=19628] [ERROR] [SYNC] Sem mapper para tabela C000003: Nenhum mapper registrado para tabela "C000003" | codseq=2374 | coderecord=000999 | tabela=C000003
[2026-07-13 16:42:30] [TID=19628] [INFO] [SYNC] Evento sincronizado com sucesso | codseq=2375 | coderecord=000841 | tabela=C000007
[2026-07-13 16:42:31] [TID=19628] [INFO] [SYNC] === RESUMO === Tabela C000003 - Sucesso: 0  Erro: 1 | Tabela C000007 - Sucesso: 1  Erro: 0
--- Log iniciado em 13/07/2026 17:49:46 ---
[2026-07-13 17:49:46] [TID=18848] [INFO] [SYSTEM] Modo banco: INDUSTRIAL
[2026-07-13 17:49:46] [TID=18848] [INFO] [SYSTEM] Processando eventos
[2026-07-13 17:49:46] [TID=3368] [INFO] [SYSTEM] Registros pendentes: 0
[2026-07-13 17:49:46] [TID=3368] [INFO] [SYNC] === RESUMO ===
--- Log iniciado em 13/07/2026 17:52:03 ---
[2026-07-13 17:52:03] [TID=5932] [INFO] [SYSTEM] Modo banco: INDUSTRIAL
[2026-07-13 17:52:03] [TID=5932] [INFO] [SYSTEM] Processando eventos
[2026-07-13 17:52:03] [TID=24720] [INFO] [SYSTEM] Registros pendentes: 0
[2026-07-13 17:52:03] [TID=24720] [INFO] [SYNC] === RESUMO ===
[2026-07-13 17:52:14] [TID=23732] [INFO] [AUTH] Autenticado com sucesso | filial=000001
[2026-07-13 17:52:14] [TID=23732] [ERROR] [EXPORT] Erro em Acabamentos: Field 'descricao' not found
--- Log iniciado em 13/07/2026 17:53:28 ---
[2026-07-13 17:53:28] [TID=15736] [INFO] [SYSTEM] Modo banco: INDUSTRIAL
[2026-07-13 17:53:28] [TID=15736] [INFO] [SYSTEM] Processando eventos
[2026-07-13 17:53:28] [TID=4008] [INFO] [SYSTEM] Registros pendentes: 0
[2026-07-13 17:53:28] [TID=4008] [INFO] [SYNC] === RESUMO ===
[2026-07-13 17:53:33] [TID=13148] [ERROR] [EXPORT] Erro em Acabamentos: 'S' is not a valid integer value
--- Log iniciado em 13/07/2026 17:53:53 ---
[2026-07-13 17:53:53] [TID=24864] [INFO] [SYSTEM] Modo banco: INDUSTRIAL
[2026-07-13 17:53:53] [TID=24864] [INFO] [SYSTEM] Processando eventos
[2026-07-13 17:53:53] [TID=23048] [INFO] [SYSTEM] Registros pendentes: 0
[2026-07-13 17:53:53] [TID=23048] [INFO] [SYNC] === RESUMO ===
[2026-07-13 17:54:06] [TID=5412] [INFO] [EXPORT] 17:54:06 | Enviando lote com 21 registro(s) (21 de 21)
[2026-07-13 17:54:06] [TID=5412] [INFO] [EXPORT] 17:54:06 | Lote de 21 registro(s) enviado com sucesso
[2026-07-13 17:54:06] [TID=5412] [INFO] [EXPORT] 21 registro(s) sincronizado(s) em 0,2s - Acabamentos sincronizados com sucesso
