--- Log iniciado em 14/07/2026 10:43:01 ---
[2026-07-14 10:43:01] [TID=11648] [INFO] [SYSTEM] Modo banco: INDUSTRIAL
[2026-07-14 10:43:01] [TID=11648] [INFO] [SYSTEM] Processando eventos
[2026-07-14 10:43:01] [TID=8384] [INFO] [SYSTEM] Registros pendentes: 0
[2026-07-14 10:43:01] [TID=8384] [INFO] [SYNC] === RESUMO ===
[2026-07-14 10:43:19] [TID=11648] [INFO] [SYSTEM] Processando eventos
[2026-07-14 10:43:19] [TID=11160] [INFO] [SYSTEM] Registros pendentes: 1
[2026-07-14 10:43:22] [TID=11160] [ERROR] [AUTH] Falha na autenticacao: Erro ao Executar requisição:REST request failed: Error sending data: (12029) A connection with the server could not be established | filial=000001
[2026-07-14 10:43:22] [TID=11160] [ERROR] [SYNC] Falha no sync: Erro ao Executar requisição:REST request failed: Error sending data: (12029) A connection with the server could not be established | codseq=2376 | coderecord=000005 | tabela=C000250
[2026-07-14 10:43:23] [TID=11160] [INFO] [SYNC] === RESUMO === Tabela C000250 - Sucesso: 0  Erro: 1
--- Log iniciado em 14/07/2026 10:43:56 ---
[2026-07-14 10:43:56] [TID=12508] [INFO] [SYSTEM] Modo banco: INDUSTRIAL
[2026-07-14 10:43:56] [TID=12508] [INFO] [SYSTEM] Processando eventos
[2026-07-14 10:43:56] [TID=12932] [INFO] [SYSTEM] Registros pendentes: 1
[2026-07-14 10:43:57] [TID=12932] [INFO] [AUTH] Autenticado com sucesso | filial=000001
[2026-07-14 10:43:57] [TID=12932] [INFO] [SYNC] Evento sincronizado com sucesso | codseq=2376 | coderecord=000005 | tabela=C000250
[2026-07-14 10:43:58] [TID=12932] [INFO] [SYNC] === RESUMO === Tabela C000250 - Sucesso: 1  Erro: 0
--- Log iniciado em 14/07/2026 14:12:57 ---
[2026-07-14 14:12:57] [TID=6632] [INFO] [SYSTEM] Modo banco: INDUSTRIAL
[2026-07-14 14:12:57] [TID=6632] [INFO] [SYSTEM] Processando eventos
[2026-07-14 14:12:57] [TID=16016] [INFO] [SYSTEM] Registros pendentes: 0
[2026-07-14 14:12:57] [TID=16016] [INFO] [SYNC] === RESUMO ===
--- Log iniciado em 14/07/2026 14:13:20 ---
[2026-07-14 14:13:20] [TID=16380] [INFO] [SYSTEM] Modo banco: INDUSTRIAL
[2026-07-14 14:13:20] [TID=16380] [INFO] [SYSTEM] Processando eventos
[2026-07-14 14:13:20] [TID=17680] [INFO] [SYSTEM] Registros pendentes: 0
[2026-07-14 14:13:20] [TID=17680] [INFO] [SYNC] === RESUMO ===
[2026-07-14 14:13:42] [TID=16380] [INFO] [SYSTEM] Processando eventos
[2026-07-14 14:13:42] [TID=14548] [INFO] [SYSTEM] Registros pendentes: 1
[2026-07-14 14:13:42] [TID=14548] [INFO] [AUTH] Autenticado com sucesso | filial=000001
[2026-07-14 14:13:42] [TID=14548] [ERROR] [SYNC] 404: {"message":"Registro ou Rota não encontrados:{\"code\":\"not_found\",\"message\":\"Route not found\"}"} | codseq=2377 | coderecord=000006 | tabela=C000233
[2026-07-14 14:13:43] [TID=14548] [INFO] [SYNC] === RESUMO === Tabela C000233 - Sucesso: 0  Erro: 1
[2026-07-14 14:14:16] [TID=23132] [INFO] [EXPORT] 14:14:16 | Enviando lote com 4 registro(s) (4 de 4)
[2026-07-14 14:14:16] [TID=23132] [INFO] [EXPORT] 14:14:16 | Lote falhou: 404: {"message":"Registro ou Rota não encontrados:{\"code\":\"not_found\",\"message\":\"Route not found\"}"}
[2026-07-14 14:14:16] [TID=23132] [ERROR] [EXPORT] 4 registro(s) com erro em 0,0s - Erro em Cenarios de Faturamento: 404: {"message":"Registro ou Rota não encontrados:{\"code\":\"not_found\",\"message\":\"Route not found\"}"}
--- Log iniciado em 14/07/2026 14:15:05 ---
[2026-07-14 14:15:05] [TID=16764] [INFO] [SYSTEM] Modo banco: INDUSTRIAL
[2026-07-14 14:15:05] [TID=16764] [INFO] [SYSTEM] Processando eventos
[2026-07-14 14:15:05] [TID=21720] [INFO] [SYSTEM] Registros pendentes: 1
[2026-07-14 14:15:05] [TID=21720] [INFO] [SYNC] Evento sincronizado com sucesso | codseq=2377 | coderecord=000006 | tabela=C000233
[2026-07-14 14:15:06] [TID=21720] [INFO] [SYNC] === RESUMO === Tabela C000233 - Sucesso: 1  Erro: 0
[2026-07-14 14:15:36] [TID=18988] [INFO] [EXPORT] 14:15:36 | Enviando lote com 3 registro(s) (3 de 3)
[2026-07-14 14:15:36] [TID=18988] [INFO] [EXPORT] 14:15:36 | Lote de 3 registro(s) enviado com sucesso
[2026-07-14 14:15:36] [TID=18988] [INFO] [EXPORT] 3 registro(s) sincronizado(s) em 0,0s - Cenarios de Faturamento sincronizados com sucesso
--- Log iniciado em 14/07/2026 15:27:57 ---
[2026-07-14 15:27:57] [TID=17488] [INFO] [SYSTEM] Modo banco: INDUSTRIAL
[2026-07-14 15:27:57] [TID=17488] [INFO] [SYSTEM] Processando eventos
[2026-07-14 15:27:57] [TID=25016] [INFO] [SYSTEM] Registros pendentes: 0
[2026-07-14 15:27:57] [TID=25016] [INFO] [SYNC] === RESUMO ===
--- Log iniciado em 14/07/2026 15:32:41 ---
[2026-07-14 15:32:41] [TID=23312] [INFO] [SYSTEM] Modo banco: INDUSTRIAL
[2026-07-14 15:32:41] [TID=23312] [INFO] [SYSTEM] Processando eventos
[2026-07-14 15:32:41] [TID=23132] [INFO] [SYSTEM] Registros pendentes: 0
[2026-07-14 15:32:41] [TID=23132] [INFO] [SYNC] === RESUMO ===
[2026-07-14 15:32:49] [TID=23576] [INFO] [AUTH] Autenticado com sucesso | filial=000001
[2026-07-14 15:32:49] [TID=23576] [INFO] [EXPORT] 15:32:49 | Enviando lote com 68 registro(s) (68 de 68)
[2026-07-14 15:32:49] [TID=23576] [INFO] [EXPORT] 15:32:49 | Lote de 68 registro(s) enviado com sucesso
[2026-07-14 15:32:49] [TID=23576] [INFO] [EXPORT] 68 registro(s) sincronizado(s) em 0,2s - Tipos de Pagamento sincronizados com sucesso
[2026-07-14 15:35:00] [TID=20932] [INFO] [EXPORT] 0 registro(s) sincronizado(s) em 0,0s - Clientes sincronizados com sucesso
[2026-07-14 15:35:00] [TID=20932] [INFO] [EXPORT] 0 registro(s) sincronizado(s) em 0,0s - Acabamentos sincronizados com sucesso
[2026-07-14 15:35:00] [TID=20932] [INFO] [EXPORT] 0 registro(s) sincronizado(s) em 0,0s - Cenarios de Faturamento sincronizados com sucesso
[2026-07-14 15:35:00] [TID=20932] [INFO] [EXPORT] 0 registro(s) sincronizado(s) em 0,0s - Tipos de Pagamento sincronizados com sucesso
[2026-07-14 15:36:20] [TID=23312] [INFO] [SYSTEM] Processando eventos
[2026-07-14 15:36:20] [TID=23368] [INFO] [SYSTEM] Registros pendentes: 0
[2026-07-14 15:36:20] [TID=23368] [INFO] [SYNC] === RESUMO ===
[2026-07-14 15:36:33] [TID=23312] [INFO] [SYSTEM] Processando eventos
[2026-07-14 15:36:33] [TID=25528] [INFO] [SYSTEM] Registros pendentes: 0
[2026-07-14 15:36:33] [TID=25528] [INFO] [SYNC] === RESUMO ===
[2026-07-14 15:36:48] [TID=23312] [INFO] [SYSTEM] Processando eventos
[2026-07-14 15:36:48] [TID=16760] [INFO] [SYSTEM] Registros pendentes: 0
[2026-07-14 15:36:48] [TID=16760] [INFO] [SYNC] === RESUMO ===
[2026-07-14 15:37:08] [TID=23312] [INFO] [SYSTEM] Processando eventos
[2026-07-14 15:37:08] [TID=4392] [INFO] [SYSTEM] Registros pendentes: 0
[2026-07-14 15:37:08] [TID=4392] [INFO] [SYNC] === RESUMO ===
[2026-07-14 15:37:14] [TID=17300] [ERROR] [EXPORT] Erro em Clientes: Field 'habilidatoweb' not found
[2026-07-14 15:37:14] [TID=17300] [INFO] [EXPORT] 15:37:14 | Enviando lote com 21 registro(s) (21 de 21)
[2026-07-14 15:37:14] [TID=17300] [INFO] [EXPORT] 15:37:14 | Lote de 21 registro(s) enviado com sucesso
[2026-07-14 15:37:14] [TID=17300] [INFO] [EXPORT] 21 registro(s) sincronizado(s) em 0,1s - Acabamentos sincronizados com sucesso
[2026-07-14 15:37:14] [TID=17300] [INFO] [EXPORT] 15:37:14 | Enviando lote com 4 registro(s) (4 de 4)
[2026-07-14 15:37:14] [TID=17300] [INFO] [EXPORT] 15:37:14 | Lote de 4 registro(s) enviado com sucesso
[2026-07-14 15:37:14] [TID=17300] [INFO] [EXPORT] 4 registro(s) sincronizado(s) em 0,0s - Cenarios de Faturamento sincronizados com sucesso
[2026-07-14 15:37:15] [TID=17300] [INFO] [EXPORT] 15:37:15 | Enviando lote com 68 registro(s) (68 de 68)
[2026-07-14 15:37:15] [TID=17300] [INFO] [EXPORT] 15:37:15 | Lote de 68 registro(s) enviado com sucesso
[2026-07-14 15:37:15] [TID=17300] [INFO] [EXPORT] 68 registro(s) sincronizado(s) em 0,2s - Tipos de Pagamento sincronizados com sucesso
--- Log iniciado em 14/07/2026 15:40:37 ---
[2026-07-14 15:40:37] [TID=6992] [INFO] [SYSTEM] Modo banco: INDUSTRIAL
[2026-07-14 15:40:37] [TID=6992] [INFO] [SYSTEM] Processando eventos
[2026-07-14 15:40:37] [TID=20668] [INFO] [SYSTEM] Registros pendentes: 0
[2026-07-14 15:40:37] [TID=20668] [INFO] [SYNC] === RESUMO ===
[2026-07-14 15:40:43] [TID=21616] [INFO] [EXPORT] 15:40:43 | Enviando lote com 789 registro(s) (789 de 789)
[2026-07-14 15:40:43] [TID=21616] [WARN] [SYSTEM] Sanitize removeu 2 char(s) [] em C000007.batch
[2026-07-14 15:40:44] [TID=21616] [INFO] [EXPORT] 15:40:44 | Lote de 789 registro(s) enviado com sucesso
[2026-07-14 15:40:45] [TID=21616] [INFO] [EXPORT] 789 registro(s) sincronizado(s) em 2,4s - Clientes sincronizados com sucesso
[2026-07-14 15:40:45] [TID=21616] [INFO] [EXPORT] 0 registro(s) sincronizado(s) em 0,0s - Acabamentos sincronizados com sucesso
[2026-07-14 15:40:45] [TID=21616] [INFO] [EXPORT] 0 registro(s) sincronizado(s) em 0,0s - Cenarios de Faturamento sincronizados com sucesso
[2026-07-14 15:40:45] [TID=21616] [INFO] [EXPORT] 0 registro(s) sincronizado(s) em 0,0s - Tipos de Pagamento sincronizados com sucesso
--- Log iniciado em 14/07/2026 17:35:37 ---
[2026-07-14 17:35:37] [TID=16668] [INFO] [SYSTEM] Modo banco: INDUSTRIAL
[2026-07-14 17:35:37] [TID=16668] [INFO] [SYSTEM] Processando eventos
[2026-07-14 17:35:37] [TID=17284] [INFO] [SYSTEM] Registros pendentes: 0
[2026-07-14 17:35:37] [TID=17284] [INFO] [SYNC] === RESUMO ===
[2026-07-14 17:35:46] [TID=19768] [INFO] [AUTH] Autenticado com sucesso | filial=000001
[2026-07-14 17:35:46] [TID=19768] [INFO] [EXPORT] 17:35:46 | Enviando lote com 26 registro(s) (26 de 26)
[2026-07-14 17:35:46] [TID=19768] [INFO] [EXPORT] 17:35:46 | Lote de 26 registro(s) enviado com sucesso
[2026-07-14 17:35:47] [TID=19768] [INFO] [EXPORT] 26 registro(s) sincronizado(s) em 0,2s - Condicoes de Pagamento sincronizados com sucesso
[2026-07-14 17:37:05] [TID=16668] [INFO] [SYSTEM] Processando eventos
[2026-07-14 17:37:05] [TID=24932] [INFO] [SYSTEM] Registros pendentes: 1
[2026-07-14 17:37:05] [TID=24932] [INFO] [SYNC] Evento sincronizado com sucesso | codseq=3260 | coderecord=000023 | tabela=C000015
[2026-07-14 17:37:06] [TID=24932] [INFO] [SYNC] === RESUMO === Tabela C000015 - Sucesso: 1  Erro: 0
--- Log iniciado em 14/07/2026 17:43:26 ---
[2026-07-14 17:43:26] [TID=5512] [INFO] [SYSTEM] Modo banco: INDUSTRIAL
[2026-07-14 17:43:26] [TID=5512] [INFO] [SYSTEM] Processando eventos
[2026-07-14 17:43:26] [TID=1924] [INFO] [SYSTEM] Registros pendentes: 0
[2026-07-14 17:43:26] [TID=1924] [INFO] [SYNC] === RESUMO ===
[2026-07-14 17:43:30] [TID=6968] [INFO] [EXPORT] 17:43:30 | Enviando lote com 34 registro(s) (34 de 34)
[2026-07-14 17:43:31] [TID=6968] [INFO] [EXPORT] 17:43:31 | Lote de 34 registro(s) enviado com sucesso
[2026-07-14 17:43:31] [TID=6968] [INFO] [EXPORT] 34 registro(s) sincronizado(s) em 0,3s - Cores sincronizados com sucesso
