--- Log iniciado em 31/07/2026 13:33:14 ---
[2026-07-31 13:33:14] [TID=164] [INFO] [SYSTEM] Modo banco: INDUSTRIAL
[2026-07-31 13:33:14] [TID=164] [INFO] [SYSTEM] Processando eventos
[2026-07-31 13:33:14] [TID=15512] [INFO] [SYSTEM] Registros pendentes: 0
[2026-07-31 13:33:14] [TID=15512] [INFO] [SYNC] === RESUMO ===
--- Log iniciado em 31/07/2026 13:33:45 ---
[2026-07-31 13:33:45] [TID=10344] [INFO] [SYSTEM] Modo banco: INDUSTRIAL
[2026-07-31 13:33:45] [TID=10344] [INFO] [SYSTEM] Processando eventos
[2026-07-31 13:33:45] [TID=7800] [INFO] [SYSTEM] Registros pendentes: 0
[2026-07-31 13:33:46] [TID=7800] [INFO] [SYNC] === RESUMO ===
[2026-07-31 13:33:52] [TID=18604] [INFO] [AUTH] Autenticado com sucesso | filial=000001
[2026-07-31 13:33:52] [TID=18604] [INFO] [EXPORT] 0 registro(s) sincronizado(s) em 0,0s - Regiao de Clientes sincronizados com sucesso | tabela=C000005 | filial=000001
[2026-07-31 13:33:52] [TID=18604] [INFO] [EXPORT] 0 registro(s) sincronizado(s) em 0,0s - Grupos de Cliente sincronizados com sucesso | tabela=C000144 | filial=000001
[2026-07-31 13:33:53] [TID=18604] [INFO] [EXPORT] 0 registro(s) sincronizado(s) em 0,3s - Clientes sincronizados com sucesso | tabela=C000007 | filial=000001
[2026-07-31 13:33:53] [TID=18604] [INFO] [EXPORT] 13:33:53 | Enviando lote com 34 registro(s) (34 de 34) | tabela=C000129 | filial=000001
[2026-07-31 13:33:53] [TID=18604] [INFO] [EXPORT] 13:33:53 | Lote de 34 registro(s) enviado com sucesso | tabela=C000129 | filial=000001
[2026-07-31 13:33:53] [TID=18604] [INFO] [EXPORT] 34 registro(s) sincronizado(s) em 0,2s - Cores sincronizados com sucesso | tabela=C000129 | filial=000001
--- Log iniciado em 31/07/2026 14:10:41 ---
[2026-07-31 14:10:41] [TID=7436] [INFO] [SYSTEM] Modo banco: INDUSTRIAL
[2026-07-31 14:10:41] [TID=7436] [INFO] [SYSTEM] Processando eventos
[2026-07-31 14:10:41] [TID=8440] [INFO] [SYSTEM] Registros pendentes: 0
[2026-07-31 14:10:41] [TID=8440] [INFO] [SYNC] === RESUMO ===
--- Log iniciado em 31/07/2026 14:38:29 ---
[2026-07-31 14:38:29] [TID=11920] [INFO] [SYSTEM] Modo banco: INDUSTRIAL
[2026-07-31 14:38:29] [TID=11920] [INFO] [SYSTEM] Processando eventos
[2026-07-31 14:38:30] [TID=10384] [INFO] [SYSTEM] Registros pendentes: 0
[2026-07-31 14:38:30] [TID=10384] [INFO] [SYNC] === RESUMO ===
[2026-07-31 14:38:43] [TID=2844] [INFO] [AUTH] Autenticado com sucesso | filial=000001
[2026-07-31 14:38:43] [TID=2844] [INFO] [EXPORT] 0 registro(s) sincronizado(s) em 0,0s - Clientes sincronizados com sucesso | tabela=C000007 | filial=000001
[2026-07-31 14:38:44] [TID=2844] [ERROR] [EXPORT] Erro em Produtos: Field 'origem' not found | tabela=C000025 | filial=000001
[2026-07-31 14:38:44] [TID=2844] [INFO] [EXPORT] 14:38:44 | Enviando lote com 21 registro(s) (21 de 21) | tabela=C000250 | filial=000001
[2026-07-31 14:38:44] [TID=2844] [INFO] [EXPORT] 14:38:44 | Lote de 21 registro(s) enviado com sucesso | tabela=C000250 | filial=000001
[2026-07-31 14:38:44] [TID=2844] [INFO] [EXPORT] 21 registro(s) sincronizado(s) em 0,1s - Acabamentos sincronizados com sucesso | tabela=C000250 | filial=000001
[2026-07-31 14:38:44] [TID=2844] [INFO] [EXPORT] 14:38:44 | Enviando lote com 4 registro(s) (4 de 4) | tabela=C000233 | filial=000001
[2026-07-31 14:38:44] [TID=2844] [INFO] [EXPORT] 14:38:44 | Lote de 4 registro(s) enviado com sucesso | tabela=C000233 | filial=000001
[2026-07-31 14:38:44] [TID=2844] [INFO] [EXPORT] 4 registro(s) sincronizado(s) em 0,1s - Cenarios de Faturamento sincronizados com sucesso | tabela=C000233 | filial=000001
[2026-07-31 14:38:44] [TID=2844] [INFO] [EXPORT] 14:38:44 | Enviando lote com 68 registro(s) (68 de 68) | tabela=C000014 | filial=000001
[2026-07-31 14:38:44] [TID=2844] [INFO] [EXPORT] 14:38:44 | Lote de 68 registro(s) enviado com sucesso | tabela=C000014 | filial=000001
[2026-07-31 14:38:45] [TID=2844] [INFO] [EXPORT] 68 registro(s) sincronizado(s) em 0,2s - Tipos de Pagamento sincronizados com sucesso | tabela=C000014 | filial=000001
[2026-07-31 14:38:45] [TID=2844] [INFO] [EXPORT] 14:38:45 | Enviando lote com 26 registro(s) (26 de 26) | tabela=C000015 | filial=000001
[2026-07-31 14:38:45] [TID=2844] [INFO] [EXPORT] 14:38:45 | Lote de 26 registro(s) enviado com sucesso | tabela=C000015 | filial=000001
[2026-07-31 14:38:45] [TID=2844] [INFO] [EXPORT] 26 registro(s) sincronizado(s) em 0,2s - Condicoes de Pagamento sincronizados com sucesso | tabela=C000015 | filial=000001
[2026-07-31 14:38:45] [TID=2844] [INFO] [EXPORT] 0 registro(s) sincronizado(s) em 0,0s - Cores sincronizados com sucesso | tabela=C000129 | filial=000001
[2026-07-31 14:38:45] [TID=2844] [INFO] [EXPORT] 14:38:45 | Enviando lote com 121 registro(s) (121 de 121) | tabela=C000009 | filial=000001
[2026-07-31 14:38:45] [TID=2844] [INFO] [EXPORT] 14:38:45 | Lote de 121 registro(s) enviado com sucesso | tabela=C000009 | filial=000001
[2026-07-31 14:38:45] [TID=2844] [INFO] [EXPORT] 121 registro(s) sincronizado(s) em 0,6s - Fornecedores sincronizados com sucesso | tabela=C000009 | filial=000001
[2026-07-31 14:38:45] [TID=2844] [INFO] [EXPORT] 0 registro(s) sincronizado(s) em 0,0s - Grupos de Cliente sincronizados com sucesso | tabela=C000144 | filial=000001
[2026-07-31 14:38:45] [TID=2844] [INFO] [EXPORT] 14:38:45 | Enviando lote com 3 registro(s) (3 de 3) | tabela=C000017 | filial=000001
[2026-07-31 14:38:45] [TID=2844] [INFO] [EXPORT] 14:38:45 | Lote de 3 registro(s) enviado com sucesso | tabela=C000017 | filial=000001
[2026-07-31 14:38:45] [TID=2844] [INFO] [EXPORT] 3 registro(s) sincronizado(s) em 0,0s - Grupos de Produto sincronizados com sucesso | tabela=C000017 | filial=000001
[2026-07-31 14:38:45] [TID=2844] [INFO] [EXPORT] 0 registro(s) sincronizado(s) em 0,0s - Regiao de Clientes sincronizados com sucesso | tabela=C000005 | filial=000001
[2026-07-31 14:38:45] [TID=2844] [INFO] [EXPORT] 14:38:45 | Enviando lote com 90 registro(s) (90 de 90) | tabela=C000018 | filial=000001
[2026-07-31 14:38:46] [TID=2844] [INFO] [EXPORT] 14:38:46 | Lote de 90 registro(s) enviado com sucesso | tabela=C000018 | filial=000001
[2026-07-31 14:38:46] [TID=2844] [INFO] [EXPORT] 90 registro(s) sincronizado(s) em 0,3s - Subgrupos de Produto sincronizados com sucesso | tabela=C000018 | filial=000001
[2026-07-31 14:38:46] [TID=2844] [INFO] [EXPORT] 14:38:46 | Enviando lote com 59 registro(s) (59 de 59) | tabela=C000010 | filial=000001
[2026-07-31 14:38:46] [TID=2844] [INFO] [EXPORT] 14:38:46 | Lote de 59 registro(s) enviado com sucesso | tabela=C000010 | filial=000001
[2026-07-31 14:38:46] [TID=2844] [INFO] [EXPORT] 59 registro(s) sincronizado(s) em 0,2s - Transportadores sincronizados com sucesso | tabela=C000010 | filial=000001
[2026-07-31 14:38:46] [TID=2844] [INFO] [EXPORT] 0 registro(s) sincronizado(s) em 0,3s - Variacoes de Produto sincronizados com sucesso | tabela=C000279 | filial=000001
--- Log iniciado em 31/07/2026 14:42:12 ---
[2026-07-31 14:42:12] [TID=3716] [INFO] [SYSTEM] Modo banco: INDUSTRIAL
[2026-07-31 14:42:12] [TID=3716] [INFO] [SYSTEM] Processando eventos
[2026-07-31 14:42:12] [TID=17616] [INFO] [SYSTEM] Registros pendentes: 0
[2026-07-31 14:42:12] [TID=17616] [INFO] [SYNC] === RESUMO ===
[2026-07-31 14:42:17] [TID=9716] [INFO] [EXPORT] 14:42:17 | Enviando lote com 66 registro(s) (66 de 66) | tabela=C000008 | filial=000001
[2026-07-31 14:42:17] [TID=9716] [INFO] [EXPORT] 14:42:17 | Lote de 66 registro(s) enviado com sucesso | tabela=C000008 | filial=000001
[2026-07-31 14:42:17] [TID=9716] [INFO] [EXPORT] 66 registro(s) sincronizado(s) em 0,6s - Funcionarios sincronizados com sucesso | tabela=C000008 | filial=000001
[2026-07-31 14:44:02] [TID=3716] [INFO] [SYSTEM] Processando eventos
[2026-07-31 14:44:02] [TID=17772] [INFO] [SYSTEM] Registros pendentes: 0
[2026-07-31 14:44:02] [TID=17772] [INFO] [SYNC] === RESUMO ===
--- Log iniciado em 31/07/2026 14:45:23 ---
[2026-07-31 14:45:23] [TID=12444] [INFO] [SYSTEM] Modo banco: INDUSTRIAL
[2026-07-31 14:45:24] [TID=12444] [INFO] [SYSTEM] Processando eventos
[2026-07-31 14:45:24] [TID=18952] [INFO] [SYSTEM] Registros pendentes: 0
[2026-07-31 14:45:24] [TID=18952] [INFO] [SYNC] === RESUMO ===
[2026-07-31 14:45:26] [TID=20036] [INFO] [EXPORT] 0 registro(s) sincronizado(s) em 0,0s - Funcionarios sincronizados com sucesso | tabela=C000008 | filial=000001
[2026-07-31 14:52:34] [TID=18996] [INFO] [EXPORT] 0 registro(s) sincronizado(s) em 0,0s - Funcionarios sincronizados com sucesso | tabela=C000008 | filial=000001
[2026-07-31 14:53:01] [TID=12444] [INFO] [SYSTEM] Processando eventos
[2026-07-31 14:53:01] [TID=10316] [INFO] [SYSTEM] Registros pendentes: 0
[2026-07-31 14:53:01] [TID=10316] [INFO] [SYNC] === RESUMO ===
[2026-07-31 14:53:05] [TID=14868] [INFO] [EXPORT] 0 registro(s) sincronizado(s) em 0,0s - Funcionarios sincronizados com sucesso | tabela=C000008 | filial=000001
[2026-07-31 14:57:21] [TID=19248] [INFO] [AUTH] Autenticado com sucesso | filial=000001
--- Log iniciado em 31/07/2026 15:07:00 ---
[2026-07-31 15:07:00] [TID=18560] [INFO] [SYSTEM] Modo banco: INDUSTRIAL
[2026-07-31 15:07:00] [TID=18560] [INFO] [SYSTEM] Processando eventos
[2026-07-31 15:07:00] [TID=9268] [INFO] [SYSTEM] Registros pendentes: 0
[2026-07-31 15:07:00] [TID=9268] [INFO] [SYNC] === RESUMO ===
[2026-07-31 15:09:29] [TID=17220] [INFO] [EXPORT] 0 registro(s) sincronizado(s) em 133,9s - Funcionarios sincronizados com sucesso | tabela=C000008 | filial=000001
[2026-07-31 15:10:15] [TID=10804] [INFO] [EXPORT] 0 registro(s) sincronizado(s) em 4,0s - Regiao de Clientes sincronizados com sucesso | tabela=C000005 | filial=000001
[2026-07-31 15:10:19] [TID=10804] [INFO] [EXPORT] 0 registro(s) sincronizado(s) em 3,8s - Grupos de Cliente sincronizados com sucesso | tabela=C000144 | filial=000001
[2026-07-31 15:10:23] [TID=10804] [INFO] [EXPORT] 0 registro(s) sincronizado(s) em 4,0s - Clientes sincronizados com sucesso | tabela=C000007 | filial=000001
[2026-07-31 15:13:38] [TID=17756] [INFO] [AUTH] Autenticado com sucesso | filial=000001
--- Log iniciado em 31/07/2026 15:33:30 ---
[2026-07-31 15:33:30] [TID=1504] [INFO] [SYSTEM] Modo banco: INDUSTRIAL
[2026-07-31 15:33:30] [TID=1504] [INFO] [SYSTEM] Processando eventos
[2026-07-31 15:33:31] [TID=11488] [INFO] [SYSTEM] Registros pendentes: 0
[2026-07-31 15:33:31] [TID=11488] [INFO] [SYNC] === RESUMO ===
[2026-07-31 15:33:44] [TID=20220] [INFO] [AUTH] Autenticado com sucesso | filial=000001
[2026-07-31 15:34:02] [TID=20220] [INFO] [EXPORT] 15:34:02 | Enviando lote com 7 registro(s) (7 de 7) | tabela=C000005 | filial=000001
[2026-07-31 15:34:02] [TID=20220] [INFO] [EXPORT] 15:34:02 | Lote de 7 registro(s) enviado com sucesso | tabela=C000005 | filial=000001
[2026-07-31 15:34:02] [TID=20220] [INFO] [EXPORT] 7 registro(s) sincronizado(s) em 1,7s - Regiao de Clientes sincronizados com sucesso | tabela=C000005 | filial=000001
[2026-07-31 15:34:02] [TID=20220] [INFO] [EXPORT] 15:34:02 | Enviando lote com 2 registro(s) (2 de 2) | tabela=C000144 | filial=000001
[2026-07-31 15:34:02] [TID=20220] [INFO] [EXPORT] 15:34:02 | Lote de 2 registro(s) enviado com sucesso | tabela=C000144 | filial=000001
[2026-07-31 15:34:02] [TID=20220] [INFO] [EXPORT] 2 registro(s) sincronizado(s) em 0,2s - Grupos de Cliente sincronizados com sucesso | tabela=C000144 | filial=000001
[2026-07-31 15:34:12] [TID=20220] [INFO] [EXPORT] 15:34:12 | Enviando lote com 785 registro(s) (785 de 785) | tabela=C000007 | filial=000001
[2026-07-31 15:34:12] [TID=20220] [WARN] [SYSTEM] Sanitize removeu 2 char(s) [] em C000007.batch
[2026-07-31 15:34:13] [TID=20220] [INFO] [EXPORT] 15:34:13 | Lote de 785 registro(s) enviado com sucesso | tabela=C000007 | filial=000001
[2026-07-31 15:34:13] [TID=20220] [INFO] [EXPORT] 785 registro(s) sincronizado(s) em 10,4s - Clientes sincronizados com sucesso | tabela=C000007 | filial=000001
[2026-07-31 15:34:48] [TID=9568] [INFO] [EXPORT] 15:34:48 | Enviando lote com 66 registro(s) (66 de 66) | tabela=C000008 | filial=000001
[2026-07-31 15:34:48] [TID=9568] [INFO] [EXPORT] 15:34:48 | Lote de 66 registro(s) enviado com sucesso | tabela=C000008 | filial=000001
[2026-07-31 15:34:48] [TID=9568] [INFO] [EXPORT] 66 registro(s) sincronizado(s) em 16,5s - Funcionarios sincronizados com sucesso | tabela=C000008 | filial=000001
--- Log iniciado em 31/07/2026 15:40:25 ---
[2026-07-31 15:40:25] [TID=13264] [INFO] [SYSTEM] Modo banco: INDUSTRIAL
[2026-07-31 15:40:25] [TID=13264] [INFO] [SYSTEM] Processando eventos
[2026-07-31 15:40:25] [TID=15384] [INFO] [SYSTEM] Registros pendentes: 0
[2026-07-31 15:40:25] [TID=15384] [INFO] [SYNC] === RESUMO ===
