--- Log iniciado em 20/07/2026 17:41:57 ---
[2026-07-20 17:41:57] [TID=20344] [INFO] [SYSTEM] Modo banco: INDUSTRIAL
[2026-07-20 17:41:58] [TID=20344] [INFO] [SYSTEM] Processando eventos
[2026-07-20 17:41:58] [TID=10712] [INFO] [SYSTEM] Registros pendentes: 0
[2026-07-20 17:41:58] [TID=10712] [INFO] [SYNC] === RESUMO ===
--- Log iniciado em 20/07/2026 17:46:31 ---
[2026-07-20 17:46:31] [TID=9608] [INFO] [SYSTEM] Modo banco: INDUSTRIAL
[2026-07-20 17:46:31] [TID=9608] [INFO] [SYSTEM] Processando eventos
[2026-07-20 17:46:31] [TID=15888] [INFO] [SYSTEM] Registros pendentes: 0
[2026-07-20 17:46:31] [TID=15888] [INFO] [SYNC] === RESUMO ===
[2026-07-20 17:46:36] [TID=15852] [INFO] [AUTH] Autenticado com sucesso | filial=000001
[2026-07-20 17:46:37] [TID=15852] [INFO] [EXPORT] 17:46:37 | Enviando lote com 1000 registro(s) (1000 de 2493) | tabela=C000279 | filial=000001
[2026-07-20 17:46:38] [TID=15852] [INFO] [EXPORT] 17:46:38 | Lote de 1000 registro(s) enviado com sucesso | tabela=C000279 | filial=000001
[2026-07-20 17:46:39] [TID=15852] [INFO] [EXPORT] 17:46:39 | Enviando lote com 1000 registro(s) (2000 de 2493) | tabela=C000279 | filial=000001
[2026-07-20 17:46:40] [TID=15852] [INFO] [EXPORT] 17:46:40 | Lote de 1000 registro(s) enviado com sucesso | tabela=C000279 | filial=000001
[2026-07-20 17:46:41] [TID=15852] [INFO] [EXPORT] 17:46:41 | Enviando lote com 493 registro(s) (2493 de 2493) | tabela=C000279 | filial=000001
[2026-07-20 17:46:41] [TID=15852] [INFO] [EXPORT] 17:46:41 | Lote de 493 registro(s) enviado com sucesso | tabela=C000279 | filial=000001
[2026-07-20 17:46:42] [TID=15852] [INFO] [EXPORT] 2493 registro(s) sincronizado(s) em 5,5s - Variacoes de Produto sincronizados com sucesso | tabela=C000279 | filial=000001
--- Log iniciado em 20/07/2026 17:49:41 ---
[2026-07-20 17:49:41] [TID=12552] [INFO] [SYSTEM] Modo banco: INDUSTRIAL
[2026-07-20 17:49:41] [TID=12552] [INFO] [SYSTEM] Processando eventos
[2026-07-20 17:49:41] [TID=17632] [INFO] [SYSTEM] Registros pendentes: 0
[2026-07-20 17:49:41] [TID=17632] [INFO] [SYNC] === RESUMO ===
[2026-07-20 17:49:45] [TID=4892] [INFO] [EXPORT] 17:49:45 | Enviando lote com 1000 registro(s) (1000 de 2493) | tabela=C000279 | filial=000001
[2026-07-20 17:49:46] [TID=4892] [INFO] [EXPORT] 17:49:46 | Lote de 1000 registro(s) enviado com sucesso | tabela=C000279 | filial=000001
[2026-07-20 17:49:47] [TID=4892] [INFO] [EXPORT] 17:49:47 | Enviando lote com 1000 registro(s) (2000 de 2493) | tabela=C000279 | filial=000001
[2026-07-20 17:49:48] [TID=4892] [INFO] [EXPORT] 17:49:48 | Lote de 1000 registro(s) enviado com sucesso | tabela=C000279 | filial=000001
[2026-07-20 17:49:49] [TID=4892] [INFO] [EXPORT] 17:49:49 | Enviando lote com 493 registro(s) (2493 de 2493) | tabela=C000279 | filial=000001
[2026-07-20 17:49:50] [TID=4892] [INFO] [EXPORT] 17:49:50 | Lote de 493 registro(s) enviado com sucesso | tabela=C000279 | filial=000001
[2026-07-20 17:49:50] [TID=4892] [INFO] [EXPORT] 2493 registro(s) sincronizado(s) em 4,9s - Variacoes de Produto sincronizados com sucesso | tabela=C000279 | filial=000001
--- Log iniciado em 20/07/2026 17:51:08 ---
[2026-07-20 17:51:08] [TID=17708] [INFO] [SYSTEM] Modo banco: INDUSTRIAL
[2026-07-20 17:51:08] [TID=17708] [INFO] [SYSTEM] Processando eventos
[2026-07-20 17:51:08] [TID=14628] [INFO] [SYSTEM] Registros pendentes: 0
[2026-07-20 17:51:08] [TID=14628] [INFO] [SYNC] === RESUMO ===
[2026-07-20 17:51:11] [TID=19204] [INFO] [EXPORT] 17:51:11 | Enviando lote com 1000 registro(s) (1000 de 2493) | tabela=C000279 | filial=000001
[2026-07-20 17:51:20] [TID=19204] [INFO] [EXPORT] 17:51:20 | Lote de 1000 registro(s) enviado com sucesso | tabela=C000279 | filial=000001
[2026-07-20 17:51:28] [TID=19204] [INFO] [EXPORT] 17:51:28 | Enviando lote com 1000 registro(s) (2000 de 2493) | tabela=C000279 | filial=000001
[2026-07-20 17:51:30] [TID=19204] [INFO] [EXPORT] 17:51:30 | Lote de 1000 registro(s) enviado com sucesso | tabela=C000279 | filial=000001
[2026-07-20 17:51:37] [TID=19204] [INFO] [EXPORT] 17:51:37 | Enviando lote com 493 registro(s) (2493 de 2493) | tabela=C000279 | filial=000001
[2026-07-20 17:51:38] [TID=19204] [INFO] [EXPORT] 17:51:38 | Lote de 493 registro(s) enviado com sucesso | tabela=C000279 | filial=000001
[2026-07-20 17:51:43] [TID=19204] [INFO] [EXPORT] 2493 registro(s) sincronizado(s) em 31,9s - Variacoes de Produto sincronizados com sucesso | tabela=C000279 | filial=000001
--- Log iniciado em 20/07/2026 17:54:40 ---
[2026-07-20 17:54:40] [TID=16724] [INFO] [SYSTEM] Modo banco: INDUSTRIAL
[2026-07-20 17:54:40] [TID=16724] [INFO] [SYSTEM] Processando eventos
[2026-07-20 17:54:40] [TID=20768] [INFO] [SYSTEM] Registros pendentes: 0
[2026-07-20 17:54:40] [TID=20768] [INFO] [SYNC] === RESUMO ===
[2026-07-20 17:54:43] [TID=17348] [INFO] [EXPORT] 0 registro(s) sincronizado(s) em 0,0s - Variacoes de Produto sincronizados com sucesso | tabela=C000279 | filial=000001
