--- Log iniciado em 27/07/2026 09:29:15 ---
[2026-07-27 09:29:15] [TID=5436] [INFO] [SYSTEM] Modo banco: INDUSTRIAL
[2026-07-27 09:29:15] [TID=5436] [INFO] [SYSTEM] Processando eventos
[2026-07-27 09:29:15] [TID=18200] [INFO] [SYSTEM] Registros pendentes: 0
[2026-07-27 09:29:15] [TID=18200] [INFO] [SYNC] === RESUMO ===
[2026-07-27 09:30:21] [TID=17904] [INFO] [AUTH] Autenticado com sucesso | filial=000001
[2026-07-27 09:30:21] [TID=17904] [INFO] [EXPORT] 0 registro(s) sincronizado(s) em 0,1s - Clientes sincronizados com sucesso | tabela=C000007 | filial=000001
[2026-07-27 09:30:21] [TID=17904] [INFO] [EXPORT] 09:30:21 | Enviando lote com 21 registro(s) (21 de 21) | tabela=C000250 | filial=000001
[2026-07-27 09:30:21] [TID=17904] [INFO] [EXPORT] 09:30:21 | Lote de 21 registro(s) enviado com sucesso | tabela=C000250 | filial=000001
[2026-07-27 09:30:21] [TID=17904] [INFO] [EXPORT] 21 registro(s) sincronizado(s) em 0,2s - Acabamentos sincronizados com sucesso | tabela=C000250 | filial=000001
[2026-07-27 09:30:21] [TID=17904] [INFO] [EXPORT] 09:30:21 | Enviando lote com 4 registro(s) (4 de 4) | tabela=C000233 | filial=000001
[2026-07-27 09:30:21] [TID=17904] [INFO] [EXPORT] 09:30:21 | Lote de 4 registro(s) enviado com sucesso | tabela=C000233 | filial=000001
[2026-07-27 09:30:21] [TID=17904] [INFO] [EXPORT] 4 registro(s) sincronizado(s) em 0,0s - Cenarios de Faturamento sincronizados com sucesso | tabela=C000233 | filial=000001
[2026-07-27 09:30:21] [TID=17904] [INFO] [EXPORT] 09:30:21 | Enviando lote com 68 registro(s) (68 de 68) | tabela=C000014 | filial=000001
[2026-07-27 09:30:21] [TID=17904] [INFO] [EXPORT] 09:30:21 | Lote de 68 registro(s) enviado com sucesso | tabela=C000014 | filial=000001
[2026-07-27 09:30:21] [TID=17904] [INFO] [EXPORT] 68 registro(s) sincronizado(s) em 0,2s - Tipos de Pagamento sincronizados com sucesso | tabela=C000014 | filial=000001
[2026-07-27 09:30:21] [TID=17904] [INFO] [EXPORT] 09:30:21 | Enviando lote com 26 registro(s) (26 de 26) | tabela=C000015 | filial=000001
[2026-07-27 09:30:21] [TID=17904] [INFO] [EXPORT] 09:30:21 | Lote de 26 registro(s) enviado com sucesso | tabela=C000015 | filial=000001
[2026-07-27 09:30:21] [TID=17904] [INFO] [EXPORT] 26 registro(s) sincronizado(s) em 0,2s - Condicoes de Pagamento sincronizados com sucesso | tabela=C000015 | filial=000001
[2026-07-27 09:30:21] [TID=17904] [INFO] [EXPORT] 09:30:21 | Enviando lote com 34 registro(s) (34 de 34) | tabela=C000129 | filial=000001
[2026-07-27 09:30:22] [TID=17904] [INFO] [EXPORT] 09:30:22 | Lote de 34 registro(s) enviado com sucesso | tabela=C000129 | filial=000001
[2026-07-27 09:30:22] [TID=17904] [INFO] [EXPORT] 34 registro(s) sincronizado(s) em 0,1s - Cores sincronizados com sucesso | tabela=C000129 | filial=000001
[2026-07-27 09:30:22] [TID=17904] [INFO] [EXPORT] 0 registro(s) sincronizado(s) em 0,0s - Fornecedores sincronizados com sucesso | tabela=C000009 | filial=000001
[2026-07-27 09:30:22] [TID=17904] [INFO] [EXPORT] 09:30:22 | Enviando lote com 2 registro(s) (2 de 2) | tabela=C000144 | filial=000001
[2026-07-27 09:30:22] [TID=17904] [INFO] [EXPORT] 09:30:22 | Lote de 2 registro(s) enviado com sucesso | tabela=C000144 | filial=000001
[2026-07-27 09:30:22] [TID=17904] [INFO] [EXPORT] 2 registro(s) sincronizado(s) em 0,0s - Grupos de Cliente sincronizados com sucesso | tabela=C000144 | filial=000001
[2026-07-27 09:30:22] [TID=17904] [INFO] [EXPORT] 09:30:22 | Enviando lote com 3 registro(s) (3 de 3) | tabela=C000017 | filial=000001
[2026-07-27 09:30:22] [TID=17904] [INFO] [EXPORT] 09:30:22 | Lote de 3 registro(s) enviado com sucesso | tabela=C000017 | filial=000001
[2026-07-27 09:30:22] [TID=17904] [INFO] [EXPORT] 3 registro(s) sincronizado(s) em 0,0s - Grupos de Produto sincronizados com sucesso | tabela=C000017 | filial=000001
[2026-07-27 09:30:22] [TID=17904] [INFO] [EXPORT] 09:30:22 | Enviando lote com 7 registro(s) (7 de 7) | tabela=C000005 | filial=000001
[2026-07-27 09:30:22] [TID=17904] [INFO] [EXPORT] 09:30:22 | Lote de 7 registro(s) enviado com sucesso | tabela=C000005 | filial=000001
[2026-07-27 09:30:22] [TID=17904] [INFO] [EXPORT] 7 registro(s) sincronizado(s) em 0,1s - Regiao de Clientes sincronizados com sucesso | tabela=C000005 | filial=000001
[2026-07-27 09:30:22] [TID=17904] [INFO] [EXPORT] 09:30:22 | Enviando lote com 90 registro(s) (90 de 90) | tabela=C000018 | filial=000001
[2026-07-27 09:30:22] [TID=17904] [INFO] [EXPORT] 09:30:22 | Lote de 90 registro(s) enviado com sucesso | tabela=C000018 | filial=000001
[2026-07-27 09:30:22] [TID=17904] [INFO] [EXPORT] 90 registro(s) sincronizado(s) em 0,2s - Subgrupos de Produto sincronizados com sucesso | tabela=C000018 | filial=000001
[2026-07-27 09:30:22] [TID=17904] [INFO] [EXPORT] 0 registro(s) sincronizado(s) em 0,0s - Funcionarios sincronizados com sucesso | tabela=C000008 | filial=000001
[2026-07-27 09:30:22] [TID=17904] [INFO] [EXPORT] 0 registro(s) sincronizado(s) em 0,0s - Variacoes de Produto sincronizados com sucesso | tabela=C000279 | filial=000001
[2026-07-27 09:30:22] [TID=17904] [INFO] [EXPORT] 09:30:22 | Enviando lote com 8 registro(s) (8 de 8) | tabela=C000013 | filial=000001
[2026-07-27 09:30:22] [TID=17904] [INFO] [EXPORT] 09:30:22 | Lote de 8 registro(s) enviado com sucesso | tabela=C000013 | filial=000001
[2026-07-27 09:30:22] [TID=17904] [INFO] [EXPORT] 8 registro(s) sincronizado(s) em 0,0s - Bancos sincronizados com sucesso | tabela=C000013 | filial=000001
--- Log iniciado em 27/07/2026 10:01:28 ---
[2026-07-27 10:01:28] [TID=19240] [INFO] [SYSTEM] Modo banco: INDUSTRIAL
[2026-07-27 10:01:28] [TID=19240] [INFO] [SYSTEM] Processando eventos
[2026-07-27 10:01:29] [TID=17732] [INFO] [SYSTEM] Registros pendentes: 0
[2026-07-27 10:01:29] [TID=17732] [INFO] [SYNC] === RESUMO ===
--- Log iniciado em 27/07/2026 10:06:13 ---
[2026-07-27 10:06:13] [TID=3256] [INFO] [SYSTEM] Modo banco: INDUSTRIAL
[2026-07-27 10:06:13] [TID=3256] [INFO] [SYSTEM] Processando eventos
[2026-07-27 10:06:13] [TID=18592] [INFO] [SYSTEM] Registros pendentes: 0
[2026-07-27 10:06:13] [TID=18592] [INFO] [SYNC] === RESUMO ===
--- Log iniciado em 27/07/2026 10:40:53 ---
[2026-07-27 10:40:53] [TID=6240] [INFO] [SYSTEM] Modo banco: INDUSTRIAL
[2026-07-27 10:40:53] [TID=6240] [INFO] [SYSTEM] Processando eventos
[2026-07-27 10:40:53] [TID=3288] [INFO] [SYSTEM] Registros pendentes: 0
[2026-07-27 10:40:53] [TID=3288] [INFO] [SYNC] === RESUMO ===
--- Log iniciado em 27/07/2026 10:41:48 ---
[2026-07-27 10:41:48] [TID=16868] [INFO] [SYSTEM] Modo banco: INDUSTRIAL
[2026-07-27 10:41:48] [TID=16868] [INFO] [SYSTEM] Processando eventos
[2026-07-27 10:41:48] [TID=19408] [INFO] [SYSTEM] Registros pendentes: 0
[2026-07-27 10:41:48] [TID=19408] [INFO] [SYNC] === RESUMO ===
[2026-07-27 10:41:54] [TID=1896] [INFO] [AUTH] Autenticado com sucesso | filial=000001
[2026-07-27 10:41:54] [TID=1896] [INFO] [EXPORT] 0 registro(s) sincronizado(s) em 0,0s - Clientes sincronizados com sucesso | tabela=C000007 | filial=000001
[2026-07-27 10:41:54] [TID=1896] [INFO] [EXPORT] 0 registro(s) sincronizado(s) em 0,0s - Acabamentos sincronizados com sucesso | tabela=C000250 | filial=000001
[2026-07-27 10:41:54] [TID=1896] [INFO] [EXPORT] 0 registro(s) sincronizado(s) em 0,0s - Cenarios de Faturamento sincronizados com sucesso | tabela=C000233 | filial=000001
[2026-07-27 10:41:54] [TID=1896] [INFO] [EXPORT] 0 registro(s) sincronizado(s) em 0,0s - Tipos de Pagamento sincronizados com sucesso | tabela=C000014 | filial=000001
[2026-07-27 10:41:54] [TID=1896] [INFO] [EXPORT] 0 registro(s) sincronizado(s) em 0,0s - Condicoes de Pagamento sincronizados com sucesso | tabela=C000015 | filial=000001
[2026-07-27 10:41:54] [TID=1896] [INFO] [EXPORT] 0 registro(s) sincronizado(s) em 0,0s - Cores sincronizados com sucesso | tabela=C000129 | filial=000001
[2026-07-27 10:41:54] [TID=1896] [INFO] [EXPORT] 0 registro(s) sincronizado(s) em 0,0s - Fornecedores sincronizados com sucesso | tabela=C000009 | filial=000001
[2026-07-27 10:41:54] [TID=1896] [INFO] [EXPORT] 0 registro(s) sincronizado(s) em 0,0s - Grupos de Cliente sincronizados com sucesso | tabela=C000144 | filial=000001
[2026-07-27 10:41:54] [TID=1896] [INFO] [EXPORT] 0 registro(s) sincronizado(s) em 0,0s - Grupos de Produto sincronizados com sucesso | tabela=C000017 | filial=000001
[2026-07-27 10:41:54] [TID=1896] [INFO] [EXPORT] 0 registro(s) sincronizado(s) em 0,0s - Regiao de Clientes sincronizados com sucesso | tabela=C000005 | filial=000001
[2026-07-27 10:41:54] [TID=1896] [INFO] [EXPORT] 0 registro(s) sincronizado(s) em 0,0s - Subgrupos de Produto sincronizados com sucesso | tabela=C000018 | filial=000001
[2026-07-27 10:41:54] [TID=1896] [INFO] [EXPORT] 0 registro(s) sincronizado(s) em 0,0s - Funcionarios sincronizados com sucesso | tabela=C000008 | filial=000001
[2026-07-27 10:41:54] [TID=1896] [INFO] [EXPORT] 0 registro(s) sincronizado(s) em 0,0s - Variacoes de Produto sincronizados com sucesso | tabela=C000279 | filial=000001
[2026-07-27 10:41:54] [TID=1896] [INFO] [EXPORT] 10:41:54 | Enviando lote com 8 registro(s) (8 de 8) | tabela=C000013 | filial=000001
[2026-07-27 10:41:55] [TID=1896] [INFO] [EXPORT] 10:41:55 | Lote de 8 registro(s) enviado com sucesso | tabela=C000013 | filial=000001
[2026-07-27 10:41:55] [TID=1896] [INFO] [EXPORT] 8 registro(s) sincronizado(s) em 0,1s - Bancos sincronizados com sucesso | tabela=C000013 | filial=000001
[2026-07-27 10:42:47] [TID=16868] [INFO] [SYSTEM] Processando eventos
[2026-07-27 10:42:48] [TID=18784] [INFO] [SYSTEM] Registros pendentes: 0
[2026-07-27 10:42:48] [TID=18784] [INFO] [SYNC] === RESUMO ===
[2026-07-27 10:45:45] [TID=19828] [INFO] [EXPORT] 10:45:45 | Enviando lote com 785 registro(s) (785 de 785) | tabela=C000007 | filial=000001
[2026-07-27 10:45:45] [TID=19828] [WARN] [SYSTEM] Sanitize removeu 2 char(s) [] em C000007.batch
[2026-07-27 10:45:46] [TID=19828] [INFO] [EXPORT] 10:45:46 | Lote de 785 registro(s) enviado com sucesso | tabela=C000007 | filial=000001
[2026-07-27 10:45:47] [TID=19072] [INFO] [EXPORT] 10:45:47 | Enviando lote com 529 registro(s) (529 de 529) | tabela=C000007 | filial=000001
[2026-07-27 10:45:47] [TID=19072] [WARN] [SYSTEM] Sanitize removeu 1 char(s) [] em C000007.batch
[2026-07-27 10:45:48] [TID=19828] [INFO] [EXPORT] 785 registro(s) sincronizado(s) em 3,1s - Clientes sincronizados com sucesso | tabela=C000007 | filial=000001
[2026-07-27 10:45:48] [TID=19828] [INFO] [EXPORT] 10:45:48 | Enviando lote com 21 registro(s) (21 de 21) | tabela=C000250 | filial=000001
[2026-07-27 10:45:48] [TID=19828] [INFO] [EXPORT] 10:45:48 | Lote de 21 registro(s) enviado com sucesso | tabela=C000250 | filial=000001
[2026-07-27 10:45:48] [TID=19072] [ERROR] [EXPORT] 10:45:48 | Lote falhou: 409: {"code":"duplicate_codigoerp","message":"Já existe pessoa com este código e perfil"} | tabela=C000007 | filial=000001
[2026-07-27 10:45:48] [TID=19072] [ERROR] [EXPORT] 529 registro(s) com erro em 1,0s - Erro em Clientes: 409: {"code":"duplicate_codigoerp","message":"Já existe pessoa com este código e perfil"} | tabela=C000007 | filial=000001
[2026-07-27 10:45:48] [TID=19072] [INFO] [EXPORT] 10:45:48 | Enviando lote com 17 registro(s) (17 de 17) | tabela=C000250 | filial=000001
[2026-07-27 10:45:48] [TID=19072] [ERROR] [EXPORT] 10:45:48 | Lote falhou: 409: {"code":"duplicate_codigoerp","message":"Acabamento 000008 já existe"} | tabela=C000250 | filial=000001
[2026-07-27 10:45:48] [TID=19828] [INFO] [EXPORT] 21 registro(s) sincronizado(s) em 0,2s - Acabamentos sincronizados com sucesso | tabela=C000250 | filial=000001
[2026-07-27 10:45:48] [TID=19072] [ERROR] [EXPORT] 17 registro(s) com erro em 0,0s - Erro em Acabamentos: 409: {"code":"duplicate_codigoerp","message":"Acabamento 000008 já existe"} | tabela=C000250 | filial=000001
[2026-07-27 10:45:48] [TID=19828] [INFO] [EXPORT] 10:45:48 | Enviando lote com 4 registro(s) (4 de 4) | tabela=C000233 | filial=000001
[2026-07-27 10:45:48] [TID=19072] [INFO] [EXPORT] 10:45:48 | Enviando lote com 4 registro(s) (4 de 4) | tabela=C000233 | filial=000001
[2026-07-27 10:45:48] [TID=19828] [INFO] [EXPORT] 10:45:48 | Lote de 4 registro(s) enviado com sucesso | tabela=C000233 | filial=000001
[2026-07-27 10:45:48] [TID=19072] [ERROR] [EXPORT] Erro em Cenarios de Faturamento: Falha na comunicação com a IntegraçãoHTTP/1.1 500 Internal Server Error | tabela=C000233 | filial=000001
[2026-07-27 10:45:48] [TID=19828] [INFO] [EXPORT] 4 registro(s) sincronizado(s) em 0,2s - Cenarios de Faturamento sincronizados com sucesso | tabela=C000233 | filial=000001
[2026-07-27 10:45:48] [TID=19072] [INFO] [EXPORT] 10:45:48 | Enviando lote com 68 registro(s) (68 de 68) | tabela=C000014 | filial=000001
[2026-07-27 10:45:48] [TID=19828] [INFO] [EXPORT] 10:45:48 | Enviando lote com 68 registro(s) (68 de 68) | tabela=C000014 | filial=000001
[2026-07-27 10:45:48] [TID=19828] [INFO] [EXPORT] 10:45:48 | Lote de 68 registro(s) enviado com sucesso | tabela=C000014 | filial=000001
[2026-07-27 10:45:48] [TID=19072] [ERROR] [EXPORT] Erro em Tipos de Pagamento: Falha na comunicação com a IntegraçãoHTTP/1.1 500 Internal Server Error | tabela=C000014 | filial=000001
[2026-07-27 10:45:48] [TID=19072] [INFO] [EXPORT] 10:45:48 | Enviando lote com 26 registro(s) (26 de 26) | tabela=C000015 | filial=000001
[2026-07-27 10:45:48] [TID=19828] [INFO] [EXPORT] 68 registro(s) sincronizado(s) em 0,2s - Tipos de Pagamento sincronizados com sucesso | tabela=C000014 | filial=000001
[2026-07-27 10:45:48] [TID=19828] [INFO] [EXPORT] 10:45:48 | Enviando lote com 26 registro(s) (26 de 26) | tabela=C000015 | filial=000001
[2026-07-27 10:45:48] [TID=19072] [INFO] [EXPORT] 10:45:48 | Lote de 26 registro(s) enviado com sucesso | tabela=C000015 | filial=000001
[2026-07-27 10:45:48] [TID=19828] [ERROR] [EXPORT] 10:45:48 | Lote falhou: 409: {"code":"duplicate_codigoerp","message":"Condição 000001 já existe"} | tabela=C000015 | filial=000001
[2026-07-27 10:45:48] [TID=19828] [ERROR] [EXPORT] 26 registro(s) com erro em 0,1s - Erro em Condicoes de Pagamento: 409: {"code":"duplicate_codigoerp","message":"Condição 000001 já existe"} | tabela=C000015 | filial=000001
[2026-07-27 10:45:48] [TID=19828] [INFO] [EXPORT] 10:45:48 | Enviando lote com 34 registro(s) (34 de 34) | tabela=C000129 | filial=000001
[2026-07-27 10:45:48] [TID=19072] [INFO] [EXPORT] 26 registro(s) sincronizado(s) em 0,2s - Condicoes de Pagamento sincronizados com sucesso | tabela=C000015 | filial=000001
[2026-07-27 10:45:48] [TID=19072] [INFO] [EXPORT] 10:45:48 | Enviando lote com 34 registro(s) (34 de 34) | tabela=C000129 | filial=000001
[2026-07-27 10:45:48] [TID=19828] [INFO] [EXPORT] 10:45:48 | Lote de 34 registro(s) enviado com sucesso | tabela=C000129 | filial=000001
[2026-07-27 10:45:48] [TID=19072] [ERROR] [EXPORT] Erro em Cores: Falha na comunicação com a IntegraçãoHTTP/1.1 500 Internal Server Error | tabela=C000129 | filial=000001
[2026-07-27 10:45:48] [TID=19072] [INFO] [EXPORT] 10:45:48 | Enviando lote com 121 registro(s) (121 de 121) | tabela=C000009 | filial=000001
[2026-07-27 10:45:48] [TID=19828] [INFO] [EXPORT] 34 registro(s) sincronizado(s) em 0,2s - Cores sincronizados com sucesso | tabela=C000129 | filial=000001
[2026-07-27 10:45:48] [TID=19828] [INFO] [EXPORT] 10:45:48 | Enviando lote com 121 registro(s) (121 de 121) | tabela=C000009 | filial=000001
[2026-07-27 10:45:49] [TID=19072] [INFO] [EXPORT] 10:45:49 | Lote de 121 registro(s) enviado com sucesso | tabela=C000009 | filial=000001
[2026-07-27 10:45:49] [TID=19828] [ERROR] [EXPORT] 10:45:49 | Lote falhou: 409: {"code":"duplicate_codigoerp","message":"Já existe pessoa com este código e perfil"} | tabela=C000009 | filial=000001
[2026-07-27 10:45:49] [TID=19828] [ERROR] [EXPORT] 121 registro(s) com erro em 0,2s - Erro em Fornecedores: 409: {"code":"duplicate_codigoerp","message":"Já existe pessoa com este código e perfil"} | tabela=C000009 | filial=000001
[2026-07-27 10:45:49] [TID=19828] [INFO] [EXPORT] 10:45:49 | Enviando lote com 2 registro(s) (2 de 2) | tabela=C000144 | filial=000001
[2026-07-27 10:45:49] [TID=19828] [INFO] [EXPORT] 10:45:49 | Lote de 2 registro(s) enviado com sucesso | tabela=C000144 | filial=000001
[2026-07-27 10:45:49] [TID=19828] [INFO] [EXPORT] 2 registro(s) sincronizado(s) em 0,0s - Grupos de Cliente sincronizados com sucesso | tabela=C000144 | filial=000001
[2026-07-27 10:45:49] [TID=19828] [INFO] [EXPORT] 10:45:49 | Enviando lote com 3 registro(s) (3 de 3) | tabela=C000017 | filial=000001
[2026-07-27 10:45:49] [TID=19828] [INFO] [EXPORT] 10:45:49 | Lote de 3 registro(s) enviado com sucesso | tabela=C000017 | filial=000001
[2026-07-27 10:45:49] [TID=19828] [INFO] [EXPORT] 3 registro(s) sincronizado(s) em 0,1s - Grupos de Produto sincronizados com sucesso | tabela=C000017 | filial=000001
[2026-07-27 10:45:49] [TID=19828] [INFO] [EXPORT] 10:45:49 | Enviando lote com 7 registro(s) (7 de 7) | tabela=C000005 | filial=000001
[2026-07-27 10:45:49] [TID=19828] [INFO] [EXPORT] 10:45:49 | Lote de 7 registro(s) enviado com sucesso | tabela=C000005 | filial=000001
[2026-07-27 10:45:49] [TID=19828] [INFO] [EXPORT] 7 registro(s) sincronizado(s) em 0,1s - Regiao de Clientes sincronizados com sucesso | tabela=C000005 | filial=000001
[2026-07-27 10:45:49] [TID=19072] [INFO] [EXPORT] 121 registro(s) sincronizado(s) em 0,4s - Fornecedores sincronizados com sucesso | tabela=C000009 | filial=000001
[2026-07-27 10:45:49] [TID=19828] [INFO] [EXPORT] 10:45:49 | Enviando lote com 90 registro(s) (90 de 90) | tabela=C000018 | filial=000001
[2026-07-27 10:45:49] [TID=19072] [INFO] [EXPORT] 0 registro(s) sincronizado(s) em 0,0s - Grupos de Cliente sincronizados com sucesso | tabela=C000144 | filial=000001
[2026-07-27 10:45:49] [TID=19072] [INFO] [EXPORT] 0 registro(s) sincronizado(s) em 0,0s - Grupos de Produto sincronizados com sucesso | tabela=C000017 | filial=000001
[2026-07-27 10:45:49] [TID=19072] [INFO] [EXPORT] 0 registro(s) sincronizado(s) em 0,0s - Regiao de Clientes sincronizados com sucesso | tabela=C000005 | filial=000001
[2026-07-27 10:45:49] [TID=19072] [INFO] [EXPORT] 10:45:49 | Enviando lote com 90 registro(s) (90 de 90) | tabela=C000018 | filial=000001
[2026-07-27 10:45:49] [TID=19828] [INFO] [EXPORT] 10:45:49 | Lote de 90 registro(s) enviado com sucesso | tabela=C000018 | filial=000001
[2026-07-27 10:45:49] [TID=19072] [ERROR] [EXPORT] Erro em Subgrupos de Produto: Falha na comunicação com a IntegraçãoHTTP/1.1 500 Internal Server Error | tabela=C000018 | filial=000001
[2026-07-27 10:45:49] [TID=19072] [ERROR] [EXPORT] Erro em Funcionarios: Field 'secaoeleitoral' not found | tabela=C000008 | filial=000001
[2026-07-27 10:45:49] [TID=19072] [INFO] [EXPORT] 0 registro(s) sincronizado(s) em 0,0s - Variacoes de Produto sincronizados com sucesso | tabela=C000279 | filial=000001
[2026-07-27 10:45:49] [TID=19072] [INFO] [EXPORT] 10:45:49 | Enviando lote com 8 registro(s) (8 de 8) | tabela=C000013 | filial=000001
[2026-07-27 10:45:49] [TID=19072] [INFO] [EXPORT] 10:45:49 | Lote de 8 registro(s) enviado com sucesso | tabela=C000013 | filial=000001
[2026-07-27 10:45:49] [TID=19072] [INFO] [EXPORT] 8 registro(s) sincronizado(s) em 0,0s - Bancos sincronizados com sucesso | tabela=C000013 | filial=000001
[2026-07-27 10:45:49] [TID=19828] [INFO] [EXPORT] 90 registro(s) sincronizado(s) em 0,3s - Subgrupos de Produto sincronizados com sucesso | tabela=C000018 | filial=000001
[2026-07-27 10:45:49] [TID=19828] [ERROR] [EXPORT] Erro em Funcionarios: Field 'secaoeleitoral' not found | tabela=C000008 | filial=000001
[2026-07-27 10:45:49] [TID=19828] [INFO] [EXPORT] 0 registro(s) sincronizado(s) em 0,0s - Variacoes de Produto sincronizados com sucesso | tabela=C000279 | filial=000001
[2026-07-27 10:45:49] [TID=19828] [INFO] [EXPORT] 10:45:49 | Enviando lote com 8 registro(s) (8 de 8) | tabela=C000013 | filial=000001
[2026-07-27 10:45:49] [TID=19828] [INFO] [EXPORT] 10:45:49 | Lote de 8 registro(s) enviado com sucesso | tabela=C000013 | filial=000001
[2026-07-27 10:45:49] [TID=19828] [INFO] [EXPORT] 8 registro(s) sincronizado(s) em 0,0s - Bancos sincronizados com sucesso | tabela=C000013 | filial=000001
--- Log iniciado em 27/07/2026 10:48:42 ---
[2026-07-27 10:48:42] [TID=12368] [INFO] [SYSTEM] Modo banco: INDUSTRIAL
[2026-07-27 10:48:42] [TID=12368] [INFO] [SYSTEM] Processando eventos
[2026-07-27 10:48:42] [TID=3628] [INFO] [SYSTEM] Registros pendentes: 0
[2026-07-27 10:48:42] [TID=3628] [INFO] [SYNC] === RESUMO ===
[2026-07-27 10:48:46] [TID=11616] [ERROR] [EXPORT] Erro em Funcionarios: Field 'secaoeleitoral' not found | tabela=C000008 | filial=000001
--- Log iniciado em 27/07/2026 10:55:34 ---
[2026-07-27 10:55:34] [TID=8364] [INFO] [SYSTEM] Modo banco: INDUSTRIAL
[2026-07-27 10:55:34] [TID=8364] [INFO] [SYSTEM] Processando eventos
[2026-07-27 10:55:34] [TID=11096] [INFO] [SYSTEM] Registros pendentes: 0
[2026-07-27 10:55:34] [TID=11096] [INFO] [SYNC] === RESUMO ===
--- Log iniciado em 27/07/2026 10:55:42 ---
[2026-07-27 10:55:42] [TID=4588] [INFO] [SYSTEM] Modo banco: INDUSTRIAL
[2026-07-27 10:55:42] [TID=4588] [INFO] [SYSTEM] Processando eventos
[2026-07-27 10:55:42] [TID=6948] [INFO] [SYSTEM] Registros pendentes: 0
[2026-07-27 10:55:42] [TID=6948] [INFO] [SYNC] === RESUMO ===
[2026-07-27 10:55:46] [TID=20412] [ERROR] [EXPORT] Erro em Funcionarios: 'N' is not a valid integer value | tabela=C000008 | filial=000001
--- Log iniciado em 27/07/2026 10:57:54 ---
[2026-07-27 10:57:54] [TID=8664] [INFO] [SYSTEM] Modo banco: INDUSTRIAL
[2026-07-27 10:57:54] [TID=8664] [INFO] [SYSTEM] Processando eventos
[2026-07-27 10:57:54] [TID=20020] [INFO] [SYSTEM] Registros pendentes: 0
[2026-07-27 10:57:54] [TID=20020] [INFO] [SYNC] === RESUMO ===
[2026-07-27 10:57:59] [TID=11092] [INFO] [AUTH] Autenticado com sucesso | filial=000001
[2026-07-27 10:57:59] [TID=11092] [ERROR] [EXPORT] Erro em Funcionarios: Field 'decimoteceiro' not found | tabela=C000008 | filial=000001
--- Log iniciado em 27/07/2026 11:01:03 ---
[2026-07-27 11:01:03] [TID=4372] [INFO] [SYSTEM] Modo banco: INDUSTRIAL
[2026-07-27 11:01:03] [TID=4372] [INFO] [SYSTEM] Processando eventos
[2026-07-27 11:01:03] [TID=18620] [INFO] [SYSTEM] Registros pendentes: 0
[2026-07-27 11:01:03] [TID=18620] [INFO] [SYNC] === RESUMO ===
--- Log iniciado em 27/07/2026 11:02:13 ---
[2026-07-27 11:02:13] [TID=19488] [INFO] [SYSTEM] Modo banco: INDUSTRIAL
[2026-07-27 11:02:13] [TID=19488] [INFO] [SYSTEM] Processando eventos
[2026-07-27 11:02:13] [TID=12428] [INFO] [SYSTEM] Registros pendentes: 0
[2026-07-27 11:02:13] [TID=12428] [INFO] [SYNC] === RESUMO ===
[2026-07-27 11:02:17] [TID=17068] [ERROR] [EXPORT] Erro em Funcionarios: Field 'umtrecoferias' not found | tabela=C000008 | filial=000001
--- Log iniciado em 27/07/2026 11:05:37 ---
[2026-07-27 11:05:37] [TID=15692] [INFO] [SYSTEM] Modo banco: INDUSTRIAL
[2026-07-27 11:05:37] [TID=15692] [INFO] [SYSTEM] Processando eventos
[2026-07-27 11:05:37] [TID=20224] [INFO] [SYSTEM] Registros pendentes: 0
[2026-07-27 11:05:37] [TID=20224] [INFO] [SYNC] === RESUMO ===
[2026-07-27 11:05:43] [TID=20044] [ERROR] [EXPORT] Erro em Funcionarios: Field 'conjugue' not found | tabela=C000008 | filial=000001
--- Log iniciado em 27/07/2026 11:07:19 ---
[2026-07-27 11:07:19] [TID=15924] [INFO] [SYSTEM] Modo banco: INDUSTRIAL
[2026-07-27 11:07:19] [TID=15924] [INFO] [SYSTEM] Processando eventos
[2026-07-27 11:07:19] [TID=7200] [INFO] [SYSTEM] Registros pendentes: 0
[2026-07-27 11:07:19] [TID=7200] [INFO] [SYNC] === RESUMO ===
[2026-07-27 11:07:27] [TID=6824] [ERROR] [EXPORT] Erro em Funcionarios: C000008.umtercoferias invalid value: "47,2222" | tabela=C000008 | filial=000001
--- Log iniciado em 27/07/2026 11:10:09 ---
[2026-07-27 11:10:09] [TID=3812] [INFO] [SYSTEM] Modo banco: INDUSTRIAL
[2026-07-27 11:10:09] [TID=3812] [INFO] [SYSTEM] Processando eventos
[2026-07-27 11:10:09] [TID=12564] [INFO] [SYSTEM] Registros pendentes: 0
[2026-07-27 11:10:09] [TID=12564] [INFO] [SYNC] === RESUMO ===
[2026-07-27 11:10:14] [TID=9092] [INFO] [EXPORT] 11:10:14 | Enviando lote com 66 registro(s) (66 de 66) | tabela=C000008 | filial=000001
[2026-07-27 11:10:14] [TID=9092] [ERROR] [EXPORT] 11:10:14 | Lote falhou: 400: {"statusCode":400,"code":"VALIDATION_ERROR","error":"Bad Request","message":"/1/ativo must be boolean. Valor recebido: 2"} | tabela=C000008 | filial=000001
[2026-07-27 11:10:14] [TID=9092] [ERROR] [EXPORT] 66 registro(s) com erro em 0,3s - Erro em Funcionarios: 400: {"statusCode":400,"code":"VALIDATION_ERROR","error":"Bad Request","message":"/1/ativo must be boolean. Valor recebido: 2"} | tabela=C000008 | filial=000001
--- Log iniciado em 27/07/2026 13:27:49 ---
[2026-07-27 13:27:49] [TID=19916] [INFO] [SYSTEM] Modo banco: INDUSTRIAL
[2026-07-27 13:27:49] [TID=19916] [INFO] [SYSTEM] Processando eventos
[2026-07-27 13:27:49] [TID=8996] [INFO] [SYSTEM] Registros pendentes: 0
[2026-07-27 13:27:49] [TID=8996] [INFO] [SYNC] === RESUMO ===
[2026-07-27 13:27:53] [TID=20296] [INFO] [AUTH] Autenticado com sucesso | filial=000001
[2026-07-27 13:27:53] [TID=20296] [INFO] [EXPORT] 13:27:53 | Enviando lote com 66 registro(s) (66 de 66) | tabela=C000008 | filial=000001
[2026-07-27 13:27:53] [TID=20296] [ERROR] [EXPORT] 13:27:53 | Lote falhou: 400: {"statusCode":400,"code":"VALIDATION_ERROR","error":"Bad Request","message":"/1/ativo must be boolean. Valor recebido: 2"} | tabela=C000008 | filial=000001
[2026-07-27 13:27:53] [TID=20296] [ERROR] [EXPORT] 66 registro(s) com erro em 0,2s - Erro em Funcionarios: 400: {"statusCode":400,"code":"VALIDATION_ERROR","error":"Bad Request","message":"/1/ativo must be boolean. Valor recebido: 2"} | tabela=C000008 | filial=000001
--- Log iniciado em 27/07/2026 13:30:59 ---
[2026-07-27 13:30:59] [TID=17700] [INFO] [SYSTEM] Modo banco: INDUSTRIAL
[2026-07-27 13:30:59] [TID=17700] [INFO] [SYSTEM] Processando eventos
[2026-07-27 13:31:00] [TID=9728] [INFO] [SYSTEM] Registros pendentes: 0
[2026-07-27 13:31:00] [TID=9728] [INFO] [SYNC] === RESUMO ===
[2026-07-27 13:31:03] [TID=9644] [INFO] [EXPORT] 13:31:03 | Enviando lote com 66 registro(s) (66 de 66) | tabela=C000008 | filial=000001
[2026-07-27 13:31:03] [TID=9644] [ERROR] [EXPORT] 13:31:03 | Lote falhou: 400: {"statusCode":400,"code":"VALIDATION_ERROR","error":"Bad Request","message":"/1/ativo must be equal to one of the allowed values: 0, 1. Valor recebido: 2"} | tabela=C000008 | filial=000001
[2026-07-27 13:31:03] [TID=9644] [ERROR] [EXPORT] 66 registro(s) com erro em 0,3s - Erro em Funcionarios: 400: {"statusCode":400,"code":"VALIDATION_ERROR","error":"Bad Request","message":"/1/ativo must be equal to one of the allowed values: 0, 1. Valor recebido: 2"} | tabela=C000008 | filial=000001
--- Log iniciado em 27/07/2026 13:34:06 ---
[2026-07-27 13:34:06] [TID=17244] [INFO] [SYSTEM] Modo banco: INDUSTRIAL
[2026-07-27 13:34:06] [TID=17244] [INFO] [SYSTEM] Processando eventos
[2026-07-27 13:34:06] [TID=1920] [INFO] [SYSTEM] Registros pendentes: 0
[2026-07-27 13:34:06] [TID=1920] [INFO] [SYNC] === RESUMO ===
[2026-07-27 13:34:10] [TID=17232] [INFO] [EXPORT] 13:34:10 | Enviando lote com 66 registro(s) (66 de 66) | tabela=C000008 | filial=000001
[2026-07-27 13:34:10] [TID=17232] [ERROR] [EXPORT] 13:34:10 | Lote falhou: 400: {"statusCode":400,"code":"VALIDATION_ERROR","error":"Bad Request","message":"/1/ativo must be equal to one of the allowed values: 0, 1. Valor recebido: 2"} | tabela=C000008 | filial=000001
[2026-07-27 13:34:10] [TID=17232] [ERROR] [EXPORT] 66 registro(s) com erro em 0,2s - Erro em Funcionarios: 400: {"statusCode":400,"code":"VALIDATION_ERROR","error":"Bad Request","message":"/1/ativo must be equal to one of the allowed values: 0, 1. Valor recebido: 2"} | tabela=C000008 | filial=000001
--- Log iniciado em 27/07/2026 13:38:16 ---
[2026-07-27 13:38:16] [TID=8660] [INFO] [SYSTEM] Modo banco: INDUSTRIAL
[2026-07-27 13:38:16] [TID=8660] [INFO] [SYSTEM] Processando eventos
[2026-07-27 13:38:16] [TID=19716] [INFO] [SYSTEM] Registros pendentes: 0
[2026-07-27 13:38:16] [TID=19716] [INFO] [SYNC] === RESUMO ===
[2026-07-27 13:38:21] [TID=17304] [INFO] [EXPORT] 13:38:21 | Enviando lote com 66 registro(s) (66 de 66) | tabela=C000008 | filial=000001
[2026-07-27 13:38:21] [TID=17304] [ERROR] [EXPORT] 13:38:21 | Lote falhou: 400: {"statusCode":400,"code":"VALIDATION_ERROR","error":"Bad Request","message":"/11/complementofuncionario/umtercoferias must be integer. Valor recebido: 47.2222"} | tabela=C000008 | filial=000001
[2026-07-27 13:38:21] [TID=17304] [ERROR] [EXPORT] 66 registro(s) com erro em 0,2s - Erro em Funcionarios: 400: {"statusCode":400,"code":"VALIDATION_ERROR","error":"Bad Request","message":"/11/complementofuncionario/umtercoferias must be integer. Valor recebido: 47.2222"} | tabela=C000008 | filial=000001
[2026-07-27 13:41:39] [TID=17940] [INFO] [EXPORT] 13:41:39 | Enviando lote com 66 registro(s) (66 de 66) | tabela=C000008 | filial=000001
[2026-07-27 13:41:39] [TID=17940] [ERROR] [EXPORT] Erro em Funcionarios: Falha na comunicação com a IntegraçãoHTTP/1.1 500 Internal Server Error | tabela=C000008 | filial=000001
[2026-07-27 13:41:50] [TID=7180] [INFO] [EXPORT] 13:41:50 | Enviando lote com 66 registro(s) (66 de 66) | tabela=C000008 | filial=000001
[2026-07-27 13:41:50] [TID=7180] [ERROR] [EXPORT] Erro em Funcionarios: Falha na comunicação com a IntegraçãoHTTP/1.1 500 Internal Server Error | tabela=C000008 | filial=000001
[2026-07-27 13:47:48] [TID=7924] [INFO] [AUTH] Autenticado com sucesso | filial=000001
[2026-07-27 13:47:48] [TID=7924] [INFO] [EXPORT] 13:47:48 | Enviando lote com 66 registro(s) (66 de 66) | tabela=C000008 | filial=000001
[2026-07-27 13:47:48] [TID=7924] [ERROR] [EXPORT] Erro em Funcionarios: Falha na comunicação com a IntegraçãoHTTP/1.1 500 Internal Server Error | tabela=C000008 | filial=000001
[2026-07-27 13:55:21] [TID=18912] [INFO] [EXPORT] 13:55:21 | Enviando lote com 66 registro(s) (66 de 66) | tabela=C000008 | filial=000001
[2026-07-27 13:55:21] [TID=18912] [ERROR] [EXPORT] Erro em Funcionarios: Falha na comunicação com a IntegraçãoHTTP/1.1 500 Internal Server Error | tabela=C000008 | filial=000001
--- Log iniciado em 27/07/2026 14:01:17 ---
[2026-07-27 14:01:17] [TID=20360] [INFO] [SYSTEM] Modo banco: INDUSTRIAL
[2026-07-27 14:01:17] [TID=20360] [INFO] [SYSTEM] Processando eventos
[2026-07-27 14:01:17] [TID=17864] [INFO] [SYSTEM] Registros pendentes: 0
[2026-07-27 14:01:17] [TID=17864] [INFO] [SYNC] === RESUMO ===
[2026-07-27 14:01:26] [TID=9988] [INFO] [EXPORT] 14:01:26 | Enviando lote com 66 registro(s) (66 de 66) | tabela=C000008 | filial=000001
[2026-07-27 14:01:26] [TID=9988] [INFO] [EXPORT] 14:01:26 | Lote de 66 registro(s) enviado com sucesso | tabela=C000008 | filial=000001
[2026-07-27 14:01:27] [TID=9988] [INFO] [EXPORT] 66 registro(s) sincronizado(s) em 0,5s - Funcionarios sincronizados com sucesso | tabela=C000008 | filial=000001
[2026-07-27 14:04:49] [TID=13436] [INFO] [AUTH] Autenticado com sucesso | filial=000001
[2026-07-27 14:04:49] [TID=13436] [INFO] [EXPORT] 0 registro(s) sincronizado(s) em 0,0s - Clientes sincronizados com sucesso | tabela=C000007 | filial=000001
[2026-07-27 14:04:49] [TID=13436] [INFO] [EXPORT] 0 registro(s) sincronizado(s) em 0,0s - Acabamentos sincronizados com sucesso | tabela=C000250 | filial=000001
[2026-07-27 14:04:49] [TID=13436] [INFO] [EXPORT] 0 registro(s) sincronizado(s) em 0,0s - Cenarios de Faturamento sincronizados com sucesso | tabela=C000233 | filial=000001
[2026-07-27 14:04:49] [TID=13436] [INFO] [EXPORT] 0 registro(s) sincronizado(s) em 0,0s - Tipos de Pagamento sincronizados com sucesso | tabela=C000014 | filial=000001
[2026-07-27 14:04:49] [TID=13436] [INFO] [EXPORT] 0 registro(s) sincronizado(s) em 0,0s - Condicoes de Pagamento sincronizados com sucesso | tabela=C000015 | filial=000001
[2026-07-27 14:04:49] [TID=13436] [INFO] [EXPORT] 0 registro(s) sincronizado(s) em 0,0s - Cores sincronizados com sucesso | tabela=C000129 | filial=000001
[2026-07-27 14:04:49] [TID=13436] [INFO] [EXPORT] 0 registro(s) sincronizado(s) em 0,0s - Fornecedores sincronizados com sucesso | tabela=C000009 | filial=000001
[2026-07-27 14:04:49] [TID=13436] [INFO] [EXPORT] 0 registro(s) sincronizado(s) em 0,0s - Grupos de Cliente sincronizados com sucesso | tabela=C000144 | filial=000001
[2026-07-27 14:04:49] [TID=13436] [INFO] [EXPORT] 0 registro(s) sincronizado(s) em 0,0s - Grupos de Produto sincronizados com sucesso | tabela=C000017 | filial=000001
[2026-07-27 14:04:49] [TID=13436] [INFO] [EXPORT] 0 registro(s) sincronizado(s) em 0,0s - Regiao de Clientes sincronizados com sucesso | tabela=C000005 | filial=000001
[2026-07-27 14:04:49] [TID=13436] [INFO] [EXPORT] 0 registro(s) sincronizado(s) em 0,0s - Subgrupos de Produto sincronizados com sucesso | tabela=C000018 | filial=000001
[2026-07-27 14:04:49] [TID=13436] [INFO] [EXPORT] 0 registro(s) sincronizado(s) em 0,0s - Funcionarios sincronizados com sucesso | tabela=C000008 | filial=000001
[2026-07-27 14:04:49] [TID=13436] [INFO] [EXPORT] 0 registro(s) sincronizado(s) em 0,0s - Variacoes de Produto sincronizados com sucesso | tabela=C000279 | filial=000001
[2026-07-27 14:04:49] [TID=13436] [INFO] [EXPORT] 14:04:49 | Enviando lote com 8 registro(s) (8 de 8) | tabela=C000013 | filial=000001
[2026-07-27 14:04:49] [TID=13436] [INFO] [EXPORT] 14:04:49 | Lote de 8 registro(s) enviado com sucesso | tabela=C000013 | filial=000001
[2026-07-27 14:04:49] [TID=13436] [INFO] [EXPORT] 8 registro(s) sincronizado(s) em 0,0s - Bancos sincronizados com sucesso | tabela=C000013 | filial=000001
--- Log iniciado em 27/07/2026 15:31:40 ---
[2026-07-27 15:31:40] [TID=21112] [INFO] [SYSTEM] Modo banco: INDUSTRIAL
[2026-07-27 15:31:40] [TID=21112] [INFO] [SYSTEM] Processando eventos
[2026-07-27 15:31:40] [TID=22480] [INFO] [SYSTEM] Registros pendentes: 0
[2026-07-27 15:31:40] [TID=22480] [INFO] [SYNC] === RESUMO ===
--- Log iniciado em 27/07/2026 15:53:11 ---
[2026-07-27 15:53:11] [TID=21772] [INFO] [SYSTEM] Modo banco: INDUSTRIAL
[2026-07-27 15:53:11] [TID=21772] [INFO] [SYSTEM] Processando eventos
[2026-07-27 15:53:11] [TID=22476] [INFO] [SYSTEM] Registros pendentes: 0
[2026-07-27 15:53:11] [TID=22476] [INFO] [SYNC] === RESUMO ===
[2026-07-27 15:53:32] [TID=14488] [INFO] [AUTH] Autenticado com sucesso | filial=000001
[2026-07-27 15:53:32] [TID=14488] [ERROR] [EXPORT] Erro em Transportadores: Field 'situacao' not found | tabela=C000010 | filial=000001
--- Log iniciado em 27/07/2026 16:11:31 ---
[2026-07-27 16:11:31] [TID=6040] [INFO] [SYSTEM] Modo banco: INDUSTRIAL
[2026-07-27 16:11:32] [TID=6040] [INFO] [SYSTEM] Processando eventos
[2026-07-27 16:11:32] [TID=17652] [INFO] [SYSTEM] Registros pendentes: 0
[2026-07-27 16:11:32] [TID=17652] [INFO] [SYNC] === RESUMO ===
[2026-07-27 16:16:13] [TID=16260] [INFO] [AUTH] Autenticado com sucesso | filial=000001
[2026-07-27 16:16:13] [TID=16260] [INFO] [EXPORT] 16:16:13 | Enviando lote com 59 registro(s) (59 de 59) | tabela=C000010 | filial=000001
[2026-07-27 16:16:13] [TID=16260] [ERROR] [EXPORT] 16:16:13 | Lote falhou: 404: {"message":"Registro ou Rota não encontrados:{\"code\":\"not_found\",\"message\":\"Route not found\"}"} | tabela=C000010 | filial=000001
[2026-07-27 16:16:13] [TID=16260] [ERROR] [EXPORT] 59 registro(s) com erro em 0,1s - Erro em Transportadores: 404: {"message":"Registro ou Rota não encontrados:{\"code\":\"not_found\",\"message\":\"Route not found\"}"} | tabela=C000010 | filial=000001
--- Log iniciado em 27/07/2026 16:18:45 ---
[2026-07-27 16:18:45] [TID=22308] [INFO] [SYSTEM] Modo banco: INDUSTRIAL
[2026-07-27 16:18:45] [TID=22308] [INFO] [SYSTEM] Processando eventos
[2026-07-27 16:18:45] [TID=2228] [INFO] [SYSTEM] Registros pendentes: 0
[2026-07-27 16:18:45] [TID=2228] [INFO] [SYNC] === RESUMO ===
[2026-07-27 16:19:05] [TID=21692] [INFO] [EXPORT] 16:19:05 | Enviando lote com 59 registro(s) (59 de 59) | tabela=C000010 | filial=000001
[2026-07-27 16:19:06] [TID=21692] [INFO] [EXPORT] 16:19:06 | Lote de 59 registro(s) enviado com sucesso | tabela=C000010 | filial=000001
[2026-07-27 16:19:06] [TID=21692] [INFO] [EXPORT] 59 registro(s) sincronizado(s) em 0,6s - Transportadores sincronizados com sucesso | tabela=C000010 | filial=000001
