--- Log iniciado em 21/07/2026 10:30:51 ---
[2026-07-21 10:30:51] [TID=20556] [INFO] [SYSTEM] Modo banco: INDUSTRIAL
[2026-07-21 10:30:51] [TID=20556] [INFO] [SYSTEM] Processando eventos
[2026-07-21 10:30:51] [TID=4556] [INFO] [SYSTEM] Registros pendentes: 0
[2026-07-21 10:30:51] [TID=4556] [INFO] [SYNC] === RESUMO ===
--- Log iniciado em 21/07/2026 13:59:39 ---
[2026-07-21 13:59:39] [TID=14020] [INFO] [SYSTEM] Modo banco: INDUSTRIAL
[2026-07-21 13:59:39] [TID=14020] [INFO] [SYSTEM] Processando eventos
[2026-07-21 13:59:39] [TID=8108] [INFO] [SYSTEM] Registros pendentes: 0
[2026-07-21 13:59:39] [TID=8108] [INFO] [SYNC] === RESUMO ===
--- Log iniciado em 21/07/2026 14:00:50 ---
[2026-07-21 14:00:50] [TID=18140] [INFO] [SYSTEM] Modo banco: INDUSTRIAL
[2026-07-21 14:00:50] [TID=18140] [INFO] [SYSTEM] Processando eventos
[2026-07-21 14:00:50] [TID=17992] [INFO] [SYSTEM] Registros pendentes: 0
[2026-07-21 14:00:50] [TID=17992] [INFO] [SYNC] === RESUMO ===
--- Log iniciado em 21/07/2026 14:27:04 ---
[2026-07-21 14:27:04] [TID=11812] [INFO] [SYSTEM] Modo banco: INDUSTRIAL
[2026-07-21 14:27:04] [TID=11812] [INFO] [SYSTEM] Processando eventos
[2026-07-21 14:27:04] [TID=18956] [INFO] [SYSTEM] Registros pendentes: 0
[2026-07-21 14:27:04] [TID=18956] [INFO] [SYNC] === RESUMO ===
--- Log iniciado em 21/07/2026 17:25:21 ---
[2026-07-21 17:25:21] [TID=7100] [INFO] [SYSTEM] Modo banco: INDUSTRIAL
[2026-07-21 17:25:21] [TID=7100] [INFO] [SYSTEM] Processando eventos
[2026-07-21 17:25:22] [TID=13872] [INFO] [SYSTEM] Registros pendentes: 0
[2026-07-21 17:25:22] [TID=13872] [INFO] [SYNC] === RESUMO ===
[2026-07-21 17:27:54] [TID=13008] [INFO] [AUTH] Autenticado com sucesso | filial=000001
[2026-07-21 17:27:55] [TID=13008] [INFO] [EXPORT] 17:27:55 | Enviando lote com 785 registro(s) (785 de 785) | tabela=C000007 | filial=000001
[2026-07-21 17:27:55] [TID=13008] [WARN] [SYSTEM] Sanitize removeu 2 char(s) [] em C000007.batch
[2026-07-21 17:27:55] [TID=13008] [INFO] [EXPORT] 17:27:55 | Lote de 785 registro(s) enviado com sucesso | tabela=C000007 | filial=000001
[2026-07-21 17:27:56] [TID=13008] [INFO] [EXPORT] 785 registro(s) sincronizado(s) em 2,1s - Clientes sincronizados com sucesso | tabela=C000007 | filial=000001
[2026-07-21 17:27:56] [TID=13008] [INFO] [EXPORT] 17:27:56 | Enviando lote com 21 registro(s) (21 de 21) | tabela=C000250 | filial=000001
[2026-07-21 17:27:56] [TID=13008] [INFO] [EXPORT] 17:27:56 | Lote de 21 registro(s) enviado com sucesso | tabela=C000250 | filial=000001
[2026-07-21 17:27:56] [TID=13008] [INFO] [EXPORT] 21 registro(s) sincronizado(s) em 0,1s - Acabamentos sincronizados com sucesso | tabela=C000250 | filial=000001
[2026-07-21 17:27:56] [TID=13008] [INFO] [EXPORT] 17:27:56 | Enviando lote com 4 registro(s) (4 de 4) | tabela=C000233 | filial=000001
[2026-07-21 17:27:56] [TID=13008] [INFO] [EXPORT] 17:27:56 | Lote de 4 registro(s) enviado com sucesso | tabela=C000233 | filial=000001
[2026-07-21 17:27:56] [TID=13008] [INFO] [EXPORT] 4 registro(s) sincronizado(s) em 0,1s - Cenarios de Faturamento sincronizados com sucesso | tabela=C000233 | filial=000001
[2026-07-21 17:27:56] [TID=13008] [INFO] [EXPORT] 17:27:56 | Enviando lote com 68 registro(s) (68 de 68) | tabela=C000014 | filial=000001
[2026-07-21 17:27:57] [TID=13008] [INFO] [EXPORT] 17:27:57 | Lote de 68 registro(s) enviado com sucesso | tabela=C000014 | filial=000001
[2026-07-21 17:27:57] [TID=13008] [INFO] [EXPORT] 68 registro(s) sincronizado(s) em 0,2s - Tipos de Pagamento sincronizados com sucesso | tabela=C000014 | filial=000001
[2026-07-21 17:27:57] [TID=13008] [INFO] [EXPORT] 17:27:57 | Enviando lote com 26 registro(s) (26 de 26) | tabela=C000015 | filial=000001
[2026-07-21 17:27:57] [TID=13008] [INFO] [EXPORT] 17:27:57 | Lote de 26 registro(s) enviado com sucesso | tabela=C000015 | filial=000001
[2026-07-21 17:27:57] [TID=13008] [INFO] [EXPORT] 26 registro(s) sincronizado(s) em 0,1s - Condicoes de Pagamento sincronizados com sucesso | tabela=C000015 | filial=000001
[2026-07-21 17:27:57] [TID=13008] [INFO] [EXPORT] 17:27:57 | Enviando lote com 34 registro(s) (34 de 34) | tabela=C000129 | filial=000001
[2026-07-21 17:27:57] [TID=13008] [INFO] [EXPORT] 17:27:57 | Lote de 34 registro(s) enviado com sucesso | tabela=C000129 | filial=000001
[2026-07-21 17:27:57] [TID=13008] [INFO] [EXPORT] 34 registro(s) sincronizado(s) em 0,1s - Cores sincronizados com sucesso | tabela=C000129 | filial=000001
[2026-07-21 17:27:57] [TID=13008] [INFO] [EXPORT] 17:27:57 | Enviando lote com 121 registro(s) (121 de 121) | tabela=C000009 | filial=000001
[2026-07-21 17:27:57] [TID=13008] [INFO] [EXPORT] 17:27:57 | Lote de 121 registro(s) enviado com sucesso | tabela=C000009 | filial=000001
[2026-07-21 17:27:57] [TID=13008] [INFO] [EXPORT] 121 registro(s) sincronizado(s) em 0,3s - Fornecedores sincronizados com sucesso | tabela=C000009 | filial=000001
[2026-07-21 17:27:57] [TID=13008] [INFO] [EXPORT] 17:27:57 | Enviando lote com 2 registro(s) (2 de 2) | tabela=C000144 | filial=000001
[2026-07-21 17:27:57] [TID=13008] [INFO] [EXPORT] 17:27:57 | Lote de 2 registro(s) enviado com sucesso | tabela=C000144 | filial=000001
[2026-07-21 17:27:57] [TID=13008] [INFO] [EXPORT] 2 registro(s) sincronizado(s) em 0,0s - Grupos de Cliente sincronizados com sucesso | tabela=C000144 | filial=000001
[2026-07-21 17:27:57] [TID=13008] [INFO] [EXPORT] 17:27:57 | Enviando lote com 3 registro(s) (3 de 3) | tabela=C000017 | filial=000001
[2026-07-21 17:27:57] [TID=13008] [INFO] [EXPORT] 17:27:57 | Lote de 3 registro(s) enviado com sucesso | tabela=C000017 | filial=000001
[2026-07-21 17:27:57] [TID=13008] [INFO] [EXPORT] 3 registro(s) sincronizado(s) em 0,1s - Grupos de Produto sincronizados com sucesso | tabela=C000017 | filial=000001
[2026-07-21 17:27:57] [TID=13008] [INFO] [EXPORT] 17:27:57 | Enviando lote com 7 registro(s) (7 de 7) | tabela=C000005 | filial=000001
[2026-07-21 17:27:57] [TID=13008] [INFO] [EXPORT] 17:27:57 | Lote de 7 registro(s) enviado com sucesso | tabela=C000005 | filial=000001
[2026-07-21 17:27:57] [TID=13008] [INFO] [EXPORT] 7 registro(s) sincronizado(s) em 0,0s - Regiao de Clientes sincronizados com sucesso | tabela=C000005 | filial=000001
[2026-07-21 17:27:57] [TID=13008] [INFO] [EXPORT] 17:27:57 | Enviando lote com 90 registro(s) (90 de 90) | tabela=C000018 | filial=000001
[2026-07-21 17:27:57] [TID=13008] [INFO] [EXPORT] 17:27:57 | Lote de 90 registro(s) enviado com sucesso | tabela=C000018 | filial=000001
[2026-07-21 17:27:58] [TID=13008] [INFO] [EXPORT] 90 registro(s) sincronizado(s) em 0,2s - Subgrupos de Produto sincronizados com sucesso | tabela=C000018 | filial=000001
[2026-07-21 17:27:58] [TID=13008] [INFO] [EXPORT] 17:27:58 | Enviando lote com 66 registro(s) (66 de 66) | tabela=C000008 | filial=000001
[2026-07-21 17:27:58] [TID=13008] [INFO] [EXPORT] 17:27:58 | Lote de 66 registro(s) enviado com sucesso | tabela=C000008 | filial=000001
[2026-07-21 17:27:58] [TID=13008] [INFO] [EXPORT] 66 registro(s) sincronizado(s) em 0,2s - Funcionarios sincronizados com sucesso | tabela=C000008 | filial=000001
[2026-07-21 17:27:58] [TID=13008] [INFO] [EXPORT] 0 registro(s) sincronizado(s) em 0,0s - Variacoes de Produto sincronizados com sucesso | tabela=C000279 | filial=000001
[2026-07-21 17:27:58] [TID=13008] [INFO] [EXPORT] 0 registro(s) sincronizado(s) em 0,0s - Bancos sincronizados com sucesso | tabela=C000013 | filial=000001
[2026-07-21 17:44:34] [TID=7100] [INFO] [SYSTEM] Processando eventos
[2026-07-21 17:44:34] [TID=19044] [INFO] [SYSTEM] Registros pendentes: 1
[2026-07-21 17:44:35] [TID=19044] [INFO] [AUTH] Autenticado com sucesso | filial=000001
[2026-07-21 17:44:35] [TID=19044] [ERROR] [SYNC] 404: {"message":"Registro ou Rota não encontrados:{\"code\":\"not_found\",\"message\":\"Route not found\"}"} | codseq=120033 | coderecord=001 | tabela=C000013 | filial=000001
[2026-07-21 17:44:36] [TID=19044] [INFO] [SYNC] === RESUMO === Tabela C000013 - Sucesso: 0  Erro: 1
--- Log iniciado em 21/07/2026 17:55:56 ---
[2026-07-21 17:55:56] [TID=10472] [INFO] [SYSTEM] Modo banco: INDUSTRIAL
[2026-07-21 17:55:57] [TID=10472] [INFO] [SYSTEM] Processando eventos
[2026-07-21 17:55:57] [TID=12536] [INFO] [SYSTEM] Registros pendentes: 1
[2026-07-21 17:55:57] [TID=12536] [ERROR] [SYNC] 404: {"message":"Registro ou Rota não encontrados:{\"code\":\"not_found\",\"message\":\"Route not found\"}"} | codseq=120033 | coderecord=001 | tabela=C000013 | filial=000001
[2026-07-21 17:55:58] [TID=12536] [INFO] [SYNC] === RESUMO === Tabela C000013 - Sucesso: 0  Erro: 1
--- Log iniciado em 21/07/2026 17:56:19 ---
[2026-07-21 17:56:19] [TID=8156] [INFO] [SYSTEM] Modo banco: INDUSTRIAL
[2026-07-21 17:56:19] [TID=8156] [INFO] [SYSTEM] Processando eventos
[2026-07-21 17:56:19] [TID=8140] [INFO] [SYSTEM] Registros pendentes: 1
[2026-07-21 17:56:19] [TID=8140] [ERROR] [SYNC] 404: {"message":"Registro ou Rota não encontrados:{\"code\":\"not_found\",\"message\":\"Route not found\"}"} | codseq=120033 | coderecord=001 | tabela=C000013 | filial=000001
[2026-07-21 17:56:20] [TID=8140] [INFO] [SYNC] === RESUMO === Tabela C000013 - Sucesso: 0  Erro: 1
--- Log iniciado em 21/07/2026 17:58:30 ---
[2026-07-21 17:58:30] [TID=14476] [INFO] [SYSTEM] Modo banco: INDUSTRIAL
[2026-07-21 17:58:30] [TID=14476] [INFO] [SYSTEM] Processando eventos
[2026-07-21 17:58:30] [TID=1892] [INFO] [SYSTEM] Registros pendentes: 1
[2026-07-21 17:58:30] [TID=1892] [ERROR] [SYNC] 404: {"message":"Registro ou Rota não encontrados:{\"code\":\"not_found\",\"message\":\"Route not found\"}"} | codseq=120033 | coderecord=001 | tabela=C000013 | filial=000001
[2026-07-21 17:58:31] [TID=1892] [INFO] [SYNC] === RESUMO === Tabela C000013 - Sucesso: 0  Erro: 1
--- Log iniciado em 21/07/2026 18:01:20 ---
[2026-07-21 18:01:20] [TID=12204] [INFO] [SYSTEM] Modo banco: INDUSTRIAL
[2026-07-21 18:01:20] [TID=12204] [INFO] [SYSTEM] Processando eventos
[2026-07-21 18:01:20] [TID=12336] [INFO] [SYSTEM] Registros pendentes: 1
[2026-07-21 18:01:21] [TID=12336] [INFO] [AUTH] Autenticado com sucesso | filial=000001
[2026-07-21 18:01:21] [TID=12336] [ERROR] [SYNC] 404: {"message":"Registro ou Rota não encontrados:{\"code\":\"not_found\",\"message\":\"Route not found\"}"} | codseq=120033 | coderecord=001 | tabela=C000013 | filial=000001
[2026-07-21 18:01:22] [TID=12336] [INFO] [SYNC] === RESUMO === Tabela C000013 - Sucesso: 0  Erro: 1
--- Log iniciado em 21/07/2026 18:04:17 ---
[2026-07-21 18:04:17] [TID=16868] [INFO] [SYSTEM] Modo banco: INDUSTRIAL
[2026-07-21 18:04:17] [TID=16868] [INFO] [SYSTEM] Processando eventos
[2026-07-21 18:04:17] [TID=18076] [INFO] [SYSTEM] Registros pendentes: 1
[2026-07-21 18:04:17] [TID=18076] [ERROR] [SYNC] 404: {"message":"Registro ou Rota não encontrados:{\"code\":\"not_found\",\"message\":\"Route not found\"}"} | codseq=120033 | coderecord=001 | tabela=C000013 | filial=000001
[2026-07-21 18:04:18] [TID=18076] [INFO] [SYNC] === RESUMO === Tabela C000013 - Sucesso: 0  Erro: 1
--- Log iniciado em 21/07/2026 18:05:04 ---
[2026-07-21 18:05:04] [TID=10596] [INFO] [SYSTEM] Modo banco: INDUSTRIAL
[2026-07-21 18:05:04] [TID=10596] [INFO] [SYSTEM] Processando eventos
[2026-07-21 18:05:04] [TID=4900] [INFO] [SYSTEM] Registros pendentes: 1
[2026-07-21 18:05:04] [TID=4900] [ERROR] [SYNC] 404: {"message":"Registro ou Rota não encontrados:{\"code\":\"not_found\",\"message\":\"Route not found\"}"} | codseq=120033 | coderecord=001 | tabela=C000013 | filial=000001
[2026-07-21 18:05:05] [TID=4900] [INFO] [SYNC] === RESUMO === Tabela C000013 - Sucesso: 0  Erro: 1
--- Log iniciado em 21/07/2026 18:06:14 ---
[2026-07-21 18:06:14] [TID=12432] [INFO] [SYSTEM] Modo banco: INDUSTRIAL
[2026-07-21 18:06:14] [TID=12432] [INFO] [SYSTEM] Processando eventos
[2026-07-21 18:06:14] [TID=11164] [INFO] [SYSTEM] Registros pendentes: 1
[2026-07-21 18:06:14] [TID=11164] [ERROR] [SYNC] 404: {"message":"Registro ou Rota não encontrados:{\"code\":\"not_found\",\"message\":\"Route not found\"}"} | codseq=120033 | coderecord=001 | tabela=C000013 | filial=000001
[2026-07-21 18:06:15] [TID=11164] [INFO] [SYNC] === RESUMO === Tabela C000013 - Sucesso: 0  Erro: 1
[2026-07-21 18:06:19] [TID=9288] [ERROR] [EXPORT] Erro em Bancos: Field 'codigo' not found | tabela=C000013 | filial=000001
--- Log iniciado em 21/07/2026 18:07:12 ---
[2026-07-21 18:07:12] [TID=19708] [INFO] [SYSTEM] Modo banco: INDUSTRIAL
[2026-07-21 18:07:12] [TID=19708] [INFO] [SYSTEM] Processando eventos
[2026-07-21 18:07:12] [TID=708] [INFO] [SYSTEM] Registros pendentes: 1
[2026-07-21 18:07:12] [TID=708] [ERROR] [SYNC] 404: {"message":"Registro ou Rota não encontrados:{\"code\":\"not_found\",\"message\":\"Route not found\"}"} | codseq=120033 | coderecord=001 | tabela=C000013 | filial=000001
[2026-07-21 18:07:13] [TID=708] [INFO] [SYNC] === RESUMO === Tabela C000013 - Sucesso: 0  Erro: 1
