--- Log iniciado em 04/08/2026 10:43:39 ---
[2026-08-04 10:43:39] [TID=7576] [INFO] [SYSTEM] Modo banco: INDUSTRIAL
[2026-08-04 10:43:39] [TID=7576] [INFO] [SYSTEM] Processando eventos
[2026-08-04 10:43:39] [TID=13736] [INFO] [SYSTEM] Registros pendentes: 0
[2026-08-04 10:43:39] [TID=13736] [INFO] [SYNC] === RESUMO ===
[2026-08-04 10:44:04] [TID=7576] [INFO] [SYSTEM] Processando eventos
[2026-08-04 10:44:04] [TID=12344] [INFO] [SYSTEM] Registros pendentes: 0
[2026-08-04 10:44:04] [TID=12344] [INFO] [SYNC] === RESUMO ===
[2026-08-04 10:45:12] [TID=4692] [INFO] [AUTH] Autenticado com sucesso | filial=000001
[2026-08-04 10:45:12] [TID=4692] [INFO] [EXPORT] 10:45:12 | Enviando lote com 7 registro(s) (7 de 7) | tabela=C000005 | filial=000001
[2026-08-04 10:45:12] [TID=4692] [INFO] [EXPORT] 10:45:12 | Lote de 7 registro(s) enviado com sucesso | tabela=C000005 | filial=000001
[2026-08-04 10:45:12] [TID=4692] [INFO] [EXPORT] 7 registro(s) sincronizado(s) em 0,1s - Regiao de Clientes sincronizados com sucesso | tabela=C000005 | filial=000001
[2026-08-04 10:45:12] [TID=4692] [INFO] [EXPORT] 10:45:12 | Enviando lote com 2 registro(s) (2 de 2) | tabela=C000144 | filial=000001
[2026-08-04 10:45:12] [TID=4692] [INFO] [EXPORT] 10:45:12 | Lote de 2 registro(s) enviado com sucesso | tabela=C000144 | filial=000001
[2026-08-04 10:45:12] [TID=4692] [INFO] [EXPORT] 2 registro(s) sincronizado(s) em 0,0s - Grupos de Cliente sincronizados com sucesso | tabela=C000144 | filial=000001
[2026-08-04 10:45:13] [TID=4692] [INFO] [EXPORT] 10:45:13 | Enviando lote com 785 registro(s) (785 de 785) | tabela=C000007 | filial=000001
[2026-08-04 10:45:13] [TID=4692] [WARN] [SYSTEM] Sanitize removeu 2 char(s) [] em C000007.batch
[2026-08-04 10:45:14] [TID=4692] [INFO] [EXPORT] 10:45:14 | Lote de 785 registro(s) enviado com sucesso | tabela=C000007 | filial=000001
[2026-08-04 10:45:15] [TID=4692] [INFO] [EXPORT] 785 registro(s) sincronizado(s) em 2,4s - Clientes sincronizados com sucesso | tabela=C000007 | filial=000001
[2026-08-04 10:45:15] [TID=4692] [INFO] [EXPORT] 10:45:15 | Enviando lote com 34 registro(s) (34 de 34) | tabela=C000129 | filial=000001
[2026-08-04 10:45:15] [TID=4692] [INFO] [EXPORT] 10:45:15 | Lote de 34 registro(s) enviado com sucesso | tabela=C000129 | filial=000001
[2026-08-04 10:45:15] [TID=4692] [INFO] [EXPORT] 34 registro(s) sincronizado(s) em 0,2s - Cores sincronizados com sucesso | tabela=C000129 | filial=000001
[2026-08-04 10:45:15] [TID=4692] [INFO] [EXPORT] 10:45:15 | Enviando lote com 21 registro(s) (21 de 21) | tabela=C000250 | filial=000001
[2026-08-04 10:45:15] [TID=4692] [INFO] [EXPORT] 10:45:15 | Lote de 21 registro(s) enviado com sucesso | tabela=C000250 | filial=000001
[2026-08-04 10:45:15] [TID=4692] [INFO] [EXPORT] 21 registro(s) sincronizado(s) em 0,1s - Acabamentos sincronizados com sucesso | tabela=C000250 | filial=000001
[2026-08-04 10:45:15] [TID=4692] [INFO] [EXPORT] 10:45:15 | Enviando lote com 4 registro(s) (4 de 4) | tabela=C000233 | filial=000001
[2026-08-04 10:45:15] [TID=4692] [INFO] [EXPORT] 10:45:15 | Lote de 4 registro(s) enviado com sucesso | tabela=C000233 | filial=000001
[2026-08-04 10:45:15] [TID=4692] [INFO] [EXPORT] 4 registro(s) sincronizado(s) em 0,1s - Cenarios de Faturamento sincronizados com sucesso | tabela=C000233 | filial=000001
[2026-08-04 10:45:15] [TID=4692] [INFO] [EXPORT] 10:45:15 | Enviando lote com 121 registro(s) (121 de 121) | tabela=C000009 | filial=000001
[2026-08-04 10:45:15] [TID=4692] [INFO] [EXPORT] 10:45:15 | Lote de 121 registro(s) enviado com sucesso | tabela=C000009 | filial=000001
[2026-08-04 10:45:16] [TID=4692] [INFO] [EXPORT] 121 registro(s) sincronizado(s) em 0,4s - Fornecedores sincronizados com sucesso | tabela=C000009 | filial=000001
[2026-08-04 10:45:16] [TID=4692] [INFO] [EXPORT] 10:45:16 | Enviando lote com 59 registro(s) (59 de 59) | tabela=C000010 | filial=000001
[2026-08-04 10:45:16] [TID=4692] [INFO] [EXPORT] 10:45:16 | Lote de 59 registro(s) enviado com sucesso | tabela=C000010 | filial=000001
[2026-08-04 10:45:16] [TID=4692] [INFO] [EXPORT] 59 registro(s) sincronizado(s) em 0,2s - Transportadores sincronizados com sucesso | tabela=C000010 | filial=000001
[2026-08-04 10:45:16] [TID=4692] [INFO] [EXPORT] 10:45:16 | Enviando lote com 68 registro(s) (68 de 68) | tabela=C000014 | filial=000001
[2026-08-04 10:45:16] [TID=4692] [INFO] [EXPORT] 10:45:16 | Lote de 68 registro(s) enviado com sucesso | tabela=C000014 | filial=000001
[2026-08-04 10:45:16] [TID=4692] [INFO] [EXPORT] 68 registro(s) sincronizado(s) em 0,2s - Tipos de Pagamento sincronizados com sucesso | tabela=C000014 | filial=000001
[2026-08-04 10:45:16] [TID=4692] [INFO] [EXPORT] 10:45:16 | Enviando lote com 26 registro(s) (26 de 26) | tabela=C000015 | filial=000001
[2026-08-04 10:45:16] [TID=4692] [INFO] [EXPORT] 10:45:16 | Lote de 26 registro(s) enviado com sucesso | tabela=C000015 | filial=000001
[2026-08-04 10:45:16] [TID=4692] [INFO] [EXPORT] 26 registro(s) sincronizado(s) em 0,2s - Condicoes de Pagamento sincronizados com sucesso | tabela=C000015 | filial=000001
[2026-08-04 10:45:16] [TID=4692] [INFO] [EXPORT] 10:45:16 | Enviando lote com 3 registro(s) (3 de 3) | tabela=C000017 | filial=000001
[2026-08-04 10:45:16] [TID=4692] [INFO] [EXPORT] 10:45:16 | Lote de 3 registro(s) enviado com sucesso | tabela=C000017 | filial=000001
[2026-08-04 10:45:16] [TID=4692] [INFO] [EXPORT] 3 registro(s) sincronizado(s) em 0,0s - Grupos de Produto sincronizados com sucesso | tabela=C000017 | filial=000001
[2026-08-04 10:45:16] [TID=4692] [INFO] [EXPORT] 10:45:16 | Enviando lote com 90 registro(s) (90 de 90) | tabela=C000018 | filial=000001
[2026-08-04 10:45:16] [TID=4692] [INFO] [EXPORT] 10:45:16 | Lote de 90 registro(s) enviado com sucesso | tabela=C000018 | filial=000001
[2026-08-04 10:45:16] [TID=4692] [INFO] [EXPORT] 90 registro(s) sincronizado(s) em 0,3s - Subgrupos de Produto sincronizados com sucesso | tabela=C000018 | filial=000001
[2026-08-04 10:45:16] [TID=4692] [INFO] [EXPORT] 0 registro(s) sincronizado(s) em 0,0s - Variacoes de Produto sincronizados com sucesso | tabela=C000279 | filial=000001
[2026-08-04 10:45:16] [TID=4692] [INFO] [EXPORT] 10:45:16 | Enviando lote com 66 registro(s) (66 de 66) | tabela=C000008 | filial=000001
[2026-08-04 10:45:17] [TID=4692] [INFO] [EXPORT] 10:45:17 | Lote de 66 registro(s) enviado com sucesso | tabela=C000008 | filial=000001
[2026-08-04 10:45:17] [TID=4692] [INFO] [EXPORT] 66 registro(s) sincronizado(s) em 0,2s - Funcionarios sincronizados com sucesso | tabela=C000008 | filial=000001
[2026-08-04 10:49:21] [TID=7576] [INFO] [SYSTEM] Processando eventos
[2026-08-04 10:49:21] [TID=17340] [INFO] [SYSTEM] Registros pendentes: 1
[2026-08-04 10:49:21] [TID=17340] [INFO] [SYNC] Evento sincronizado com sucesso | codseq=188221 | coderecord=000106 | tabela=C000007 | filial=000001
[2026-08-04 10:49:22] [TID=17340] [INFO] [SYNC] === RESUMO === Tabela C000007 - Sucesso: 1  Erro: 0
[2026-08-04 10:50:39] [TID=7576] [INFO] [SYSTEM] Processando eventos
[2026-08-04 10:50:39] [TID=16848] [INFO] [SYSTEM] Registros pendentes: 1
[2026-08-04 10:50:39] [TID=16848] [INFO] [SYNC] Evento sincronizado com sucesso | codseq=188222 | coderecord=000106 | tabela=C000007 | filial=000001
[2026-08-04 10:50:40] [TID=16848] [INFO] [SYNC] === RESUMO === Tabela C000007 - Sucesso: 1  Erro: 0
--- Log iniciado em 04/08/2026 13:40:44 ---
[2026-08-04 13:40:44] [TID=16944] [INFO] [SYSTEM] Modo banco: INDUSTRIAL
[2026-08-04 13:40:44] [TID=16944] [INFO] [SYSTEM] Processando eventos
[2026-08-04 13:40:44] [TID=7860] [INFO] [SYSTEM] Registros pendentes: 0
[2026-08-04 13:40:44] [TID=7860] [INFO] [SYNC] === RESUMO ===
--- Log iniciado em 04/08/2026 13:44:45 ---
[2026-08-04 13:44:45] [TID=17336] [INFO] [SYSTEM] Modo banco: INDUSTRIAL
[2026-08-04 13:44:45] [TID=17336] [INFO] [SYSTEM] Processando eventos
[2026-08-04 13:44:45] [TID=17484] [INFO] [SYSTEM] Registros pendentes: 0
[2026-08-04 13:44:45] [TID=17484] [INFO] [SYNC] === RESUMO ===
--- Log iniciado em 04/08/2026 14:08:06 ---
[2026-08-04 14:08:06] [TID=17960] [INFO] [SYSTEM] Modo banco: INDUSTRIAL
[2026-08-04 14:08:06] [TID=17960] [INFO] [SYSTEM] Processando eventos
[2026-08-04 14:08:06] [TID=15148] [INFO] [SYSTEM] Registros pendentes: 0
[2026-08-04 14:08:06] [TID=15148] [INFO] [SYNC] === RESUMO ===
[2026-08-04 14:08:12] [TID=12284] [INFO] [AUTH] Autenticado com sucesso | filial=000001
[2026-08-04 14:08:12] [TID=12284] [INFO] [EXPORT] 0 registro(s) sincronizado(s) em 0,0s - Grupos de Produto sincronizados com sucesso | tabela=C000017 | filial=000001
[2026-08-04 14:08:12] [TID=12284] [INFO] [EXPORT] 0 registro(s) sincronizado(s) em 0,0s - Subgrupos de Produto sincronizados com sucesso | tabela=C000018 | filial=000001
[2026-08-04 14:08:12] [TID=12284] [ERROR] [EXPORT] Falha ao sincronizar C000025: Field 'origem' not found | tabela=C000025 | filial=000001
[2026-08-04 14:08:12] [TID=12284] [ERROR] [SYNC] Grupo abortado por falha em dependência: chkProdutos | filial=000001
--- Log iniciado em 04/08/2026 14:17:24 ---
[2026-08-04 14:17:24] [TID=16064] [INFO] [SYSTEM] Modo banco: INDUSTRIAL
[2026-08-04 14:17:24] [TID=16064] [INFO] [SYSTEM] Processando eventos
[2026-08-04 14:17:24] [TID=1852] [INFO] [SYSTEM] Registros pendentes: 0
[2026-08-04 14:17:24] [TID=1852] [INFO] [SYNC] === RESUMO ===
[2026-08-04 14:17:30] [TID=4132] [INFO] [EXPORT] 0 registro(s) sincronizado(s) em 0,0s - Grupos de Produto sincronizados com sucesso | tabela=C000017 | filial=000001
[2026-08-04 14:17:30] [TID=4132] [INFO] [EXPORT] 0 registro(s) sincronizado(s) em 0,0s - Subgrupos de Produto sincronizados com sucesso | tabela=C000018 | filial=000001
[2026-08-04 14:17:30] [TID=4132] [ERROR] [EXPORT] Falha ao sincronizar C000025: Field 'possuivariacaocor' not found | tabela=C000025 | filial=000001
[2026-08-04 14:17:30] [TID=4132] [ERROR] [SYNC] Grupo abortado por falha em dependência: chkProdutos | filial=000001
--- Log iniciado em 04/08/2026 14:18:06 ---
[2026-08-04 14:18:06] [TID=15812] [INFO] [SYSTEM] Modo banco: INDUSTRIAL
[2026-08-04 14:18:06] [TID=15812] [INFO] [SYSTEM] Processando eventos
[2026-08-04 14:18:06] [TID=8044] [INFO] [SYSTEM] Registros pendentes: 0
[2026-08-04 14:18:06] [TID=8044] [INFO] [SYNC] === RESUMO ===
[2026-08-04 14:18:25] [TID=17076] [INFO] [EXPORT] 0 registro(s) sincronizado(s) em 0,0s - Grupos de Produto sincronizados com sucesso | tabela=C000017 | filial=000001
[2026-08-04 14:18:25] [TID=17076] [INFO] [EXPORT] 0 registro(s) sincronizado(s) em 0,0s - Subgrupos de Produto sincronizados com sucesso | tabela=C000018 | filial=000001
[2026-08-04 14:18:26] [TID=17076] [ERROR] [EXPORT] Falha ao sincronizar C000025: Field 'idgrupo' not found | tabela=C000025 | filial=000001
[2026-08-04 14:18:26] [TID=17076] [ERROR] [SYNC] Grupo abortado por falha em dependência: chkProdutos | filial=000001
--- Log iniciado em 04/08/2026 14:19:24 ---
[2026-08-04 14:19:24] [TID=14648] [INFO] [SYSTEM] Modo banco: INDUSTRIAL
[2026-08-04 14:19:24] [TID=14648] [INFO] [SYSTEM] Processando eventos
[2026-08-04 14:19:24] [TID=18056] [INFO] [SYSTEM] Registros pendentes: 0
[2026-08-04 14:19:24] [TID=18056] [INFO] [SYNC] === RESUMO ===
[2026-08-04 14:19:31] [TID=8224] [INFO] [EXPORT] 0 registro(s) sincronizado(s) em 0,0s - Grupos de Produto sincronizados com sucesso | tabela=C000017 | filial=000001
[2026-08-04 14:19:31] [TID=8224] [INFO] [EXPORT] 0 registro(s) sincronizado(s) em 0,0s - Subgrupos de Produto sincronizados com sucesso | tabela=C000018 | filial=000001
[2026-08-04 14:19:31] [TID=8224] [ERROR] [EXPORT] Falha ao sincronizar C000025: Field 'idgrupo' not found | tabela=C000025 | filial=000001
[2026-08-04 14:19:31] [TID=8224] [ERROR] [SYNC] Grupo abortado por falha em dependência: chkProdutos | filial=000001
--- Log iniciado em 04/08/2026 14:20:51 ---
[2026-08-04 14:20:51] [TID=16248] [INFO] [SYSTEM] Modo banco: INDUSTRIAL
[2026-08-04 14:20:51] [TID=16248] [INFO] [SYSTEM] Processando eventos
[2026-08-04 14:20:51] [TID=9244] [INFO] [SYSTEM] Registros pendentes: 0
[2026-08-04 14:20:51] [TID=9244] [INFO] [SYNC] === RESUMO ===
[2026-08-04 14:20:54] [TID=12920] [INFO] [EXPORT] 0 registro(s) sincronizado(s) em 0,0s - Grupos de Produto sincronizados com sucesso | tabela=C000017 | filial=000001
[2026-08-04 14:20:54] [TID=12920] [INFO] [EXPORT] 0 registro(s) sincronizado(s) em 0,0s - Subgrupos de Produto sincronizados com sucesso | tabela=C000018 | filial=000001
[2026-08-04 14:20:54] [TID=12920] [ERROR] [EXPORT] Falha ao sincronizar C000025: Field 'idgrupo' not found | tabela=C000025 | filial=000001
[2026-08-04 14:20:54] [TID=12920] [ERROR] [SYNC] Grupo abortado por falha em dependência: chkProdutos | filial=000001
--- Log iniciado em 04/08/2026 14:21:50 ---
[2026-08-04 14:21:50] [TID=1948] [INFO] [SYSTEM] Modo banco: INDUSTRIAL
[2026-08-04 14:21:50] [TID=1948] [INFO] [SYSTEM] Processando eventos
[2026-08-04 14:21:50] [TID=18444] [INFO] [SYSTEM] Registros pendentes: 0
[2026-08-04 14:21:50] [TID=18444] [INFO] [SYNC] === RESUMO ===
[2026-08-04 14:21:54] [TID=19012] [INFO] [EXPORT] 0 registro(s) sincronizado(s) em 0,0s - Grupos de Produto sincronizados com sucesso | tabela=C000017 | filial=000001
[2026-08-04 14:21:54] [TID=19012] [INFO] [EXPORT] 0 registro(s) sincronizado(s) em 0,0s - Subgrupos de Produto sincronizados com sucesso | tabela=C000018 | filial=000001
[2026-08-04 14:21:54] [TID=19012] [ERROR] [EXPORT] Falha ao sincronizar C000025: Field 'idgrupo' not found | tabela=C000025 | filial=000001
[2026-08-04 14:21:54] [TID=19012] [ERROR] [SYNC] Grupo abortado por falha em dependência: chkProdutos | filial=000001
--- Log iniciado em 04/08/2026 14:24:29 ---
[2026-08-04 14:24:29] [TID=19204] [INFO] [SYSTEM] Modo banco: INDUSTRIAL
[2026-08-04 14:24:29] [TID=19204] [INFO] [SYSTEM] Processando eventos
[2026-08-04 14:24:29] [TID=3124] [INFO] [SYSTEM] Registros pendentes: 0
[2026-08-04 14:24:29] [TID=3124] [INFO] [SYNC] === RESUMO ===
[2026-08-04 14:24:38] [TID=11952] [INFO] [AUTH] Autenticado com sucesso | filial=000001
[2026-08-04 14:24:38] [TID=11952] [INFO] [EXPORT] 0 registro(s) sincronizado(s) em 0,0s - Grupos de Produto sincronizados com sucesso | tabela=C000017 | filial=000001
[2026-08-04 14:24:39] [TID=11952] [INFO] [EXPORT] 0 registro(s) sincronizado(s) em 0,1s - Subgrupos de Produto sincronizados com sucesso | tabela=C000018 | filial=000001
[2026-08-04 14:24:39] [TID=11952] [ERROR] [EXPORT] Falha ao sincronizar C000025: Field 'idgrupo' not found | tabela=C000025 | filial=000001
[2026-08-04 14:24:41] [TID=11952] [ERROR] [SYNC] Grupo abortado por falha em dependência: chkProdutos | filial=000001
[2026-08-04 14:24:41] [TID=13868] [INFO] [AUTH] Autenticado com sucesso | filial=000001
[2026-08-04 14:24:42] [TID=13868] [INFO] [EXPORT] 0 registro(s) sincronizado(s) em 0,2s - Grupos de Produto sincronizados com sucesso | tabela=C000017 | filial=000001
[2026-08-04 14:24:44] [TID=13868] [INFO] [EXPORT] 0 registro(s) sincronizado(s) em 0,3s - Subgrupos de Produto sincronizados com sucesso | tabela=C000018 | filial=000001
[2026-08-04 14:24:47] [TID=13868] [ERROR] [EXPORT] Falha ao sincronizar C000025: Field 'idgrupo' not found | tabela=C000025 | filial=000001
[2026-08-04 14:24:48] [TID=13868] [ERROR] [SYNC] Grupo abortado por falha em dependência: chkProdutos | filial=000001
--- Log iniciado em 04/08/2026 14:25:22 ---
[2026-08-04 14:25:22] [TID=16516] [INFO] [SYSTEM] Modo banco: INDUSTRIAL
[2026-08-04 14:25:22] [TID=16516] [INFO] [SYSTEM] Processando eventos
[2026-08-04 14:25:22] [TID=17988] [INFO] [SYSTEM] Registros pendentes: 0
[2026-08-04 14:25:22] [TID=17988] [INFO] [SYNC] === RESUMO ===
[2026-08-04 14:25:25] [TID=1804] [INFO] [EXPORT] 0 registro(s) sincronizado(s) em 0,0s - Grupos de Produto sincronizados com sucesso | tabela=C000017 | filial=000001
[2026-08-04 14:25:25] [TID=1804] [INFO] [EXPORT] 0 registro(s) sincronizado(s) em 0,0s - Subgrupos de Produto sincronizados com sucesso | tabela=C000018 | filial=000001
[2026-08-04 14:25:25] [TID=1804] [ERROR] [EXPORT] Falha ao sincronizar C000025: Field 'idgrupo' not found | tabela=C000025 | filial=000001
[2026-08-04 14:25:25] [TID=1804] [ERROR] [SYNC] Grupo abortado por falha em dependência: chkProdutos | filial=000001
--- Log iniciado em 04/08/2026 14:29:17 ---
[2026-08-04 14:29:17] [TID=16504] [INFO] [SYSTEM] Modo banco: INDUSTRIAL
[2026-08-04 14:29:17] [TID=16504] [INFO] [SYSTEM] Processando eventos
[2026-08-04 14:29:17] [TID=4196] [INFO] [SYSTEM] Registros pendentes: 0
[2026-08-04 14:29:17] [TID=4196] [INFO] [SYNC] === RESUMO ===
[2026-08-04 14:29:22] [TID=17144] [INFO] [EXPORT] 0 registro(s) sincronizado(s) em 0,0s - Grupos de Produto sincronizados com sucesso | tabela=C000017 | filial=000001
[2026-08-04 14:29:22] [TID=17144] [INFO] [EXPORT] 0 registro(s) sincronizado(s) em 0,0s - Subgrupos de Produto sincronizados com sucesso | tabela=C000018 | filial=000001
[2026-08-04 14:29:22] [TID=17144] [ERROR] [EXPORT] Falha ao sincronizar C000025: '01KZ6GAZ1HCH2TAKCX30G90FBD' is not a valid integer value | tabela=C000025 | filial=000001
[2026-08-04 14:29:22] [TID=17144] [ERROR] [SYNC] Grupo abortado por falha em dependência: chkProdutos | filial=000001
--- Log iniciado em 04/08/2026 14:31:17 ---
[2026-08-04 14:31:17] [TID=9440] [INFO] [SYSTEM] Modo banco: INDUSTRIAL
[2026-08-04 14:31:17] [TID=9440] [INFO] [SYSTEM] Processando eventos
[2026-08-04 14:31:17] [TID=15600] [INFO] [SYSTEM] Registros pendentes: 0
[2026-08-04 14:31:17] [TID=15600] [INFO] [SYNC] === RESUMO ===
[2026-08-04 14:31:34] [TID=8540] [INFO] [EXPORT] 0 registro(s) sincronizado(s) em 0,0s - Grupos de Produto sincronizados com sucesso | tabela=C000017 | filial=000001
[2026-08-04 14:31:34] [TID=8540] [INFO] [EXPORT] 0 registro(s) sincronizado(s) em 0,0s - Subgrupos de Produto sincronizados com sucesso | tabela=C000018 | filial=000001
[2026-08-04 14:31:34] [TID=8540] [INFO] [EXPORT] 14:31:34 | Enviando lote com 1000 registro(s) (1000 de 2492) | tabela=C000025 | filial=000001
[2026-08-04 14:31:35] [TID=8540] [ERROR] [EXPORT] Falha ao sincronizar C000025: Access violation at address 00C99CA2 in module 'cucabrasil_proloja_datasync.exe' (offset 9CA2). Read of address 000204CC | tabela=C000025 | filial=000001
[2026-08-04 14:31:35] [TID=8540] [ERROR] [SYNC] Grupo abortado por falha em dependência: chkProdutos | filial=000001
--- Log iniciado em 04/08/2026 14:34:21 ---
[2026-08-04 14:34:21] [TID=4520] [INFO] [SYSTEM] Modo banco: INDUSTRIAL
[2026-08-04 14:34:21] [TID=4520] [INFO] [SYSTEM] Processando eventos
[2026-08-04 14:34:21] [TID=18700] [INFO] [SYSTEM] Registros pendentes: 0
[2026-08-04 14:34:21] [TID=18700] [INFO] [SYNC] === RESUMO ===
[2026-08-04 14:34:24] [TID=18028] [INFO] [EXPORT] 0 registro(s) sincronizado(s) em 0,0s - Grupos de Produto sincronizados com sucesso | tabela=C000017 | filial=000001
[2026-08-04 14:34:24] [TID=18028] [INFO] [EXPORT] 0 registro(s) sincronizado(s) em 0,0s - Subgrupos de Produto sincronizados com sucesso | tabela=C000018 | filial=000001
[2026-08-04 14:34:24] [TID=18028] [INFO] [EXPORT] 14:34:24 | Enviando lote com 1000 registro(s) (1000 de 2492) | tabela=C000025 | filial=000001
[2026-08-04 14:34:24] [TID=18028] [ERROR] [EXPORT] Falha ao sincronizar C000025: Access violation at address 00989CA2 in module 'cucabrasil_proloja_datasync.exe' (offset 9CA2). Read of address 000204CC | tabela=C000025 | filial=000001
[2026-08-04 14:34:24] [TID=18028] [ERROR] [SYNC] Grupo abortado por falha em dependência: chkProdutos | filial=000001
[2026-08-04 14:35:45] [TID=13720] [INFO] [EXPORT] 0 registro(s) sincronizado(s) em 22,3s - Grupos de Produto sincronizados com sucesso | tabela=C000017 | filial=000001
[2026-08-04 14:35:50] [TID=13720] [INFO] [EXPORT] 0 registro(s) sincronizado(s) em 5,7s - Subgrupos de Produto sincronizados com sucesso | tabela=C000018 | filial=000001
[2026-08-04 14:35:57] [TID=13720] [INFO] [EXPORT] 14:35:57 | Enviando lote com 1000 registro(s) (1000 de 2492) | tabela=C000025 | filial=000001
--- Log iniciado em 04/08/2026 14:45:05 ---
[2026-08-04 14:45:05] [TID=11508] [INFO] [SYSTEM] Modo banco: INDUSTRIAL
[2026-08-04 14:45:05] [TID=11508] [INFO] [SYSTEM] Processando eventos
[2026-08-04 14:45:05] [TID=21116] [INFO] [SYSTEM] Registros pendentes: 0
[2026-08-04 14:45:05] [TID=21116] [INFO] [SYNC] === RESUMO ===
[2026-08-04 14:45:09] [TID=21308] [INFO] [AUTH] Autenticado com sucesso | filial=000001
[2026-08-04 14:45:14] [TID=21308] [INFO] [EXPORT] 0 registro(s) sincronizado(s) em 5,0s - Grupos de Produto sincronizados com sucesso | tabela=C000017 | filial=000001
[2026-08-04 14:45:18] [TID=21308] [INFO] [EXPORT] 0 registro(s) sincronizado(s) em 3,8s - Subgrupos de Produto sincronizados com sucesso | tabela=C000018 | filial=000001
[2026-08-04 14:49:22] [TID=21308] [INFO] [EXPORT] 14:49:22 | Enviando lote com 1000 registro(s) (1000 de 2492) | tabela=C000025 | filial=000001
[2026-08-04 14:50:01] [TID=21308] [ERROR] [EXPORT] Falha ao sincronizar C000025: Access violation at address 00989CA2 in module 'cucabrasil_proloja_datasync.exe' (offset 9CA2). Read of address 000204CC | tabela=C000025 | filial=000001
[2026-08-04 14:50:01] [TID=21308] [ERROR] [SYNC] Grupo abortado por falha em dependência: chkProdutos | filial=000001
[2026-08-04 14:50:06] [TID=15308] [INFO] [EXPORT] 0 registro(s) sincronizado(s) em 1,4s - Grupos de Produto sincronizados com sucesso | tabela=C000017 | filial=000001
[2026-08-04 14:50:07] [TID=15308] [INFO] [EXPORT] 0 registro(s) sincronizado(s) em 0,8s - Subgrupos de Produto sincronizados com sucesso | tabela=C000018 | filial=000001
[2026-08-04 14:50:30] [TID=15308] [INFO] [EXPORT] 14:50:30 | Enviando lote com 1000 registro(s) (1000 de 2492) | tabela=C000025 | filial=000001
[2026-08-04 14:51:15] [TID=15308] [ERROR] [EXPORT] Falha ao sincronizar C000025: Access violation at address 00989CA2 in module 'cucabrasil_proloja_datasync.exe' (offset 9CA2). Read of address 000204CC | tabela=C000025 | filial=000001
[2026-08-04 14:51:15] [TID=15308] [ERROR] [SYNC] Grupo abortado por falha em dependência: chkProdutos | filial=000001
[2026-08-04 14:57:48] [TID=15864] [INFO] [EXPORT] 0 registro(s) sincronizado(s) em 1,5s - Grupos de Produto sincronizados com sucesso | tabela=C000017 | filial=000001
[2026-08-04 14:57:48] [TID=15864] [INFO] [EXPORT] 0 registro(s) sincronizado(s) em 0,8s - Subgrupos de Produto sincronizados com sucesso | tabela=C000018 | filial=000001
[2026-08-04 14:57:53] [TID=15864] [INFO] [EXPORT] 14:57:53 | Enviando lote com 1000 registro(s) (1000 de 2492) | tabela=C000025 | filial=000001
[2026-08-04 14:58:09] [TID=15864] [ERROR] [EXPORT] Falha ao sincronizar C000025: Access violation at address 00989CA2 in module 'cucabrasil_proloja_datasync.exe' (offset 9CA2). Read of address 000204CC | tabela=C000025 | filial=000001
[2026-08-04 14:58:09] [TID=15864] [ERROR] [SYNC] Grupo abortado por falha em dependência: chkProdutos | filial=000001
[2026-08-04 14:58:21] [TID=17224] [INFO] [EXPORT] 0 registro(s) sincronizado(s) em 0,0s - Grupos de Produto sincronizados com sucesso | tabela=C000017 | filial=000001
[2026-08-04 14:58:21] [TID=17224] [INFO] [EXPORT] 0 registro(s) sincronizado(s) em 0,0s - Subgrupos de Produto sincronizados com sucesso | tabela=C000018 | filial=000001
[2026-08-04 14:58:21] [TID=17224] [INFO] [EXPORT] 14:58:21 | Enviando lote com 1000 registro(s) (1000 de 2492) | tabela=C000025 | filial=000001
[2026-08-04 14:58:34] [TID=17224] [ERROR] [EXPORT] Falha ao sincronizar C000025: Access violation at address 00989CA2 in module 'cucabrasil_proloja_datasync.exe' (offset 9CA2). Read of address 00000800 | tabela=C000025 | filial=000001
[2026-08-04 14:58:34] [TID=17224] [ERROR] [SYNC] Grupo abortado por falha em dependência: chkProdutos | filial=000001
[2026-08-04 14:58:39] [TID=15644] [INFO] [EXPORT] 0 registro(s) sincronizado(s) em 0,0s - Grupos de Produto sincronizados com sucesso | tabela=C000017 | filial=000001
[2026-08-04 14:58:39] [TID=15644] [INFO] [EXPORT] 0 registro(s) sincronizado(s) em 0,0s - Subgrupos de Produto sincronizados com sucesso | tabela=C000018 | filial=000001
[2026-08-04 14:58:39] [TID=15644] [INFO] [EXPORT] 14:58:39 | Enviando lote com 1000 registro(s) (1000 de 2492) | tabela=C000025 | filial=000001
[2026-08-04 14:58:55] [TID=15644] [ERROR] [EXPORT] Falha ao sincronizar C000025: Access violation at address 00989CA2 in module 'cucabrasil_proloja_datasync.exe' (offset 9CA2). Read of address 00000800 | tabela=C000025 | filial=000001
[2026-08-04 14:58:55] [TID=15644] [ERROR] [SYNC] Grupo abortado por falha em dependência: chkProdutos | filial=000001
--- Log iniciado em 04/08/2026 14:59:06 ---
[2026-08-04 14:59:06] [TID=17784] [INFO] [SYSTEM] Modo banco: INDUSTRIAL
[2026-08-04 14:59:07] [TID=17784] [INFO] [SYSTEM] Processando eventos
[2026-08-04 14:59:07] [TID=20768] [INFO] [SYSTEM] Registros pendentes: 0
[2026-08-04 14:59:07] [TID=20768] [INFO] [SYNC] === RESUMO ===
[2026-08-04 14:59:11] [TID=20912] [INFO] [EXPORT] 0 registro(s) sincronizado(s) em 0,0s - Grupos de Produto sincronizados com sucesso | tabela=C000017 | filial=000001
[2026-08-04 14:59:11] [TID=20912] [INFO] [EXPORT] 0 registro(s) sincronizado(s) em 0,0s - Subgrupos de Produto sincronizados com sucesso | tabela=C000018 | filial=000001
[2026-08-04 14:59:11] [TID=20912] [INFO] [EXPORT] 14:59:11 | Enviando lote com 1000 registro(s) (1000 de 2492) | tabela=C000025 | filial=000001
[2026-08-04 15:00:24] [TID=20912] [ERROR] [EXPORT] Falha ao sincronizar C000025: Access violation at address 00989CA2 in module 'cucabrasil_proloja_datasync.exe' (offset 9CA2). Read of address 000204CC | tabela=C000025 | filial=000001
[2026-08-04 15:00:24] [TID=20912] [ERROR] [SYNC] Grupo abortado por falha em dependência: chkProdutos | filial=000001
[2026-08-04 15:00:51] [TID=21008] [INFO] [AUTH] Autenticado com sucesso | filial=000001
[2026-08-04 15:00:51] [TID=21008] [INFO] [EXPORT] 0 registro(s) sincronizado(s) em 0,0s - Grupos de Produto sincronizados com sucesso | tabela=C000017 | filial=000001
[2026-08-04 15:00:51] [TID=21008] [INFO] [EXPORT] 0 registro(s) sincronizado(s) em 0,0s - Subgrupos de Produto sincronizados com sucesso | tabela=C000018 | filial=000001
[2026-08-04 15:01:01] [TID=21008] [INFO] [EXPORT] 15:01:01 | Enviando lote com 1000 registro(s) (1000 de 2492) | tabela=C000025 | filial=000001
[2026-08-04 15:01:03] [TID=21008] [ERROR] [EXPORT] Falha ao sincronizar C000025: Access violation at address 00989CA2 in module 'cucabrasil_proloja_datasync.exe' (offset 9CA2). Read of address 000204CC | tabela=C000025 | filial=000001
[2026-08-04 15:01:03] [TID=21008] [ERROR] [SYNC] Grupo abortado por falha em dependência: chkProdutos | filial=000001
[2026-08-04 15:01:32] [TID=12580] [INFO] [EXPORT] 0 registro(s) sincronizado(s) em 0,0s - Grupos de Produto sincronizados com sucesso | tabela=C000017 | filial=000001
[2026-08-04 15:01:32] [TID=12580] [INFO] [EXPORT] 0 registro(s) sincronizado(s) em 0,0s - Subgrupos de Produto sincronizados com sucesso | tabela=C000018 | filial=000001
[2026-08-04 15:01:46] [TID=12580] [INFO] [EXPORT] 15:01:46 | Enviando lote com 1000 registro(s) (1000 de 2492) | tabela=C000025 | filial=000001
--- Log iniciado em 04/08/2026 15:56:23 ---
[2026-08-04 15:56:23] [TID=18452] [INFO] [SYSTEM] Modo banco: INDUSTRIAL
[2026-08-04 15:56:23] [TID=18452] [INFO] [SYSTEM] Processando eventos
[2026-08-04 15:56:24] [TID=17956] [INFO] [SYSTEM] Registros pendentes: 0
[2026-08-04 15:56:24] [TID=17956] [INFO] [SYNC] === RESUMO ===
