--- Log iniciado em 16/07/2026 10:50:26 ---
[2026-07-16 10:50:26] [TID=17580] [INFO] [SYSTEM] Modo banco: INDUSTRIAL
[2026-07-16 10:50:26] [TID=17580] [INFO] [SYSTEM] Processando eventos
[2026-07-16 10:50:26] [TID=11404] [INFO] [SYSTEM] Registros pendentes: 0
[2026-07-16 10:50:26] [TID=11404] [INFO] [SYNC] === RESUMO ===
--- Log iniciado em 16/07/2026 11:02:14 ---
[2026-07-16 11:02:14] [TID=21060] [INFO] [SYSTEM] Modo banco: INDUSTRIAL
[2026-07-16 11:02:14] [TID=21060] [INFO] [SYSTEM] Processando eventos
[2026-07-16 11:02:14] [TID=2544] [INFO] [SYSTEM] Registros pendentes: 0
[2026-07-16 11:02:14] [TID=2544] [INFO] [SYNC] === RESUMO ===
[2026-07-16 11:02:20] [TID=10760] [INFO] [AUTH] Autenticado com sucesso | filial=000001
[2026-07-16 11:02:20] [TID=10760] [INFO] [EXPORT] 0 registro(s) sincronizado(s) em 0,0s - Grupos de Cliente sincronizados com sucesso
[2026-07-16 11:02:28] [TID=21060] [INFO] [SYSTEM] Processando eventos
[2026-07-16 11:02:28] [TID=18340] [INFO] [SYSTEM] Registros pendentes: 2
[2026-07-16 11:02:28] [TID=18340] [INFO] [SYNC] Evento sincronizado com sucesso | codseq=12097 | coderecord=000001 | tabela=C000144
[2026-07-16 11:02:29] [TID=18340] [INFO] [SYNC] Evento sincronizado com sucesso | codseq=12098 | coderecord=000002 | tabela=C000144
[2026-07-16 11:02:30] [TID=18340] [INFO] [SYNC] === RESUMO === Tabela C000144 - Sucesso: 2  Erro: 0
[2026-07-16 11:02:31] [TID=16280] [INFO] [EXPORT] 0 registro(s) sincronizado(s) em 0,0s - Grupos de Cliente sincronizados com sucesso
--- Log iniciado em 16/07/2026 13:36:33 ---
[2026-07-16 13:36:33] [TID=14428] [INFO] [SYSTEM] Modo banco: INDUSTRIAL
[2026-07-16 13:36:33] [TID=14428] [INFO] [SYSTEM] Processando eventos
[2026-07-16 13:36:33] [TID=18900] [INFO] [SYSTEM] Registros pendentes: 0
[2026-07-16 13:36:33] [TID=18900] [INFO] [SYNC] === RESUMO ===
[2026-07-16 13:36:38] [TID=18500] [INFO] [AUTH] Autenticado com sucesso | filial=000001
[2026-07-16 13:36:39] [TID=18500] [INFO] [EXPORT] 0 registro(s) sincronizado(s) em 0,2s - Clientes sincronizados com sucesso
[2026-07-16 13:36:39] [TID=18500] [INFO] [EXPORT] 13:36:39 | Enviando lote com 1000 registro(s) (1000 de 2493)
[2026-07-16 13:36:39] [TID=18500] [INFO] [EXPORT] 13:36:39 | Lote falhou: 404: {"message":"Registro ou Rota não encontrados:{\"code\":\"not_found\",\"message\":\"Route not found\"}"}
[2026-07-16 13:36:39] [TID=18500] [INFO] [EXPORT] 13:36:39 | Enviando lote com 1000 registro(s) (2000 de 2493)
[2026-07-16 13:36:39] [TID=18500] [INFO] [EXPORT] 13:36:39 | Lote falhou: 404: {"message":"Registro ou Rota não encontrados:{\"code\":\"not_found\",\"message\":\"Route not found\"}"}
[2026-07-16 13:36:39] [TID=18500] [INFO] [EXPORT] 13:36:39 | Enviando lote com 493 registro(s) (2493 de 2493)
[2026-07-16 13:36:39] [TID=18500] [INFO] [EXPORT] 13:36:39 | Lote falhou: 404: {"message":"Registro ou Rota não encontrados:{\"code\":\"not_found\",\"message\":\"Route not found\"}"}
[2026-07-16 13:36:39] [TID=18500] [ERROR] [EXPORT] 2493 registro(s) com erro em 0,2s - Erro em Produtos: 404: {"message":"Registro ou Rota não encontrados:{\"code\":\"not_found\",\"message\":\"Route not found\"}"}
[2026-07-16 13:36:39] [TID=18500] [INFO] [EXPORT] 0 registro(s) sincronizado(s) em 0,0s - Acabamentos sincronizados com sucesso
[2026-07-16 13:36:39] [TID=18500] [INFO] [EXPORT] 0 registro(s) sincronizado(s) em 0,0s - Cenarios de Faturamento sincronizados com sucesso
[2026-07-16 13:36:39] [TID=18500] [INFO] [EXPORT] 0 registro(s) sincronizado(s) em 0,0s - Tipos de Pagamento sincronizados com sucesso
[2026-07-16 13:36:39] [TID=18500] [INFO] [EXPORT] 0 registro(s) sincronizado(s) em 0,0s - Condicoes de Pagamento sincronizados com sucesso
[2026-07-16 13:36:39] [TID=18500] [INFO] [EXPORT] 0 registro(s) sincronizado(s) em 0,0s - Cores sincronizados com sucesso
[2026-07-16 13:36:39] [TID=18500] [INFO] [EXPORT] 0 registro(s) sincronizado(s) em 0,1s - Fornecedores sincronizados com sucesso
[2026-07-16 13:36:39] [TID=18500] [INFO] [EXPORT] 0 registro(s) sincronizado(s) em 0,0s - Grupos de Cliente sincronizados com sucesso
--- Log iniciado em 16/07/2026 13:41:04 ---
[2026-07-16 13:41:04] [TID=10436] [INFO] [SYSTEM] Modo banco: INDUSTRIAL
[2026-07-16 13:41:04] [TID=10436] [INFO] [SYSTEM] Processando eventos
[2026-07-16 13:41:04] [TID=11228] [INFO] [SYSTEM] Registros pendentes: 0
[2026-07-16 13:41:04] [TID=11228] [INFO] [SYNC] === RESUMO ===
[2026-07-16 13:41:12] [TID=3860] [INFO] [EXPORT] 0 registro(s) sincronizado(s) em 0,0s - Clientes sincronizados com sucesso
[2026-07-16 13:41:12] [TID=3860] [INFO] [EXPORT] 13:41:12 | Enviando lote com 1000 registro(s) (1000 de 2493)
[2026-07-16 13:41:13] [TID=3860] [INFO] [EXPORT] 13:41:13 | Lote falhou: 404: {"message":"Registro ou Rota não encontrados:{\"code\":\"not_found\",\"message\":\"Route not found\"}"}
[2026-07-16 13:41:13] [TID=3860] [INFO] [EXPORT] 13:41:13 | Enviando lote com 1000 registro(s) (2000 de 2493)
[2026-07-16 13:41:13] [TID=3860] [INFO] [EXPORT] 13:41:13 | Lote falhou: 404: {"message":"Registro ou Rota não encontrados:{\"code\":\"not_found\",\"message\":\"Route not found\"}"}
[2026-07-16 13:41:13] [TID=3860] [INFO] [EXPORT] 13:41:13 | Enviando lote com 493 registro(s) (2493 de 2493)
[2026-07-16 13:41:13] [TID=3860] [INFO] [EXPORT] 13:41:13 | Lote falhou: 404: {"message":"Registro ou Rota não encontrados:{\"code\":\"not_found\",\"message\":\"Route not found\"}"}
[2026-07-16 13:41:13] [TID=3860] [ERROR] [EXPORT] 2493 registro(s) com erro em 0,6s - Erro em Produtos: 404: {"message":"Registro ou Rota não encontrados:{\"code\":\"not_found\",\"message\":\"Route not found\"}"}
[2026-07-16 13:41:13] [TID=3860] [INFO] [EXPORT] 0 registro(s) sincronizado(s) em 0,0s - Acabamentos sincronizados com sucesso
[2026-07-16 13:41:13] [TID=3860] [INFO] [EXPORT] 0 registro(s) sincronizado(s) em 0,0s - Cenarios de Faturamento sincronizados com sucesso
[2026-07-16 13:41:13] [TID=3860] [INFO] [EXPORT] 0 registro(s) sincronizado(s) em 0,0s - Tipos de Pagamento sincronizados com sucesso
[2026-07-16 13:41:13] [TID=3860] [INFO] [EXPORT] 0 registro(s) sincronizado(s) em 0,0s - Condicoes de Pagamento sincronizados com sucesso
[2026-07-16 13:41:13] [TID=3860] [INFO] [EXPORT] 0 registro(s) sincronizado(s) em 0,0s - Cores sincronizados com sucesso
[2026-07-16 13:41:13] [TID=3860] [INFO] [EXPORT] 0 registro(s) sincronizado(s) em 0,0s - Fornecedores sincronizados com sucesso
[2026-07-16 13:41:13] [TID=3860] [INFO] [EXPORT] 0 registro(s) sincronizado(s) em 0,0s - Grupos de Cliente sincronizados com sucesso
--- Log iniciado em 16/07/2026 13:43:51 ---
[2026-07-16 13:43:51] [TID=4008] [INFO] [SYSTEM] Modo banco: INDUSTRIAL
[2026-07-16 13:43:51] [TID=4008] [INFO] [SYSTEM] Processando eventos
[2026-07-16 13:43:51] [TID=22240] [INFO] [SYSTEM] Registros pendentes: 0
[2026-07-16 13:43:51] [TID=22240] [INFO] [SYNC] === RESUMO ===
[2026-07-16 13:43:58] [TID=1712] [INFO] [EXPORT] 0 registro(s) sincronizado(s) em 0,0s - Clientes sincronizados com sucesso
[2026-07-16 13:43:58] [TID=1712] [INFO] [EXPORT] 13:43:58 | Enviando lote com 1000 registro(s) (1000 de 2493)
[2026-07-16 13:43:58] [TID=1712] [INFO] [EXPORT] 13:43:58 | Lote falhou: 404: {"message":"Registro ou Rota não encontrados:{\"code\":\"not_found\",\"message\":\"Route not found\"}"}
[2026-07-16 13:43:58] [TID=1712] [INFO] [EXPORT] 13:43:58 | Enviando lote com 1000 registro(s) (2000 de 2493)
[2026-07-16 13:43:58] [TID=1712] [INFO] [EXPORT] 13:43:58 | Lote falhou: 404: {"message":"Registro ou Rota não encontrados:{\"code\":\"not_found\",\"message\":\"Route not found\"}"}
[2026-07-16 13:43:58] [TID=1712] [INFO] [EXPORT] 13:43:58 | Enviando lote com 493 registro(s) (2493 de 2493)
[2026-07-16 13:43:58] [TID=1712] [INFO] [EXPORT] 13:43:58 | Lote falhou: 404: {"message":"Registro ou Rota não encontrados:{\"code\":\"not_found\",\"message\":\"Route not found\"}"}
[2026-07-16 13:43:58] [TID=1712] [ERROR] [EXPORT] 2493 registro(s) com erro em 0,3s - Erro em Produtos: 404: {"message":"Registro ou Rota não encontrados:{\"code\":\"not_found\",\"message\":\"Route not found\"}"}
[2026-07-16 13:43:58] [TID=1712] [INFO] [EXPORT] 0 registro(s) sincronizado(s) em 0,0s - Acabamentos sincronizados com sucesso
[2026-07-16 13:43:59] [TID=1712] [INFO] [EXPORT] 0 registro(s) sincronizado(s) em 0,0s - Cenarios de Faturamento sincronizados com sucesso
[2026-07-16 13:43:59] [TID=1712] [INFO] [EXPORT] 0 registro(s) sincronizado(s) em 0,0s - Tipos de Pagamento sincronizados com sucesso
[2026-07-16 13:43:59] [TID=1712] [INFO] [EXPORT] 0 registro(s) sincronizado(s) em 0,0s - Condicoes de Pagamento sincronizados com sucesso
[2026-07-16 13:43:59] [TID=1712] [INFO] [EXPORT] 0 registro(s) sincronizado(s) em 0,0s - Cores sincronizados com sucesso
[2026-07-16 13:43:59] [TID=1712] [INFO] [EXPORT] 0 registro(s) sincronizado(s) em 0,0s - Fornecedores sincronizados com sucesso
[2026-07-16 13:43:59] [TID=1712] [INFO] [EXPORT] 0 registro(s) sincronizado(s) em 0,0s - Grupos de Cliente sincronizados com sucesso
--- Log iniciado em 16/07/2026 13:44:47 ---
[2026-07-16 13:44:47] [TID=22712] [INFO] [SYSTEM] Modo banco: INDUSTRIAL
[2026-07-16 13:44:47] [TID=22712] [INFO] [SYSTEM] Processando eventos
[2026-07-16 13:44:47] [TID=21032] [INFO] [SYSTEM] Registros pendentes: 0
[2026-07-16 13:44:47] [TID=21032] [INFO] [SYNC] === RESUMO ===
--- Log iniciado em 16/07/2026 13:50:27 ---
[2026-07-16 13:50:27] [TID=20432] [INFO] [SYSTEM] Modo banco: INDUSTRIAL
[2026-07-16 13:50:28] [TID=20432] [INFO] [SYSTEM] Processando eventos
[2026-07-16 13:50:28] [TID=6676] [INFO] [SYSTEM] Registros pendentes: 0
[2026-07-16 13:50:28] [TID=6676] [INFO] [SYNC] === RESUMO ===
[2026-07-16 13:50:32] [TID=22980] [INFO] [EXPORT] 0 registro(s) sincronizado(s) em 0,0s - Clientes sincronizados com sucesso
[2026-07-16 13:50:33] [TID=22980] [INFO] [EXPORT] 13:50:33 | Enviando lote com 1000 registro(s) (1000 de 2493)
[2026-07-16 13:50:33] [TID=22980] [INFO] [EXPORT] 13:50:33 | Lote falhou: 404: {"message":"Registro ou Rota não encontrados:{\"code\":\"not_found\",\"message\":\"Route not found\"}"}
[2026-07-16 13:50:33] [TID=22980] [INFO] [EXPORT] 13:50:33 | Enviando lote com 1000 registro(s) (2000 de 2493)
[2026-07-16 13:50:33] [TID=22980] [INFO] [EXPORT] 13:50:33 | Lote falhou: 404: {"message":"Registro ou Rota não encontrados:{\"code\":\"not_found\",\"message\":\"Route not found\"}"}
[2026-07-16 13:50:33] [TID=22980] [INFO] [EXPORT] 13:50:33 | Enviando lote com 493 registro(s) (2493 de 2493)
[2026-07-16 13:50:33] [TID=22980] [INFO] [EXPORT] 13:50:33 | Lote falhou: 404: {"message":"Registro ou Rota não encontrados:{\"code\":\"not_found\",\"message\":\"Route not found\"}"}
[2026-07-16 13:50:33] [TID=22980] [ERROR] [EXPORT] 2493 registro(s) com erro em 0,4s - Erro em Produtos: 404: {"message":"Registro ou Rota não encontrados:{\"code\":\"not_found\",\"message\":\"Route not found\"}"}
[2026-07-16 13:50:33] [TID=22980] [INFO] [EXPORT] 0 registro(s) sincronizado(s) em 0,0s - Acabamentos sincronizados com sucesso
[2026-07-16 13:50:33] [TID=22980] [INFO] [EXPORT] 0 registro(s) sincronizado(s) em 0,0s - Cenarios de Faturamento sincronizados com sucesso
[2026-07-16 13:50:33] [TID=22980] [INFO] [EXPORT] 0 registro(s) sincronizado(s) em 0,0s - Tipos de Pagamento sincronizados com sucesso
[2026-07-16 13:50:33] [TID=22980] [INFO] [EXPORT] 0 registro(s) sincronizado(s) em 0,0s - Condicoes de Pagamento sincronizados com sucesso
[2026-07-16 13:50:33] [TID=22980] [INFO] [EXPORT] 0 registro(s) sincronizado(s) em 0,0s - Cores sincronizados com sucesso
[2026-07-16 13:50:33] [TID=22980] [INFO] [EXPORT] 0 registro(s) sincronizado(s) em 0,0s - Fornecedores sincronizados com sucesso
[2026-07-16 13:50:33] [TID=22980] [INFO] [EXPORT] 0 registro(s) sincronizado(s) em 0,0s - Grupos de Cliente sincronizados com sucesso
--- Log iniciado em 16/07/2026 13:51:48 ---
[2026-07-16 13:51:46] [TID=22564] [INFO] [SYSTEM] Modo banco: INDUSTRIAL
--- Log iniciado em 16/07/2026 13:53:40 ---
[2026-07-16 13:53:40] [TID=16484] [INFO] [SYSTEM] Modo banco: INDUSTRIAL
[2026-07-16 13:53:42] [TID=16484] [INFO] [SYSTEM] Processando eventos
[2026-07-16 13:53:43] [TID=17168] [INFO] [SYSTEM] Registros pendentes: 0
[2026-07-16 13:53:44] [TID=17168] [INFO] [SYNC] === RESUMO ===
[2026-07-16 13:53:55] [TID=3632] [INFO] [AUTH] Autenticado com sucesso | filial=000001
[2026-07-16 13:53:55] [TID=3632] [INFO] [EXPORT] 0 registro(s) sincronizado(s) em 0,0s - Clientes sincronizados com sucesso
[2026-07-16 13:53:55] [TID=3632] [INFO] [EXPORT] 13:53:55 | Enviando lote com 1000 registro(s) (1000 de 2493)
[2026-07-16 13:53:55] [TID=3632] [INFO] [EXPORT] 13:53:55 | Lote falhou: 404: {"message":"Registro ou Rota não encontrados:{\"code\":\"not_found\",\"message\":\"Route not found\"}"}
[2026-07-16 13:53:55] [TID=3632] [INFO] [EXPORT] 13:53:55 | Enviando lote com 1000 registro(s) (2000 de 2493)
[2026-07-16 13:53:55] [TID=3632] [INFO] [EXPORT] 13:53:55 | Lote falhou: 404: {"message":"Registro ou Rota não encontrados:{\"code\":\"not_found\",\"message\":\"Route not found\"}"}
[2026-07-16 13:53:55] [TID=3632] [INFO] [EXPORT] 13:53:55 | Enviando lote com 493 registro(s) (2493 de 2493)
[2026-07-16 13:53:55] [TID=3632] [INFO] [EXPORT] 13:53:55 | Lote falhou: 404: {"message":"Registro ou Rota não encontrados:{\"code\":\"not_found\",\"message\":\"Route not found\"}"}
[2026-07-16 13:53:55] [TID=3632] [ERROR] [EXPORT] 2493 registro(s) com erro em 0,2s - Erro em Produtos: 404: {"message":"Registro ou Rota não encontrados:{\"code\":\"not_found\",\"message\":\"Route not found\"}"}
[2026-07-16 13:53:55] [TID=3632] [INFO] [EXPORT] 0 registro(s) sincronizado(s) em 0,0s - Acabamentos sincronizados com sucesso
[2026-07-16 13:53:55] [TID=3632] [INFO] [EXPORT] 0 registro(s) sincronizado(s) em 0,0s - Cenarios de Faturamento sincronizados com sucesso
[2026-07-16 13:53:55] [TID=3632] [INFO] [EXPORT] 0 registro(s) sincronizado(s) em 0,0s - Tipos de Pagamento sincronizados com sucesso
[2026-07-16 13:53:55] [TID=3632] [INFO] [EXPORT] 0 registro(s) sincronizado(s) em 0,0s - Condicoes de Pagamento sincronizados com sucesso
[2026-07-16 13:53:55] [TID=3632] [INFO] [EXPORT] 0 registro(s) sincronizado(s) em 0,0s - Cores sincronizados com sucesso
[2026-07-16 13:53:55] [TID=3632] [INFO] [EXPORT] 0 registro(s) sincronizado(s) em 0,0s - Fornecedores sincronizados com sucesso
[2026-07-16 13:53:55] [TID=3632] [INFO] [EXPORT] 0 registro(s) sincronizado(s) em 0,0s - Grupos de Cliente sincronizados com sucesso
--- Log iniciado em 16/07/2026 13:58:16 ---
[2026-07-16 13:58:16] [TID=21720] [INFO] [SYSTEM] Modo banco: INDUSTRIAL
[2026-07-16 13:58:17] [TID=21720] [INFO] [SYSTEM] Processando eventos
[2026-07-16 13:58:17] [TID=19608] [INFO] [SYSTEM] Registros pendentes: 0
[2026-07-16 13:58:17] [TID=19608] [INFO] [SYNC] === RESUMO ===
[2026-07-16 13:58:20] [TID=1404] [INFO] [EXPORT] 0 registro(s) sincronizado(s) em 0,0s - Clientes sincronizados com sucesso
[2026-07-16 13:58:20] [TID=1404] [INFO] [EXPORT] 13:58:20 | Enviando lote com 1000 registro(s) (1000 de 2493)
[2026-07-16 13:58:20] [TID=1404] [INFO] [EXPORT] 13:58:20 | Lote falhou: 404: {"message":"Registro ou Rota não encontrados:{\"code\":\"not_found\",\"message\":\"Route not found\"}"}
[2026-07-16 13:58:21] [TID=1404] [INFO] [EXPORT] 13:58:21 | Enviando lote com 1000 registro(s) (2000 de 2493)
[2026-07-16 13:58:21] [TID=1404] [INFO] [EXPORT] 13:58:21 | Lote falhou: 404: {"message":"Registro ou Rota não encontrados:{\"code\":\"not_found\",\"message\":\"Route not found\"}"}
[2026-07-16 13:58:21] [TID=1404] [INFO] [EXPORT] 13:58:21 | Enviando lote com 493 registro(s) (2493 de 2493)
[2026-07-16 13:58:21] [TID=1404] [INFO] [EXPORT] 13:58:21 | Lote falhou: 404: {"message":"Registro ou Rota não encontrados:{\"code\":\"not_found\",\"message\":\"Route not found\"}"}
[2026-07-16 13:58:21] [TID=1404] [ERROR] [EXPORT] 2493 registro(s) com erro em 0,4s - Erro em Produtos: 404: {"message":"Registro ou Rota não encontrados:{\"code\":\"not_found\",\"message\":\"Route not found\"}"}
[2026-07-16 13:58:21] [TID=1404] [INFO] [EXPORT] 0 registro(s) sincronizado(s) em 0,0s - Acabamentos sincronizados com sucesso
[2026-07-16 13:58:21] [TID=1404] [INFO] [EXPORT] 0 registro(s) sincronizado(s) em 0,0s - Cenarios de Faturamento sincronizados com sucesso
[2026-07-16 13:58:21] [TID=1404] [INFO] [EXPORT] 0 registro(s) sincronizado(s) em 0,0s - Tipos de Pagamento sincronizados com sucesso
[2026-07-16 13:58:21] [TID=1404] [INFO] [EXPORT] 0 registro(s) sincronizado(s) em 0,0s - Condicoes de Pagamento sincronizados com sucesso
[2026-07-16 13:58:21] [TID=1404] [INFO] [EXPORT] 0 registro(s) sincronizado(s) em 0,0s - Cores sincronizados com sucesso
[2026-07-16 13:58:21] [TID=1404] [INFO] [EXPORT] 0 registro(s) sincronizado(s) em 0,0s - Fornecedores sincronizados com sucesso
[2026-07-16 13:58:21] [TID=1404] [INFO] [EXPORT] 0 registro(s) sincronizado(s) em 0,0s - Grupos de Cliente sincronizados com sucesso
--- Log iniciado em 16/07/2026 14:02:56 ---
[2026-07-16 14:02:56] [TID=1976] [INFO] [SYSTEM] Modo banco: INDUSTRIAL
[2026-07-16 14:02:56] [TID=1976] [INFO] [SYSTEM] Processando eventos
[2026-07-16 14:02:56] [TID=18904] [INFO] [SYSTEM] Registros pendentes: 0
[2026-07-16 14:02:56] [TID=18904] [INFO] [SYNC] === RESUMO ===
[2026-07-16 14:02:59] [TID=16092] [INFO] [EXPORT] 0 registro(s) sincronizado(s) em 0,0s - Clientes sincronizados com sucesso
[2026-07-16 14:02:59] [TID=16092] [INFO] [EXPORT] 14:02:59 | Enviando lote com 1000 registro(s) (1000 de 2493)
[2026-07-16 14:03:00] [TID=16092] [ERROR] [EXPORT] 14:03:00 | Lote falhou: 404: {"message":"Registro ou Rota não encontrados:{\"code\":\"not_found\",\"message\":\"Route not found\"}"}
[2026-07-16 14:03:00] [TID=16092] [INFO] [EXPORT] 14:03:00 | Enviando lote com 1000 registro(s) (2000 de 2493)
[2026-07-16 14:03:00] [TID=16092] [ERROR] [EXPORT] 14:03:00 | Lote falhou: 404: {"message":"Registro ou Rota não encontrados:{\"code\":\"not_found\",\"message\":\"Route not found\"}"}
[2026-07-16 14:03:00] [TID=16092] [INFO] [EXPORT] 14:03:00 | Enviando lote com 493 registro(s) (2493 de 2493)
[2026-07-16 14:03:00] [TID=16092] [ERROR] [EXPORT] 14:03:00 | Lote falhou: 404: {"message":"Registro ou Rota não encontrados:{\"code\":\"not_found\",\"message\":\"Route not found\"}"}
[2026-07-16 14:03:00] [TID=16092] [ERROR] [EXPORT] 2493 registro(s) com erro em 0,4s - Erro em Produtos: 404: {"message":"Registro ou Rota não encontrados:{\"code\":\"not_found\",\"message\":\"Route not found\"}"}
[2026-07-16 14:03:00] [TID=16092] [INFO] [EXPORT] 0 registro(s) sincronizado(s) em 0,0s - Acabamentos sincronizados com sucesso
[2026-07-16 14:03:00] [TID=16092] [INFO] [EXPORT] 0 registro(s) sincronizado(s) em 0,0s - Cenarios de Faturamento sincronizados com sucesso
[2026-07-16 14:03:00] [TID=16092] [INFO] [EXPORT] 0 registro(s) sincronizado(s) em 0,0s - Tipos de Pagamento sincronizados com sucesso
[2026-07-16 14:03:00] [TID=16092] [INFO] [EXPORT] 0 registro(s) sincronizado(s) em 0,0s - Condicoes de Pagamento sincronizados com sucesso
[2026-07-16 14:03:00] [TID=16092] [INFO] [EXPORT] 0 registro(s) sincronizado(s) em 0,0s - Cores sincronizados com sucesso
[2026-07-16 14:03:00] [TID=16092] [INFO] [EXPORT] 0 registro(s) sincronizado(s) em 0,0s - Fornecedores sincronizados com sucesso
[2026-07-16 14:03:00] [TID=16092] [INFO] [EXPORT] 0 registro(s) sincronizado(s) em 0,0s - Grupos de Cliente sincronizados com sucesso
--- Log iniciado em 16/07/2026 14:08:33 ---
[2026-07-16 14:08:33] [TID=23360] [INFO] [SYSTEM] Modo banco: INDUSTRIAL
[2026-07-16 14:08:34] [TID=23360] [INFO] [SYSTEM] Processando eventos
[2026-07-16 14:08:34] [TID=19428] [INFO] [SYSTEM] Registros pendentes: 0
[2026-07-16 14:08:34] [TID=19428] [INFO] [SYNC] === RESUMO ===
--- Log iniciado em 16/07/2026 14:18:47 ---
[2026-07-16 14:18:47] [TID=21896] [INFO] [SYSTEM] Modo banco: INDUSTRIAL
[2026-07-16 14:18:47] [TID=21896] [INFO] [SYSTEM] Processando eventos
[2026-07-16 14:18:47] [TID=18592] [INFO] [SYSTEM] Registros pendentes: 0
[2026-07-16 14:18:47] [TID=18592] [INFO] [SYNC] === RESUMO ===
[2026-07-16 14:19:14] [TID=8884] [INFO] [AUTH] Autenticado com sucesso | filial=000001
[2026-07-16 14:19:14] [TID=8884] [INFO] [EXPORT] 0 registro(s) sincronizado(s) em 0,0s - Clientes sincronizados com sucesso | tabela=C000007 | filial=000001
[2026-07-16 14:19:14] [TID=8884] [INFO] [EXPORT] 14:19:14 | Enviando lote com 1000 registro(s) (1000 de 2493) | tabela=C000025 | filial=000001
[2026-07-16 14:19:14] [TID=8884] [ERROR] [EXPORT] 14:19:14 | Lote falhou: 404: {"message":"Registro ou Rota não encontrados:{\"code\":\"not_found\",\"message\":\"Route not found\"}"} | tabela=C000025 | filial=000001
[2026-07-16 14:19:14] [TID=8884] [INFO] [EXPORT] 14:19:14 | Enviando lote com 1000 registro(s) (2000 de 2493) | tabela=C000025 | filial=000001
[2026-07-16 14:19:14] [TID=8884] [ERROR] [EXPORT] 14:19:14 | Lote falhou: 404: {"message":"Registro ou Rota não encontrados:{\"code\":\"not_found\",\"message\":\"Route not found\"}"} | tabela=C000025 | filial=000001
[2026-07-16 14:19:14] [TID=8884] [INFO] [EXPORT] 14:19:14 | Enviando lote com 493 registro(s) (2493 de 2493) | tabela=C000025 | filial=000001
[2026-07-16 14:19:14] [TID=8884] [ERROR] [EXPORT] 14:19:14 | Lote falhou: 404: {"message":"Registro ou Rota não encontrados:{\"code\":\"not_found\",\"message\":\"Route not found\"}"} | tabela=C000025 | filial=000001
[2026-07-16 14:19:14] [TID=8884] [ERROR] [EXPORT] 2493 registro(s) com erro em 0,4s - Erro em Produtos: 404: {"message":"Registro ou Rota não encontrados:{\"code\":\"not_found\",\"message\":\"Route not found\"}"} | tabela=C000025 | filial=000001
[2026-07-16 14:19:14] [TID=8884] [INFO] [EXPORT] 0 registro(s) sincronizado(s) em 0,0s - Acabamentos sincronizados com sucesso | tabela=C000250 | filial=000001
[2026-07-16 14:19:14] [TID=8884] [INFO] [EXPORT] 0 registro(s) sincronizado(s) em 0,0s - Cenarios de Faturamento sincronizados com sucesso | tabela=C000233 | filial=000001
[2026-07-16 14:19:14] [TID=8884] [INFO] [EXPORT] 0 registro(s) sincronizado(s) em 0,0s - Tipos de Pagamento sincronizados com sucesso | tabela=C000014 | filial=000001
[2026-07-16 14:19:14] [TID=8884] [INFO] [EXPORT] 0 registro(s) sincronizado(s) em 0,0s - Condicoes de Pagamento sincronizados com sucesso | tabela=C000015 | filial=000001
[2026-07-16 14:19:14] [TID=8884] [INFO] [EXPORT] 0 registro(s) sincronizado(s) em 0,0s - Cores sincronizados com sucesso | tabela=C000129 | filial=000001
[2026-07-16 14:19:14] [TID=8884] [INFO] [EXPORT] 0 registro(s) sincronizado(s) em 0,0s - Fornecedores sincronizados com sucesso | tabela=C000009 | filial=000001
[2026-07-16 14:19:14] [TID=8884] [INFO] [EXPORT] 0 registro(s) sincronizado(s) em 0,0s - Grupos de Cliente sincronizados com sucesso | tabela=C000144 | filial=000001
[2026-07-16 14:19:59] [TID=16672] [INFO] [EXPORT] 0 registro(s) sincronizado(s) em 0,0s - Clientes sincronizados com sucesso | tabela=C000007 | filial=000001
[2026-07-16 14:19:59] [TID=16672] [INFO] [EXPORT] 0 registro(s) sincronizado(s) em 0,0s - Acabamentos sincronizados com sucesso | tabela=C000250 | filial=000001
[2026-07-16 14:19:59] [TID=16672] [INFO] [EXPORT] 0 registro(s) sincronizado(s) em 0,0s - Cenarios de Faturamento sincronizados com sucesso | tabela=C000233 | filial=000001
[2026-07-16 14:19:59] [TID=16672] [INFO] [EXPORT] 0 registro(s) sincronizado(s) em 0,0s - Tipos de Pagamento sincronizados com sucesso | tabela=C000014 | filial=000001
[2026-07-16 14:19:59] [TID=16672] [INFO] [EXPORT] 0 registro(s) sincronizado(s) em 0,0s - Condicoes de Pagamento sincronizados com sucesso | tabela=C000015 | filial=000001
[2026-07-16 14:19:59] [TID=16672] [INFO] [EXPORT] 0 registro(s) sincronizado(s) em 0,0s - Cores sincronizados com sucesso | tabela=C000129 | filial=000001
[2026-07-16 14:19:59] [TID=16672] [INFO] [EXPORT] 0 registro(s) sincronizado(s) em 0,0s - Fornecedores sincronizados com sucesso | tabela=C000009 | filial=000001
[2026-07-16 14:19:59] [TID=16672] [INFO] [EXPORT] 0 registro(s) sincronizado(s) em 0,0s - Grupos de Cliente sincronizados com sucesso | tabela=C000144 | filial=000001
--- Log iniciado em 16/07/2026 14:43:00 ---
[2026-07-16 14:43:00] [TID=15624] [INFO] [SYSTEM] Modo banco: INDUSTRIAL
[2026-07-16 14:43:00] [TID=15624] [INFO] [SYSTEM] Processando eventos
[2026-07-16 14:43:01] [TID=15752] [INFO] [SYSTEM] Registros pendentes: 0
[2026-07-16 14:43:01] [TID=15752] [INFO] [SYNC] === RESUMO ===
[2026-07-16 14:43:06] [TID=19312] [INFO] [AUTH] Autenticado com sucesso | filial=000001
[2026-07-16 14:43:06] [TID=19312] [INFO] [EXPORT] 0 registro(s) sincronizado(s) em 0,0s - Clientes sincronizados com sucesso | tabela=C000007 | filial=000001
--- Log iniciado em 16/07/2026 15:07:06 ---
[2026-07-16 15:07:06] [TID=11156] [INFO] [SYSTEM] Modo banco: INDUSTRIAL
[2026-07-16 15:07:06] [TID=11156] [INFO] [SYSTEM] Processando eventos
[2026-07-16 15:07:06] [TID=7792] [INFO] [SYSTEM] Registros pendentes: 0
[2026-07-16 15:07:06] [TID=7792] [INFO] [SYNC] === RESUMO ===
--- Log iniciado em 16/07/2026 15:11:59 ---
[2026-07-16 15:11:59] [TID=14160] [INFO] [SYSTEM] Modo banco: INDUSTRIAL
[2026-07-16 15:11:59] [TID=14160] [INFO] [SYSTEM] Processando eventos
[2026-07-16 15:11:59] [TID=22824] [INFO] [SYSTEM] Registros pendentes: 0
[2026-07-16 15:11:59] [TID=22824] [INFO] [SYNC] === RESUMO ===
[2026-07-16 15:12:07] [TID=7452] [INFO] [AUTH] Autenticado com sucesso | filial=000001
[2026-07-16 15:12:07] [TID=7452] [INFO] [EXPORT] 15:12:07 | Enviando lote com 789 registro(s) (789 de 789) | tabela=C000007 | filial=000001
[2026-07-16 15:12:08] [TID=7452] [WARN] [SYSTEM] Sanitize removeu 2 char(s) [] em C000007.batch
[2026-07-16 15:12:08] [TID=7452] [INFO] [EXPORT] 15:12:08 | Lote de 789 registro(s) enviado com sucesso | tabela=C000007 | filial=000001
[2026-07-16 15:12:09] [TID=7452] [INFO] [EXPORT] 789 registro(s) sincronizado(s) em 1,7s - Clientes sincronizados com sucesso | tabela=C000007 | filial=000001
[2026-07-16 15:12:09] [TID=7452] [INFO] [EXPORT] 15:12:09 | Enviando lote com 21 registro(s) (21 de 21) | tabela=C000250 | filial=000001
[2026-07-16 15:12:09] [TID=7452] [INFO] [EXPORT] 15:12:09 | Lote de 21 registro(s) enviado com sucesso | tabela=C000250 | filial=000001
[2026-07-16 15:12:09] [TID=7452] [INFO] [EXPORT] 21 registro(s) sincronizado(s) em 0,1s - Acabamentos sincronizados com sucesso | tabela=C000250 | filial=000001
[2026-07-16 15:12:09] [TID=7452] [INFO] [EXPORT] 15:12:09 | Enviando lote com 4 registro(s) (4 de 4) | tabela=C000233 | filial=000001
[2026-07-16 15:12:09] [TID=7452] [ERROR] [EXPORT] 15:12:09 | Lote falhou: 404: {"message":"Registro ou Rota não encontrados:{\"code\":\"not_found\",\"message\":\"Route not found\"}"} | tabela=C000233 | filial=000001
[2026-07-16 15:12:09] [TID=7452] [ERROR] [EXPORT] 4 registro(s) com erro em 0,1s - Erro em Cenarios de Faturamento: 404: {"message":"Registro ou Rota não encontrados:{\"code\":\"not_found\",\"message\":\"Route not found\"}"} | tabela=C000233 | filial=000001
[2026-07-16 15:12:09] [TID=7452] [INFO] [EXPORT] 15:12:09 | Enviando lote com 68 registro(s) (68 de 68) | tabela=C000014 | filial=000001
[2026-07-16 15:12:09] [TID=7452] [INFO] [EXPORT] 15:12:09 | Lote de 68 registro(s) enviado com sucesso | tabela=C000014 | filial=000001
[2026-07-16 15:12:10] [TID=7452] [INFO] [EXPORT] 68 registro(s) sincronizado(s) em 0,2s - Tipos de Pagamento sincronizados com sucesso | tabela=C000014 | filial=000001
[2026-07-16 15:12:10] [TID=7452] [INFO] [EXPORT] 15:12:10 | Enviando lote com 26 registro(s) (26 de 26) | tabela=C000015 | filial=000001
[2026-07-16 15:12:10] [TID=7452] [INFO] [EXPORT] 15:12:10 | Lote de 26 registro(s) enviado com sucesso | tabela=C000015 | filial=000001
[2026-07-16 15:12:10] [TID=7452] [INFO] [EXPORT] 26 registro(s) sincronizado(s) em 0,2s - Condicoes de Pagamento sincronizados com sucesso | tabela=C000015 | filial=000001
[2026-07-16 15:12:10] [TID=7452] [INFO] [EXPORT] 15:12:10 | Enviando lote com 34 registro(s) (34 de 34) | tabela=C000129 | filial=000001
[2026-07-16 15:12:10] [TID=7452] [INFO] [EXPORT] 15:12:10 | Lote de 34 registro(s) enviado com sucesso | tabela=C000129 | filial=000001
[2026-07-16 15:12:10] [TID=7452] [INFO] [EXPORT] 34 registro(s) sincronizado(s) em 0,1s - Cores sincronizados com sucesso | tabela=C000129 | filial=000001
[2026-07-16 15:12:10] [TID=7452] [INFO] [EXPORT] 15:12:10 | Enviando lote com 121 registro(s) (121 de 121) | tabela=C000009 | filial=000001
[2026-07-16 15:12:10] [TID=7452] [INFO] [EXPORT] 15:12:10 | Lote de 121 registro(s) enviado com sucesso | tabela=C000009 | filial=000001
[2026-07-16 15:12:10] [TID=7452] [INFO] [EXPORT] 121 registro(s) sincronizado(s) em 0,3s - Fornecedores sincronizados com sucesso | tabela=C000009 | filial=000001
[2026-07-16 15:12:10] [TID=7452] [INFO] [EXPORT] 15:12:10 | Enviando lote com 2 registro(s) (2 de 2) | tabela=C000144 | filial=000001
[2026-07-16 15:12:10] [TID=7452] [INFO] [EXPORT] 15:12:10 | Lote de 2 registro(s) enviado com sucesso | tabela=C000144 | filial=000001
[2026-07-16 15:12:10] [TID=7452] [INFO] [EXPORT] 2 registro(s) sincronizado(s) em 0,0s - Grupos de Cliente sincronizados com sucesso | tabela=C000144 | filial=000001
--- Log iniciado em 16/07/2026 15:13:34 ---
[2026-07-16 15:13:34] [TID=15784] [INFO] [SYSTEM] Modo banco: INDUSTRIAL
[2026-07-16 15:13:34] [TID=15784] [INFO] [SYSTEM] Processando eventos
[2026-07-16 15:13:34] [TID=8028] [INFO] [SYSTEM] Registros pendentes: 0
[2026-07-16 15:13:34] [TID=8028] [INFO] [SYNC] === RESUMO ===
[2026-07-16 15:13:40] [TID=8412] [INFO] [EXPORT] 15:13:40 | Enviando lote com 789 registro(s) (789 de 789) | tabela=C000007 | filial=000001
[2026-07-16 15:13:40] [TID=8412] [WARN] [SYSTEM] Sanitize removeu 2 char(s) [] em C000007.batch
[2026-07-16 15:13:41] [TID=8412] [INFO] [EXPORT] 15:13:41 | Lote de 789 registro(s) enviado com sucesso | tabela=C000007 | filial=000001
[2026-07-16 15:13:42] [TID=8412] [INFO] [EXPORT] 789 registro(s) sincronizado(s) em 2,3s - Clientes sincronizados com sucesso | tabela=C000007 | filial=000001
[2026-07-16 15:13:42] [TID=8412] [INFO] [EXPORT] 15:13:42 | Enviando lote com 21 registro(s) (21 de 21) | tabela=C000250 | filial=000001
[2026-07-16 15:13:42] [TID=8412] [INFO] [EXPORT] 15:13:42 | Lote de 21 registro(s) enviado com sucesso | tabela=C000250 | filial=000001
[2026-07-16 15:13:42] [TID=8412] [INFO] [EXPORT] 21 registro(s) sincronizado(s) em 0,1s - Acabamentos sincronizados com sucesso | tabela=C000250 | filial=000001
[2026-07-16 15:13:42] [TID=8412] [INFO] [EXPORT] 15:13:42 | Enviando lote com 4 registro(s) (4 de 4) | tabela=C000233 | filial=000001
[2026-07-16 15:13:42] [TID=8412] [INFO] [EXPORT] 15:13:42 | Lote de 4 registro(s) enviado com sucesso | tabela=C000233 | filial=000001
[2026-07-16 15:13:42] [TID=8412] [INFO] [EXPORT] 4 registro(s) sincronizado(s) em 0,0s - Cenarios de Faturamento sincronizados com sucesso | tabela=C000233 | filial=000001
[2026-07-16 15:13:42] [TID=8412] [INFO] [EXPORT] 15:13:42 | Enviando lote com 68 registro(s) (68 de 68) | tabela=C000014 | filial=000001
[2026-07-16 15:13:42] [TID=8412] [INFO] [EXPORT] 15:13:42 | Lote de 68 registro(s) enviado com sucesso | tabela=C000014 | filial=000001
[2026-07-16 15:13:43] [TID=8412] [INFO] [EXPORT] 68 registro(s) sincronizado(s) em 0,4s - Tipos de Pagamento sincronizados com sucesso | tabela=C000014 | filial=000001
[2026-07-16 15:13:43] [TID=8412] [INFO] [EXPORT] 15:13:43 | Enviando lote com 26 registro(s) (26 de 26) | tabela=C000015 | filial=000001
[2026-07-16 15:13:43] [TID=8412] [INFO] [EXPORT] 15:13:43 | Lote de 26 registro(s) enviado com sucesso | tabela=C000015 | filial=000001
[2026-07-16 15:13:43] [TID=8412] [INFO] [EXPORT] 26 registro(s) sincronizado(s) em 0,3s - Condicoes de Pagamento sincronizados com sucesso | tabela=C000015 | filial=000001
[2026-07-16 15:13:43] [TID=8412] [INFO] [EXPORT] 15:13:43 | Enviando lote com 34 registro(s) (34 de 34) | tabela=C000129 | filial=000001
[2026-07-16 15:13:43] [TID=8412] [INFO] [EXPORT] 15:13:43 | Lote de 34 registro(s) enviado com sucesso | tabela=C000129 | filial=000001
[2026-07-16 15:13:43] [TID=8412] [INFO] [EXPORT] 34 registro(s) sincronizado(s) em 0,1s - Cores sincronizados com sucesso | tabela=C000129 | filial=000001
[2026-07-16 15:13:43] [TID=8412] [INFO] [EXPORT] 15:13:43 | Enviando lote com 121 registro(s) (121 de 121) | tabela=C000009 | filial=000001
[2026-07-16 15:13:43] [TID=8412] [INFO] [EXPORT] 15:13:43 | Lote de 121 registro(s) enviado com sucesso | tabela=C000009 | filial=000001
[2026-07-16 15:13:43] [TID=8412] [INFO] [EXPORT] 121 registro(s) sincronizado(s) em 0,4s - Fornecedores sincronizados com sucesso | tabela=C000009 | filial=000001
[2026-07-16 15:13:43] [TID=8412] [INFO] [EXPORT] 15:13:43 | Enviando lote com 2 registro(s) (2 de 2) | tabela=C000144 | filial=000001
[2026-07-16 15:13:43] [TID=8412] [INFO] [EXPORT] 15:13:43 | Lote de 2 registro(s) enviado com sucesso | tabela=C000144 | filial=000001
[2026-07-16 15:13:43] [TID=8412] [INFO] [EXPORT] 2 registro(s) sincronizado(s) em 0,0s - Grupos de Cliente sincronizados com sucesso | tabela=C000144 | filial=000001
--- Log iniciado em 16/07/2026 15:26:55 ---
[2026-07-16 15:26:55] [TID=20124] [INFO] [SYSTEM] Modo banco: INDUSTRIAL
[2026-07-16 15:26:55] [TID=20124] [INFO] [SYSTEM] Processando eventos
[2026-07-16 15:26:55] [TID=16164] [INFO] [SYSTEM] Registros pendentes: 0
[2026-07-16 15:26:55] [TID=16164] [INFO] [SYNC] === RESUMO ===
[2026-07-16 15:27:01] [TID=16880] [INFO] [EXPORT] 15:27:01 | Enviando lote com 3 registro(s) (3 de 3) | tabela=C000017 | filial=000001
[2026-07-16 15:27:02] [TID=16880] [INFO] [EXPORT] 15:27:02 | Lote de 3 registro(s) enviado com sucesso | tabela=C000017 | filial=000001
[2026-07-16 15:27:02] [TID=16880] [INFO] [EXPORT] 3 registro(s) sincronizado(s) em 0,3s - Grupos de Produto sincronizados com sucesso | tabela=C000017 | filial=000001
--- Log iniciado em 16/07/2026 15:30:53 ---
[2026-07-16 15:30:53] [TID=9504] [INFO] [SYSTEM] Modo banco: INDUSTRIAL
[2026-07-16 15:30:53] [TID=9504] [INFO] [SYSTEM] Processando eventos
[2026-07-16 15:30:53] [TID=17888] [INFO] [SYSTEM] Registros pendentes: 0
[2026-07-16 15:30:53] [TID=17888] [INFO] [SYNC] === RESUMO ===
--- Log iniciado em 16/07/2026 15:31:15 ---
[2026-07-16 15:31:15] [TID=22800] [INFO] [SYSTEM] Modo banco: INDUSTRIAL
[2026-07-16 15:31:15] [TID=22800] [INFO] [SYSTEM] Processando eventos
[2026-07-16 15:31:15] [TID=8692] [INFO] [SYSTEM] Registros pendentes: 0
[2026-07-16 15:31:15] [TID=8692] [INFO] [SYNC] === RESUMO ===
--- Log iniciado em 16/07/2026 15:31:23 ---
[2026-07-16 15:31:23] [TID=22268] [INFO] [SYSTEM] Modo banco: INDUSTRIAL
[2026-07-16 15:31:23] [TID=22268] [INFO] [SYSTEM] Processando eventos
[2026-07-16 15:31:23] [TID=20204] [INFO] [SYSTEM] Registros pendentes: 0
[2026-07-16 15:31:23] [TID=20204] [INFO] [SYNC] === RESUMO ===
--- Log iniciado em 16/07/2026 15:39:14 ---
[2026-07-16 15:39:14] [TID=7072] [INFO] [SYSTEM] Modo banco: INDUSTRIAL
[2026-07-16 15:39:14] [TID=7072] [INFO] [SYSTEM] Processando eventos
[2026-07-16 15:39:14] [TID=1436] [INFO] [SYSTEM] Registros pendentes: 0
[2026-07-16 15:39:14] [TID=1436] [INFO] [SYNC] === RESUMO ===
--- Log iniciado em 16/07/2026 15:40:02 ---
[2026-07-16 15:40:02] [TID=22676] [INFO] [SYSTEM] Modo banco: INDUSTRIAL
[2026-07-16 15:40:03] [TID=22676] [INFO] [SYSTEM] Processando eventos
[2026-07-16 15:40:03] [TID=12148] [INFO] [SYSTEM] Registros pendentes: 0
[2026-07-16 15:40:03] [TID=12148] [INFO] [SYNC] === RESUMO ===
--- Log iniciado em 16/07/2026 15:40:21 ---
[2026-07-16 15:40:21] [TID=9568] [INFO] [SYSTEM] Modo banco: INDUSTRIAL
[2026-07-16 15:40:21] [TID=9568] [INFO] [SYSTEM] Processando eventos
[2026-07-16 15:40:21] [TID=21768] [INFO] [SYSTEM] Registros pendentes: 0
[2026-07-16 15:40:21] [TID=21768] [INFO] [SYNC] === RESUMO ===
--- Log iniciado em 16/07/2026 15:40:45 ---
[2026-07-16 15:40:45] [TID=13936] [INFO] [SYSTEM] Modo banco: INDUSTRIAL
[2026-07-16 15:40:45] [TID=13936] [INFO] [SYSTEM] Processando eventos
[2026-07-16 15:40:45] [TID=13236] [INFO] [SYSTEM] Registros pendentes: 0
[2026-07-16 15:40:45] [TID=13236] [INFO] [SYNC] === RESUMO ===
--- Log iniciado em 16/07/2026 15:43:14 ---
[2026-07-16 15:43:14] [TID=6080] [INFO] [SYSTEM] Modo banco: INDUSTRIAL
[2026-07-16 15:43:14] [TID=6080] [INFO] [SYSTEM] Processando eventos
[2026-07-16 15:43:14] [TID=3100] [INFO] [SYSTEM] Registros pendentes: 0
[2026-07-16 15:43:14] [TID=3100] [INFO] [SYNC] === RESUMO ===
--- Log iniciado em 16/07/2026 15:56:04 ---
[2026-07-16 15:56:04] [TID=6820] [INFO] [SYSTEM] Modo banco: INDUSTRIAL
[2026-07-16 15:56:04] [TID=6820] [INFO] [SYSTEM] Processando eventos
[2026-07-16 15:56:04] [TID=10208] [INFO] [SYSTEM] Registros pendentes: 0
[2026-07-16 15:56:04] [TID=10208] [INFO] [SYNC] === RESUMO ===
--- Log iniciado em 16/07/2026 15:57:01 ---
[2026-07-16 15:57:01] [TID=22148] [INFO] [SYSTEM] Modo banco: INDUSTRIAL
[2026-07-16 15:57:01] [TID=22148] [INFO] [SYSTEM] Processando eventos
[2026-07-16 15:57:02] [TID=15920] [INFO] [SYSTEM] Registros pendentes: 0
[2026-07-16 15:57:02] [TID=15920] [INFO] [SYNC] === RESUMO ===
[2026-07-16 15:57:14] [TID=18856] [INFO] [AUTH] Autenticado com sucesso | filial=000001
[2026-07-16 15:57:14] [TID=18856] [INFO] [EXPORT] 0 registro(s) sincronizado(s) em 0,0s - Clientes sincronizados com sucesso | tabela=C000007 | filial=000001
[2026-07-16 15:57:14] [TID=18856] [INFO] [EXPORT] 0 registro(s) sincronizado(s) em 0,0s - Acabamentos sincronizados com sucesso | tabela=C000250 | filial=000001
[2026-07-16 15:57:14] [TID=18856] [INFO] [EXPORT] 0 registro(s) sincronizado(s) em 0,0s - Cenarios de Faturamento sincronizados com sucesso | tabela=C000233 | filial=000001
[2026-07-16 15:57:14] [TID=18856] [INFO] [EXPORT] 0 registro(s) sincronizado(s) em 0,0s - Tipos de Pagamento sincronizados com sucesso | tabela=C000014 | filial=000001
[2026-07-16 15:57:14] [TID=18856] [INFO] [EXPORT] 0 registro(s) sincronizado(s) em 0,0s - Condicoes de Pagamento sincronizados com sucesso | tabela=C000015 | filial=000001
[2026-07-16 15:57:14] [TID=18856] [INFO] [EXPORT] 0 registro(s) sincronizado(s) em 0,0s - Cores sincronizados com sucesso | tabela=C000129 | filial=000001
[2026-07-16 15:57:14] [TID=18856] [INFO] [EXPORT] 0 registro(s) sincronizado(s) em 0,0s - Fornecedores sincronizados com sucesso | tabela=C000009 | filial=000001
[2026-07-16 15:57:14] [TID=18856] [INFO] [EXPORT] 0 registro(s) sincronizado(s) em 0,0s - Grupos de Cliente sincronizados com sucesso | tabela=C000144 | filial=000001
[2026-07-16 15:57:14] [TID=18856] [INFO] [EXPORT] 0 registro(s) sincronizado(s) em 0,0s - Grupos de Produto sincronizados com sucesso | tabela=C000017 | filial=000001
[2026-07-16 15:57:14] [TID=18856] [INFO] [EXPORT] 15:57:14 | Enviando lote com 7 registro(s) (7 de 7) | tabela=C000005 | filial=000001
[2026-07-16 15:57:14] [TID=18856] [ERROR] [EXPORT] 15:57:14 | Lote falhou: 404: {"message":"Registro ou Rota não encontrados:{\"code\":\"not_found\",\"message\":\"Route not found\"}"} | tabela=C000005 | filial=000001
[2026-07-16 15:57:14] [TID=18856] [ERROR] [EXPORT] 7 registro(s) com erro em 0,2s - Erro em Regioes: 404: {"message":"Registro ou Rota não encontrados:{\"code\":\"not_found\",\"message\":\"Route not found\"}"} | tabela=C000005 | filial=000001
[2026-07-16 15:57:14] [TID=18856] [INFO] [EXPORT] 15:57:14 | Enviando lote com 90 registro(s) (90 de 90) | tabela=C000018 | filial=000001
[2026-07-16 15:57:15] [TID=18856] [INFO] [EXPORT] 15:57:15 | Lote de 90 registro(s) enviado com sucesso | tabela=C000018 | filial=000001
[2026-07-16 15:57:15] [TID=18856] [INFO] [EXPORT] 90 registro(s) sincronizado(s) em 0,5s - Subgrupos de Produto sincronizados com sucesso | tabela=C000018 | filial=000001
--- Log iniciado em 16/07/2026 16:03:19 ---
[2026-07-16 16:03:19] [TID=18328] [INFO] [SYSTEM] Modo banco: INDUSTRIAL
[2026-07-16 16:03:19] [TID=18328] [INFO] [SYSTEM] Processando eventos
[2026-07-16 16:03:19] [TID=22320] [INFO] [SYSTEM] Registros pendentes: 0
[2026-07-16 16:03:19] [TID=22320] [INFO] [SYNC] === RESUMO ===
[2026-07-16 16:03:43] [TID=19336] [INFO] [EXPORT] 0 registro(s) sincronizado(s) em 0,0s - Clientes sincronizados com sucesso | tabela=C000007 | filial=000001
[2026-07-16 16:03:43] [TID=19336] [INFO] [EXPORT] 0 registro(s) sincronizado(s) em 0,0s - Acabamentos sincronizados com sucesso | tabela=C000250 | filial=000001
[2026-07-16 16:03:43] [TID=19336] [INFO] [EXPORT] 0 registro(s) sincronizado(s) em 0,0s - Cenarios de Faturamento sincronizados com sucesso | tabela=C000233 | filial=000001
[2026-07-16 16:03:43] [TID=19336] [INFO] [EXPORT] 0 registro(s) sincronizado(s) em 0,0s - Tipos de Pagamento sincronizados com sucesso | tabela=C000014 | filial=000001
[2026-07-16 16:03:43] [TID=19336] [INFO] [EXPORT] 0 registro(s) sincronizado(s) em 0,0s - Condicoes de Pagamento sincronizados com sucesso | tabela=C000015 | filial=000001
[2026-07-16 16:03:43] [TID=19336] [INFO] [EXPORT] 0 registro(s) sincronizado(s) em 0,0s - Cores sincronizados com sucesso | tabela=C000129 | filial=000001
[2026-07-16 16:03:43] [TID=19336] [INFO] [EXPORT] 0 registro(s) sincronizado(s) em 0,0s - Fornecedores sincronizados com sucesso | tabela=C000009 | filial=000001
[2026-07-16 16:03:43] [TID=19336] [INFO] [EXPORT] 0 registro(s) sincronizado(s) em 0,0s - Grupos de Cliente sincronizados com sucesso | tabela=C000144 | filial=000001
[2026-07-16 16:03:43] [TID=19336] [INFO] [EXPORT] 0 registro(s) sincronizado(s) em 0,0s - Grupos de Produto sincronizados com sucesso | tabela=C000017 | filial=000001
[2026-07-16 16:03:43] [TID=19336] [INFO] [EXPORT] 16:03:43 | Enviando lote com 7 registro(s) (7 de 7) | tabela=C000005 | filial=000001
[2026-07-16 16:03:43] [TID=19336] [INFO] [EXPORT] 16:03:43 | Lote de 7 registro(s) enviado com sucesso | tabela=C000005 | filial=000001
[2026-07-16 16:03:43] [TID=19336] [INFO] [EXPORT] 7 registro(s) sincronizado(s) em 0,3s - Regioes sincronizados com sucesso | tabela=C000005 | filial=000001
[2026-07-16 16:03:43] [TID=19336] [INFO] [EXPORT] 0 registro(s) sincronizado(s) em 0,0s - Subgrupos de Produto sincronizados com sucesso | tabela=C000018 | filial=000001
--- Log iniciado em 16/07/2026 16:06:22 ---
[2026-07-16 16:06:22] [TID=22912] [INFO] [SYSTEM] Modo banco: INDUSTRIAL
[2026-07-16 16:06:22] [TID=22912] [INFO] [SYSTEM] Processando eventos
[2026-07-16 16:06:22] [TID=14280] [INFO] [SYSTEM] Registros pendentes: 0
[2026-07-16 16:06:22] [TID=14280] [INFO] [SYNC] === RESUMO ===
[2026-07-16 16:06:39] [TID=22912] [INFO] [SYSTEM] Processando eventos
[2026-07-16 16:06:39] [TID=23372] [INFO] [SYSTEM] Registros pendentes: 1
[2026-07-16 16:06:39] [TID=23372] [INFO] [SYNC] Evento sincronizado com sucesso | codseq=29091 | coderecord=000010 | tabela=C000007 | filial=000001
[2026-07-16 16:06:40] [TID=23372] [INFO] [SYNC] === RESUMO === Tabela C000007 - Sucesso: 1  Erro: 0
--- Log iniciado em 16/07/2026 16:33:18 ---
[2026-07-16 16:33:18] [TID=14940] [INFO] [SYSTEM] Modo banco: INDUSTRIAL
[2026-07-16 16:33:18] [TID=14940] [INFO] [SYSTEM] Processando eventos
[2026-07-16 16:33:18] [TID=20748] [INFO] [SYSTEM] Registros pendentes: 0
[2026-07-16 16:33:18] [TID=20748] [INFO] [SYNC] === RESUMO ===
[2026-07-16 16:33:29] [TID=20216] [INFO] [AUTH] Autenticado com sucesso | filial=000001
[2026-07-16 16:33:29] [TID=20216] [INFO] [EXPORT] 16:33:29 | Enviando lote com 788 registro(s) (788 de 788) | tabela=C000007 | filial=000001
[2026-07-16 16:33:29] [TID=20216] [WARN] [SYSTEM] Sanitize removeu 2 char(s) [] em C000007.batch
[2026-07-16 16:33:30] [TID=20216] [INFO] [EXPORT] 16:33:30 | Lote de 788 registro(s) enviado com sucesso | tabela=C000007 | filial=000001
[2026-07-16 16:33:31] [TID=20216] [INFO] [EXPORT] 788 registro(s) sincronizado(s) em 1,8s - Clientes sincronizados com sucesso | tabela=C000007 | filial=000001
[2026-07-16 16:33:31] [TID=20216] [INFO] [EXPORT] 16:33:31 | Enviando lote com 21 registro(s) (21 de 21) | tabela=C000250 | filial=000001
[2026-07-16 16:33:31] [TID=20216] [INFO] [EXPORT] 16:33:31 | Lote de 21 registro(s) enviado com sucesso | tabela=C000250 | filial=000001
[2026-07-16 16:33:31] [TID=20216] [INFO] [EXPORT] 21 registro(s) sincronizado(s) em 0,1s - Acabamentos sincronizados com sucesso | tabela=C000250 | filial=000001
[2026-07-16 16:33:31] [TID=20216] [INFO] [EXPORT] 16:33:31 | Enviando lote com 4 registro(s) (4 de 4) | tabela=C000233 | filial=000001
[2026-07-16 16:33:31] [TID=20216] [INFO] [EXPORT] 16:33:31 | Lote de 4 registro(s) enviado com sucesso | tabela=C000233 | filial=000001
[2026-07-16 16:33:31] [TID=20216] [INFO] [EXPORT] 4 registro(s) sincronizado(s) em 0,1s - Cenarios de Faturamento sincronizados com sucesso | tabela=C000233 | filial=000001
[2026-07-16 16:33:31] [TID=20216] [INFO] [EXPORT] 16:33:31 | Enviando lote com 68 registro(s) (68 de 68) | tabela=C000014 | filial=000001
[2026-07-16 16:33:31] [TID=20216] [INFO] [EXPORT] 16:33:31 | Lote de 68 registro(s) enviado com sucesso | tabela=C000014 | filial=000001
[2026-07-16 16:33:31] [TID=20216] [INFO] [EXPORT] 68 registro(s) sincronizado(s) em 0,3s - Tipos de Pagamento sincronizados com sucesso | tabela=C000014 | filial=000001
[2026-07-16 16:33:31] [TID=20216] [INFO] [EXPORT] 16:33:31 | Enviando lote com 26 registro(s) (26 de 26) | tabela=C000015 | filial=000001
[2026-07-16 16:33:31] [TID=20216] [INFO] [EXPORT] 16:33:31 | Lote de 26 registro(s) enviado com sucesso | tabela=C000015 | filial=000001
[2026-07-16 16:33:31] [TID=20216] [INFO] [EXPORT] 26 registro(s) sincronizado(s) em 0,1s - Condicoes de Pagamento sincronizados com sucesso | tabela=C000015 | filial=000001
[2026-07-16 16:33:31] [TID=20216] [INFO] [EXPORT] 16:33:31 | Enviando lote com 34 registro(s) (34 de 34) | tabela=C000129 | filial=000001
[2026-07-16 16:33:31] [TID=20216] [INFO] [EXPORT] 16:33:31 | Lote de 34 registro(s) enviado com sucesso | tabela=C000129 | filial=000001
[2026-07-16 16:33:31] [TID=20216] [INFO] [EXPORT] 34 registro(s) sincronizado(s) em 0,1s - Cores sincronizados com sucesso | tabela=C000129 | filial=000001
[2026-07-16 16:33:32] [TID=20216] [INFO] [EXPORT] 16:33:32 | Enviando lote com 121 registro(s) (121 de 121) | tabela=C000009 | filial=000001
[2026-07-16 16:33:32] [TID=20216] [INFO] [EXPORT] 16:33:32 | Lote de 121 registro(s) enviado com sucesso | tabela=C000009 | filial=000001
[2026-07-16 16:33:32] [TID=20216] [INFO] [EXPORT] 121 registro(s) sincronizado(s) em 0,3s - Fornecedores sincronizados com sucesso | tabela=C000009 | filial=000001
[2026-07-16 16:33:32] [TID=20216] [INFO] [EXPORT] 16:33:32 | Enviando lote com 2 registro(s) (2 de 2) | tabela=C000144 | filial=000001
[2026-07-16 16:33:32] [TID=20216] [INFO] [EXPORT] 16:33:32 | Lote de 2 registro(s) enviado com sucesso | tabela=C000144 | filial=000001
[2026-07-16 16:33:32] [TID=20216] [INFO] [EXPORT] 2 registro(s) sincronizado(s) em 0,0s - Grupos de Cliente sincronizados com sucesso | tabela=C000144 | filial=000001
[2026-07-16 16:33:32] [TID=20216] [INFO] [EXPORT] 16:33:32 | Enviando lote com 3 registro(s) (3 de 3) | tabela=C000017 | filial=000001
[2026-07-16 16:33:32] [TID=20216] [ERROR] [EXPORT] 16:33:32 | Lote falhou: 409: {"code":"duplicate_codigoerp","message":"Grupo produto 000001 já existe"} | tabela=C000017 | filial=000001
[2026-07-16 16:33:32] [TID=20216] [ERROR] [EXPORT] 3 registro(s) com erro em 0,1s - Erro em Grupos de Produto: 409: {"code":"duplicate_codigoerp","message":"Grupo produto 000001 já existe"} | tabela=C000017 | filial=000001
[2026-07-16 16:33:32] [TID=20216] [INFO] [EXPORT] 16:33:32 | Enviando lote com 7 registro(s) (7 de 7) | tabela=C000005 | filial=000001
[2026-07-16 16:33:32] [TID=20216] [ERROR] [EXPORT] 16:33:32 | Lote falhou: 409: {"code":"duplicate_codigoerp","message":"Região cliente 000002 já existe"} | tabela=C000005 | filial=000001
[2026-07-16 16:33:32] [TID=20216] [ERROR] [EXPORT] 7 registro(s) com erro em 0,0s - Erro em Regioes: 409: {"code":"duplicate_codigoerp","message":"Região cliente 000002 já existe"} | tabela=C000005 | filial=000001
[2026-07-16 16:33:32] [TID=20216] [INFO] [EXPORT] 16:33:32 | Enviando lote com 90 registro(s) (90 de 90) | tabela=C000018 | filial=000001
[2026-07-16 16:33:32] [TID=20216] [ERROR] [EXPORT] 16:33:32 | Lote falhou: 409: {"code":"duplicate_codigoerp","message":"Subgrupo 000001 já existe"} | tabela=C000018 | filial=000001
[2026-07-16 16:33:32] [TID=20216] [ERROR] [EXPORT] 90 registro(s) com erro em 0,0s - Erro em Subgrupos de Produto: 409: {"code":"duplicate_codigoerp","message":"Subgrupo 000001 já existe"} | tabela=C000018 | filial=000001
[2026-07-16 16:35:43] [TID=14940] [INFO] [SYSTEM] Processando eventos
[2026-07-16 16:35:43] [TID=22368] [INFO] [SYSTEM] Registros pendentes: 0
[2026-07-16 16:35:43] [TID=22368] [INFO] [SYNC] === RESUMO ===
--- Log iniciado em 16/07/2026 16:35:51 ---
[2026-07-16 16:35:50] [TID=13288] [INFO] [SYSTEM] Modo banco: INDUSTRIAL
[2026-07-16 16:35:51] [TID=13288] [INFO] [SYSTEM] Processando eventos
[2026-07-16 16:35:51] [TID=19312] [INFO] [SYSTEM] Registros pendentes: 0
[2026-07-16 16:35:51] [TID=19312] [INFO] [SYNC] === RESUMO ===
[2026-07-16 16:36:00] [TID=16184] [INFO] [EXPORT] 16:36:00 | Enviando lote com 788 registro(s) (788 de 788) | tabela=C000007 | filial=000001
[2026-07-16 16:36:00] [TID=16184] [WARN] [SYSTEM] Sanitize removeu 2 char(s) [] em C000007.batch
[2026-07-16 16:36:02] [TID=16184] [INFO] [EXPORT] 16:36:02 | Lote de 788 registro(s) enviado com sucesso | tabela=C000007 | filial=000001
[2026-07-16 16:36:03] [TID=16184] [INFO] [EXPORT] 788 registro(s) sincronizado(s) em 2,5s - Clientes sincronizados com sucesso | tabela=C000007 | filial=000001
[2026-07-16 16:36:03] [TID=16184] [INFO] [EXPORT] 16:36:03 | Enviando lote com 21 registro(s) (21 de 21) | tabela=C000250 | filial=000001
[2026-07-16 16:36:03] [TID=16184] [INFO] [EXPORT] 16:36:03 | Lote de 21 registro(s) enviado com sucesso | tabela=C000250 | filial=000001
[2026-07-16 16:36:03] [TID=16184] [INFO] [EXPORT] 21 registro(s) sincronizado(s) em 0,1s - Acabamentos sincronizados com sucesso | tabela=C000250 | filial=000001
[2026-07-16 16:36:03] [TID=16184] [INFO] [EXPORT] 16:36:03 | Enviando lote com 4 registro(s) (4 de 4) | tabela=C000233 | filial=000001
[2026-07-16 16:36:03] [TID=16184] [INFO] [EXPORT] 16:36:03 | Lote de 4 registro(s) enviado com sucesso | tabela=C000233 | filial=000001
[2026-07-16 16:36:03] [TID=16184] [INFO] [EXPORT] 4 registro(s) sincronizado(s) em 0,1s - Cenarios de Faturamento sincronizados com sucesso | tabela=C000233 | filial=000001
[2026-07-16 16:36:03] [TID=16184] [INFO] [EXPORT] 16:36:03 | Enviando lote com 68 registro(s) (68 de 68) | tabela=C000014 | filial=000001
[2026-07-16 16:36:03] [TID=16184] [INFO] [EXPORT] 16:36:03 | Lote de 68 registro(s) enviado com sucesso | tabela=C000014 | filial=000001
[2026-07-16 16:36:03] [TID=16184] [INFO] [EXPORT] 68 registro(s) sincronizado(s) em 0,2s - Tipos de Pagamento sincronizados com sucesso | tabela=C000014 | filial=000001
[2026-07-16 16:36:03] [TID=16184] [INFO] [EXPORT] 16:36:03 | Enviando lote com 26 registro(s) (26 de 26) | tabela=C000015 | filial=000001
[2026-07-16 16:36:03] [TID=16184] [INFO] [EXPORT] 16:36:03 | Lote de 26 registro(s) enviado com sucesso | tabela=C000015 | filial=000001
[2026-07-16 16:36:03] [TID=16184] [INFO] [EXPORT] 26 registro(s) sincronizado(s) em 0,2s - Condicoes de Pagamento sincronizados com sucesso | tabela=C000015 | filial=000001
[2026-07-16 16:36:03] [TID=16184] [INFO] [EXPORT] 16:36:03 | Enviando lote com 34 registro(s) (34 de 34) | tabela=C000129 | filial=000001
[2026-07-16 16:36:03] [TID=16184] [INFO] [EXPORT] 16:36:03 | Lote de 34 registro(s) enviado com sucesso | tabela=C000129 | filial=000001
[2026-07-16 16:36:03] [TID=16184] [INFO] [EXPORT] 34 registro(s) sincronizado(s) em 0,1s - Cores sincronizados com sucesso | tabela=C000129 | filial=000001
[2026-07-16 16:36:04] [TID=16184] [INFO] [EXPORT] 16:36:04 | Enviando lote com 121 registro(s) (121 de 121) | tabela=C000009 | filial=000001
[2026-07-16 16:36:04] [TID=16184] [INFO] [EXPORT] 16:36:04 | Lote de 121 registro(s) enviado com sucesso | tabela=C000009 | filial=000001
[2026-07-16 16:36:04] [TID=16184] [INFO] [EXPORT] 121 registro(s) sincronizado(s) em 0,3s - Fornecedores sincronizados com sucesso | tabela=C000009 | filial=000001
[2026-07-16 16:36:04] [TID=16184] [INFO] [EXPORT] 16:36:04 | Enviando lote com 2 registro(s) (2 de 2) | tabela=C000144 | filial=000001
[2026-07-16 16:36:04] [TID=16184] [INFO] [EXPORT] 16:36:04 | Lote de 2 registro(s) enviado com sucesso | tabela=C000144 | filial=000001
[2026-07-16 16:36:04] [TID=16184] [INFO] [EXPORT] 2 registro(s) sincronizado(s) em 0,0s - Grupos de Cliente sincronizados com sucesso | tabela=C000144 | filial=000001
[2026-07-16 16:36:04] [TID=16184] [INFO] [EXPORT] 16:36:04 | Enviando lote com 3 registro(s) (3 de 3) | tabela=C000017 | filial=000001
[2026-07-16 16:36:04] [TID=16184] [INFO] [EXPORT] 16:36:04 | Lote de 3 registro(s) enviado com sucesso | tabela=C000017 | filial=000001
[2026-07-16 16:36:04] [TID=16184] [INFO] [EXPORT] 3 registro(s) sincronizado(s) em 0,1s - Grupos de Produto sincronizados com sucesso | tabela=C000017 | filial=000001
[2026-07-16 16:36:04] [TID=16184] [INFO] [EXPORT] 16:36:04 | Enviando lote com 7 registro(s) (7 de 7) | tabela=C000005 | filial=000001
[2026-07-16 16:36:04] [TID=16184] [INFO] [EXPORT] 16:36:04 | Lote de 7 registro(s) enviado com sucesso | tabela=C000005 | filial=000001
[2026-07-16 16:36:04] [TID=16184] [INFO] [EXPORT] 7 registro(s) sincronizado(s) em 0,1s - Regioes sincronizados com sucesso | tabela=C000005 | filial=000001
[2026-07-16 16:36:04] [TID=16184] [INFO] [EXPORT] 16:36:04 | Enviando lote com 90 registro(s) (90 de 90) | tabela=C000018 | filial=000001
[2026-07-16 16:36:04] [TID=16184] [INFO] [EXPORT] 16:36:04 | Lote de 90 registro(s) enviado com sucesso | tabela=C000018 | filial=000001
[2026-07-16 16:36:04] [TID=16184] [INFO] [EXPORT] 90 registro(s) sincronizado(s) em 0,3s - Subgrupos de Produto sincronizados com sucesso | tabela=C000018 | filial=000001
--- Log iniciado em 16/07/2026 17:25:02 ---
[2026-07-16 17:25:02] [TID=11236] [INFO] [SYSTEM] Modo banco: INDUSTRIAL
[2026-07-16 17:25:02] [TID=11236] [INFO] [SYSTEM] Processando eventos
[2026-07-16 17:25:02] [TID=14304] [INFO] [SYSTEM] Registros pendentes: 0
[2026-07-16 17:25:02] [TID=14304] [INFO] [SYNC] === RESUMO ===
--- Log iniciado em 16/07/2026 17:32:57 ---
[2026-07-16 17:32:57] [TID=19320] [INFO] [SYSTEM] Modo banco: INDUSTRIAL
[2026-07-16 17:32:57] [TID=19320] [INFO] [SYSTEM] Processando eventos
[2026-07-16 17:32:57] [TID=20916] [INFO] [SYSTEM] Registros pendentes: 0
[2026-07-16 17:32:57] [TID=20916] [INFO] [SYNC] === RESUMO ===
[2026-07-16 17:33:10] [TID=19320] [INFO] [SYSTEM] Processando eventos
[2026-07-16 17:33:10] [TID=2784] [INFO] [SYSTEM] Registros pendentes: 0
[2026-07-16 17:33:10] [TID=2784] [INFO] [SYNC] === RESUMO ===
[2026-07-16 17:33:29] [TID=8408] [INFO] [AUTH] Autenticado com sucesso | filial=000001
[2026-07-16 17:33:29] [TID=8408] [INFO] [EXPORT] 17:33:29 | Enviando lote com 788 registro(s) (788 de 788) | tabela=C000007 | filial=000001
[2026-07-16 17:33:29] [TID=8408] [WARN] [SYSTEM] Sanitize removeu 2 char(s) [] em C000007.batch
[2026-07-16 17:33:31] [TID=8408] [INFO] [EXPORT] 17:33:31 | Lote de 788 registro(s) enviado com sucesso | tabela=C000007 | filial=000001
[2026-07-16 17:33:32] [TID=8408] [INFO] [EXPORT] 788 registro(s) sincronizado(s) em 2,6s - Clientes sincronizados com sucesso | tabela=C000007 | filial=000001
[2026-07-16 17:33:32] [TID=8408] [INFO] [EXPORT] 17:33:32 | Enviando lote com 21 registro(s) (21 de 21) | tabela=C000250 | filial=000001
[2026-07-16 17:33:32] [TID=8408] [INFO] [EXPORT] 17:33:32 | Lote de 21 registro(s) enviado com sucesso | tabela=C000250 | filial=000001
[2026-07-16 17:33:32] [TID=8408] [INFO] [EXPORT] 21 registro(s) sincronizado(s) em 0,2s - Acabamentos sincronizados com sucesso | tabela=C000250 | filial=000001
[2026-07-16 17:33:32] [TID=8408] [INFO] [EXPORT] 17:33:32 | Enviando lote com 4 registro(s) (4 de 4) | tabela=C000233 | filial=000001
[2026-07-16 17:33:32] [TID=8408] [INFO] [EXPORT] 17:33:32 | Lote de 4 registro(s) enviado com sucesso | tabela=C000233 | filial=000001
[2026-07-16 17:33:32] [TID=8408] [INFO] [EXPORT] 4 registro(s) sincronizado(s) em 0,1s - Cenarios de Faturamento sincronizados com sucesso | tabela=C000233 | filial=000001
[2026-07-16 17:33:32] [TID=8408] [INFO] [EXPORT] 17:33:32 | Enviando lote com 68 registro(s) (68 de 68) | tabela=C000014 | filial=000001
[2026-07-16 17:33:32] [TID=8408] [INFO] [EXPORT] 17:33:32 | Lote de 68 registro(s) enviado com sucesso | tabela=C000014 | filial=000001
[2026-07-16 17:33:32] [TID=8408] [INFO] [EXPORT] 68 registro(s) sincronizado(s) em 0,3s - Tipos de Pagamento sincronizados com sucesso | tabela=C000014 | filial=000001
[2026-07-16 17:33:32] [TID=8408] [INFO] [EXPORT] 17:33:32 | Enviando lote com 26 registro(s) (26 de 26) | tabela=C000015 | filial=000001
[2026-07-16 17:33:32] [TID=8408] [INFO] [EXPORT] 17:33:32 | Lote de 26 registro(s) enviado com sucesso | tabela=C000015 | filial=000001
[2026-07-16 17:33:32] [TID=8408] [INFO] [EXPORT] 26 registro(s) sincronizado(s) em 0,2s - Condicoes de Pagamento sincronizados com sucesso | tabela=C000015 | filial=000001
[2026-07-16 17:33:32] [TID=8408] [INFO] [EXPORT] 17:33:32 | Enviando lote com 34 registro(s) (34 de 34) | tabela=C000129 | filial=000001
[2026-07-16 17:33:32] [TID=8408] [INFO] [EXPORT] 17:33:32 | Lote de 34 registro(s) enviado com sucesso | tabela=C000129 | filial=000001
[2026-07-16 17:33:32] [TID=8408] [INFO] [EXPORT] 34 registro(s) sincronizado(s) em 0,2s - Cores sincronizados com sucesso | tabela=C000129 | filial=000001
[2026-07-16 17:33:32] [TID=8408] [INFO] [EXPORT] 17:33:32 | Enviando lote com 121 registro(s) (121 de 121) | tabela=C000009 | filial=000001
[2026-07-16 17:33:33] [TID=8408] [INFO] [EXPORT] 17:33:33 | Lote de 121 registro(s) enviado com sucesso | tabela=C000009 | filial=000001
[2026-07-16 17:33:33] [TID=8408] [INFO] [EXPORT] 121 registro(s) sincronizado(s) em 0,5s - Fornecedores sincronizados com sucesso | tabela=C000009 | filial=000001
[2026-07-16 17:33:33] [TID=8408] [INFO] [EXPORT] 17:33:33 | Enviando lote com 2 registro(s) (2 de 2) | tabela=C000144 | filial=000001
[2026-07-16 17:33:33] [TID=8408] [INFO] [EXPORT] 17:33:33 | Lote de 2 registro(s) enviado com sucesso | tabela=C000144 | filial=000001
[2026-07-16 17:33:33] [TID=8408] [INFO] [EXPORT] 2 registro(s) sincronizado(s) em 0,1s - Grupos de Cliente sincronizados com sucesso | tabela=C000144 | filial=000001
[2026-07-16 17:33:33] [TID=8408] [INFO] [EXPORT] 17:33:33 | Enviando lote com 3 registro(s) (3 de 3) | tabela=C000017 | filial=000001
[2026-07-16 17:33:33] [TID=8408] [INFO] [EXPORT] 17:33:33 | Lote de 3 registro(s) enviado com sucesso | tabela=C000017 | filial=000001
[2026-07-16 17:33:33] [TID=8408] [INFO] [EXPORT] 3 registro(s) sincronizado(s) em 0,1s - Grupos de Produto sincronizados com sucesso | tabela=C000017 | filial=000001
[2026-07-16 17:33:33] [TID=8408] [INFO] [EXPORT] 17:33:33 | Enviando lote com 7 registro(s) (7 de 7) | tabela=C000005 | filial=000001
[2026-07-16 17:33:33] [TID=8408] [INFO] [EXPORT] 17:33:33 | Lote de 7 registro(s) enviado com sucesso | tabela=C000005 | filial=000001
[2026-07-16 17:33:33] [TID=8408] [INFO] [EXPORT] 7 registro(s) sincronizado(s) em 0,1s - Regiao de Clientes sincronizados com sucesso | tabela=C000005 | filial=000001
[2026-07-16 17:33:33] [TID=8408] [INFO] [EXPORT] 17:33:33 | Enviando lote com 90 registro(s) (90 de 90) | tabela=C000018 | filial=000001
[2026-07-16 17:33:33] [TID=8408] [INFO] [EXPORT] 17:33:33 | Lote de 90 registro(s) enviado com sucesso | tabela=C000018 | filial=000001
[2026-07-16 17:33:34] [TID=8408] [INFO] [EXPORT] 90 registro(s) sincronizado(s) em 0,4s - Subgrupos de Produto sincronizados com sucesso | tabela=C000018 | filial=000001
